重启第 1 次
b'\r\r\n'
b'\r\n'
b'\rWelcome to Ambarella\r\n'
b'\rAmbarella login: \r\r\n'
b'\r\n'
b'\rWelcome to Ambarella\r\n'
b'\rAmbarella login: root\r\n'
b"login[335]: root login on 'ttyS0'\r\r\n"
b'# \r\n'
b'# reboot\r\n'
b'# [ 3059.990056] EXT4-fs (mmcblk0p9): re-mounted. Opts: (null)\r\n'
b'\rThe system is going down NOW!\r\n'
b'\rSent SIGTERM to all processes\r\n'
b'\rSent SIGKILL to all processes\r\n'
b'\rRequesting system reboot\r\n'
b'[ 3062.732876] hub 2-0:1.0: over-current condition\r\n'
b'[ 3062.770210] ambarella-wdt ec002000.wdt: ambarella_wdt_shutdown @ 5.\r\n'
b'[ 3062.776539] reboot: Restarting system\r\n'
b'\x1b[4l\r\n'
b'[    0.000000] Booting Linux on physical CPU 0x0\r\n'
b'[    0.000000] Linux version 4.14.181 (zy@zy-VirtualBox) (gcc version 8.2.1 20180802 (Linaro GCC 8.2-2018.08~dev)) #1 SMP PREEMPT Thu Oct 15 15:36:17 CST 2020\r\n'
b'[    0.000000] Boot CPU: AArch64 Processor [410fd034]\r\n'
b'[    0.000000] Machine model: Ambarella CV22 Walnut Board\r\n'
b'[    0.000000] Reserved memory: created CMA memory pool at 0x000000003cc00000, size 48 MiB\r\n'
b'[    0.000000] OF: reserved mem: initialized node linux,cma, compatible id shared-dma-pool\r\n'
b'[    0.000000] Reserved memory: created CMA memory pool at 0x0000000040000000, size 508 MiB\r\n'
b'[    0.000000] OF: reserved mem: initialized node iav@0x40000000, compatible id shared-dma-pool\r\n'
b'[    0.000000] Reserved memory: created CMA memory pool at 0x0000000060000000, size 508 MiB\r\n'
b'[    0.000000] OF: reserved mem: initialized node cavalry@0x60000000, compatible id shared-dma-pool\r\n'
b'[    0.000000] percpu: Embedded 19 pages/cpu s38552 r8192 d31080 u77824\r\n'
b'[    0.000000] Detected VIPT I-cache on CPU0\r\n'
b'[    0.000000] CPU features: enabling workaround for ARM erratum 845719\r\n'
b'[    0.000000] Built 1 zonelists, mobility grouping on.  Total pages: 515592\r\n'
b'[    0.000000] Kernel command line: console=ttyS0 noinitrd root=/dev/mmcblk0p9 rw rootfstype=ext4 init=/linuxrc rootwait\r\n'
b'[    0.000000] PID hash table entries: 4096 (order: 3, 32768 bytes)\r\n'
b'[    0.000000] Dentry cache hash table entries: 262144 (order: 9, 2097152 bytes)\r\n'
b'[    0.000000] Inode-cache hash table entries: 131072 (order: 8, 1048576 bytes)\r\n'
b'[    0.000000] Memory: 962048K/2095104K available (4670K kernel code, 432K rwdata, 1336K rodata, 320K init, 224K bss, 43520K reserved, 1089536K cma-reserved)\r\n'
b'[    0.000000] Virtual kernel memory layout:\r\n'
b'[    0.000000]     modules : 0xffffff8000000000 - 0xffffff8008000000   (   128 MB)\r\n'
b'[    0.000000]     vmalloc : 0xffffff8008000000 - 0xffffffbebfff0000   (   250 GB)\r\n'
b'[    0.000000]       .text : 0xffffff8008080000 - 0xffffff8008510000   (  4672 KB)\r\n'
b'[    0.000000]     .rodata : 0xffffff8008510000 - 0xffffff8008670000   (  1408 KB)\r\n'
b'[    0.000000]       .init : 0xffffff8008670000 - 0xffffff80086c0000   (   320 KB)\r\n'
b'[    0.000000]       .data : 0xffffff80086c0000 - 0xffffff800872c008   (   433 KB)\r\n'
b'[    0.000000]        .bss : 0xffffff800872c008 - 0xffffff8008764178   (   225 KB)\r\n'
b'[    0.000000]     fixed   : 0xffffffbefe7fb000 - 0xffffffbefec00000   (  4116 KB)\r\n'
b'[    0.000000]     PCI I/O : 0xffffffbefee00000 - 0xffffffbeffe00000   (    16 MB)\r\n'
b'[    0.000000]     vmemmap : 0xffffffbf00000000 - 0xffffffc000000000   (     4 GB maximum)\r\n'
b'[    0.000000]               0xffffffbf00008000 - 0xffffffbf02000000   (    31 MB actual)\r\n'
b'[    0.000000]     memory  : 0xffffffc000200000 - 0xffffffc080000000   (  2046 MB)\r\n'
b'[    0.000000] SLUB: HWalign=64, Order=0-3, MinObjects=0, CPUs=4, Nodes=1\r\n'
b'[    0.000000] Preemptible hierarchical RCU implementation.\r\n'
b'[    0.000000] \tTasks RCU enabled.\r\n'
b'[    0.000000] NR_IRQS: 64, nr_irqs: 64, preallocated irqs: 0\r\n'
b'[    0.000000] CPU features: GIC system register CPU interface present but disabled by higher exception level\r\n'
b'[    0.000000] arch_timer: cp15 timer(s) running at 47.25MHz (virt).\r\n'
b'[    0.000000] clocksource: arch_sys_counter: mask: 0xffffffffffffff max_cycles: 0xae5b54743, max_idle_ns: 440795204480 ns\r\n'
b'[    0.000005] sched_clock: 56 bits at 47MHz, resolution 21ns, wraps every 4398046511098ns\r\n'
b'[    0.000254] Console: colour dummy device 80x25\r\n'
b'[    0.297559] console [ttyS0] enabled\r\n'
b'[    0.301044] Calibrating delay loop (skipped), value calculated using timer frequency.. 94.50 BogoMIPS (lpj=47250)\r\n'
b'[    0.311283] pid_max: default: 32768 minimum: 301\r\n'
b'[    0.315985] Mount-cache hash table entries: 4096 (order: 3, 32768 bytes)\r\n'
b'[    0.322685] Mountpoint-cache hash table entries: 4096 (order: 3, 32768 bytes)\r\n'
b'[    0.333868] ASID allocator initialised with 32768 entries\r\n'
b'[    0.341277] Hierarchical SRCU implementation.\r\n'
b'[    0.349663] smp: Bringing up secondary CPUs ...\r\n'
b'[    0.361285] Detected VIPT I-cache on CPU1\r\n'
b'[    0.365315] CPU1: Booted secondary processor [410fd034]\r\n'
b'[    0.377375] Detected VIPT I-cache on CPU2\r\n'
b'[    0.381386] CPU2: Booted secondary processor [410fd034]\r\n'
b'[    0.393478] Detected VIPT I-cache on CPU3\r\n'
b'[    0.397490] CPU3: Booted secondary processor [410fd034]\r\n'
b'[    0.402769] smp: Brought up 1 node, 4 CPUs\r\n'
b'[    0.406865] SMP: Total of 4 processors activated.\r\n'
b'[    0.411557] CPU features: detected: 32-bit EL0 Support\r\n'
b'[    0.417177] CPU: All CPU(s) started at EL1\r\n'
b'[    0.421277] alternatives: patching kernel code\r\n'
b'[    0.426825] devtmpfs: initialized\r\n'
b'[    0.435916] random: get_random_u32 called from bucket_table_alloc+0x108/0x268 with crng_init=0\r\n'
b'[    0.444853] clocksource: jiffies: mask: 0xffffffff max_cycles: 0xffffffff, max_idle_ns: 1911260446275000 ns\r\n'
b'[    0.454581] futex hash table entries: 1024 (order: 5, 131072 bytes)\r\n'
b'[    0.503089] pinctrl core: initialized pinctrl subsystem\r\n'
b'[    0.508646] NET: Registered protocol family 16\r\n'
b'[    0.513776] vdso: 2 pages (1 code @ ffffff8008515000, 1 data @ ffffff80086c4000)\r\n'
b'[    0.528103] DMA: preallocated 256 KiB pool for atomic allocations\r\n'
b'[    0.537393] ambarella-pinctrl ec003000.pinctrl: Ambarella pinctrl driver registered\r\n'
b'[    0.545752] ambarella-gpio ec003000.pinctrl:gpio@0: Ambarella GPIO driver registered\r\n'
b'[    0.560380] HugeTLB registered 2.00 MiB page size, pre-allocated 0 pages\r\n'
b'[    0.568178] ambarella-dma e0020000.dma: Ambarella DMA Engine \r\n'
b'[    0.574505] ambarella-dma e0021000.dma: Ambarella DMA Engine \r\n'
b'[    0.580735] ambarella-i2c e4008000.i2c: Ambarella I2C adapter[0] probed, clock:100000!\r\n'
b'[    0.588844] ambarella-i2c e4009000.i2c: Ambarella I2C adapter[1] probed, clock:100000!\r\n'
b'[    0.596948] ambarella-i2c e400a000.i2c: Ambarella I2C adapter[2] probed, clock:100000!\r\n'
b'[    0.605048] ambarella-i2c e400b000.i2c: Ambarella I2C adapter[3] probed, clock:100000!\r\n'
b'[    0.613847] clocksource: Switched to clocksource arch_sys_counter\r\n'
b'[    0.626128] NET: Registered protocol family 2\r\n'
b'[    0.630931] TCP established hash table entries: 16384 (order: 5, 131072 bytes)\r\n'
b'[    0.638301] TCP bind hash table entries: 16384 (order: 6, 262144 bytes)\r\n'
b'[    0.645232] TCP: Hash tables configured (established 16384 bind 16384)\r\n'
b'[    0.651877] UDP hash table entries: 1024 (order: 3, 32768 bytes)\r\n'
b'[    0.657930] UDP-Lite hash table entries: 1024 (order: 3, 32768 bytes)\r\n'
b'[    0.664513] NET: Registered protocol family 1\r\n'
b'[    0.669164] RPC: Registered named UNIX socket transport module.\r\n'
b'[    0.675088] RPC: Registered udp transport module.\r\n'
b'[    0.679779] RPC: Registered tcp transport module.\r\n'
b'[    0.684469] RPC: Registered tcp NFSv4.1 backchannel transport module.\r\n'
b'[    0.694561] workingset: timestamp_bits=62 max_order=19 bucket_order=0\r\n'
b'[    0.706687] squashfs: version 4.0 (2009/01/31) Phillip Lougher\r\n'
b'[    0.717137] Block layer SCSI generic (bsg) driver version 0.4 loaded (major 251)\r\n'
b'[    0.724527] io scheduler noop registered\r\n'
b'[    0.728439] io scheduler deadline registered\r\n'
b'[    0.732796] io scheduler cfq registered (default)\r\n'
b'[    0.737489] io scheduler mq-deadline registered\r\n'
b'[    0.742011] io scheduler kyber registered\r\n'
b'[    0.746572] ambarella-gdma e000c000.gdma: Ambarella GDMA driver init\r\n'
b'[    0.753297] e4000000.uart: ttyS0 at MMIO 0xe4000000 (irq = 11, base_baud = 1500000) is a ambuart\r\n'
b'[    0.762381] e0017000.uart: ttyS1 at MMIO 0xe0017000 (irq = 32, base_baud = 1500000) is a ambuart\r\n'
b'[    0.771437] e001a000.uart: ttyS4 at MMIO 0xe001a000 (irq = 33, base_baud = 1500000) is a ambuart\r\n'
b'[    0.780515] cacheinfo: Unable to detect cache hierarchy for CPU 0\r\n'
b'[    0.787191] brd: module loaded\r\n'
b'[    0.796228] loop: module loaded\r\n'
b'[    0.799502] mousedev: PS/2 mouse device common for all mice\r\n'
b'[    0.805400] ambarella-rtc e8001000.rtc: rtc core: registered e8001000.rtc as rtc0\r\n'
b'[    0.812873] ambarella-rtc e8001000.rtc: Warning: RTC lost power.....\r\n'
b'[    0.824491] ambarella-wdt ec002000.wdt: Ambarella Watchdog Timer Probed.\r\n'
b'[    1.184925] ambarella-sd e0004000.sdmmc0: Max frequency is 120000000Hz\r\n'
b'[    1.570894] ambarella-sd e0005000.sdmmc1: Max frequency is 48000000Hz\r\n'
b'[    1.577606] Initializing XFRM netlink socket\r\n'
b'[    1.581881] NET: Registered protocol family 17\r\n'
b'[    1.586346] Key type dns_resolver registered\r\n'
b'[    1.596470] console [netcon0] enabled\r\n'
b'[    1.600142] netconsole: network logging started\r\n'
b'[    1.621588] ambarella-rtc e8001000.rtc: setting system clock to 1970-02-20 06:19:48 UTC (4342788)\r\n'
b'[    1.630836] Waiting for root device /dev/mmcblk0p9...\r\n'
b'[    1.750415] mmc0: new high speed MMC card at address 0001\r\n'
b'[    1.777131] mmcblk0: mmc0:0001 S0J57X 29.6 GiB \r\n'
b'[    1.804099] mmcblk0boot0: mmc0:0001 S0J57X partition 1 31.5 MiB\r\n'
b'[    1.810186] mmcblk0boot1: mmc0:0001 S0J57X partition 2 31.5 MiB\r\n'
b'[    1.826150] mmcblk0rpmb: mmc0:0001 S0J57X partition 3 4.00 MiB, chardev (250:0)\r\n'
b'[    1.845877]  (bst): 0x0000000000000000, 0x0000000000001000\r\n'
b'[    1.851356]  (bld): 0x0000000000001000, 0x0000000000100000\r\n'
b'[    1.856848]  (ptb): 0x0000000000101000, 0x00000000000e0000\r\n'
b'[    1.862335]  (atf): 0x00000000001e1000, 0x0000000000100000\r\n'
b'[    1.867824]  (pba): 0x00000000002e1000, 0x0000000001000000\r\n'
b'[    1.873311]  (pri): 0x00000000012e1000, 0x0000000001000000\r\n'
b'[    1.878798]  (sec): 0x00000000022e1000, 0x0000000040000000\r\n'
b'[    1.884273]  (dsp): 0x00000000422e1000, 0x0000000006400000\r\n'
b'[    1.889748]  (lnx): 0x00000000486e1000, 0x0000000026600000\r\n'
b'[    1.895235]  (add): 0x000000006ece1000, 0x0000000080000000\r\n'
b'[    1.900723]  (raw): 0x00000000eece1000, 0x000000067a31f000\r\n'
b'[    1.906206]  mmcblk0: p1(bst) p2(bld) p3(ptb) p4(atf) p5(pba) p6(pri) p7(sec) p8(dsp) p9(lnx) p10(add) p11(raw)\r\n'
b'[    1.932031] EXT4-fs (mmcblk0p9): mounted filesystem with ordered data mode. Opts: (null)\r\n'
b'[    1.940148] VFS: Mounted root (ext4 filesystem) on device 179:9.\r\n'
b'[    1.946966] devtmpfs: mounted\r\n'
b'[    1.950147] Freeing unused kernel memory: 320K\r\n'
b'[    1.958615] mmc1: new high speed SDHC card at address aaaa\r\n'
b'[    1.964383] mmcblk1: mmc1:aaaa SC32G 29.7 GiB \r\n'
b'[    1.970609] random: fast init done\r\n'
b'[    1.974046]  mmcblk1: p1\r\n'
b'[    2.081485] EXT4-fs (mmcblk0p9): re-mounted. Opts: errors=remount-ro,data=ordered\r\n'
b'net.core.wmem_default = 524288\r\n'
b'net.core.wmem_max = 1048576\r\n'
b'vm.laptop_mode = 0\r\n'
b'vm.min_free_kbytes = 8192\r\n'
b'vm.vfs_cache_pressure = 160\r\n'
b'vm.dirty_expire_centisecs = 600\r\n'
b'vm.dirty_writeback_centisecs = 200\r\n'
b'vm.dirty_ratio = 3\r\n'
b'vm.di[    2.150266] i2c /dev entries driver\r\n'
b'rty_background_ratio = 3\r\n'
b'[    2.162952] ambarella-spi e0011000.spi: Ambarella spi controller 0 created.\r\r\n'
b'[    2.210985] ambad: loading out-of-tree module taints kernel.\r\n'
b'[    2.217203] amba_debug_init 248:0.\r\n'
b'Populating cv22_bmap using udev: Starting version v242-1.amba\r\n'
b'Done\r\n'
b'Loading CV22 private driver: [    2.530860] pps_core: LinuxPPS API ver. 1 registered\r\n'
b'[    2.535879] pps_core: Software ver. 5.3.6 - Copyright 2005-2007 Rodolfo Giometti <giometti@linux.it>\r\n'
b'[    2.552975] pps pps0: new PPS source pps.-1\r\n'
b'[    2.557251] pps pps0: Registered IRQ 39 as PPS source\r\n'
b'[    2.591470] libphy: Fixed MDIO Bus: probed\r\n'
b'[    2.761904] libphy: Ambarella MDIO Bus: probed\r\n'
b'[    2.777801] rtl9000_probe id 1c\r\n'
b'[    2.781020] rtl9000_probe id cb00\r\n'
b'[    2.784470] ambarella-eth e000e000.ethernet: Enhance Ethernet PHY[0]: 0x001ccb00!\r\n'
b'[    2.792552] ambarella-eth e000e000.ethernet: CONFIG_PTP_1588_CLOCK is not set\r\n'
b'[    2.799738] ambarella-eth e000e000.ethernet: MAC Address[a6:cc:e5:36:23:db].\r\n'
b'modprobe: module ambarella_sd not found in modules.dep\r\n'
b'modprobe: module mmc_block not found in modules.dep\r\n'
b'[    2.868164] usbcore: registered new interface driver usbfs\r\n'
b'[    2.873740] usbcore: registered new interface driver hub\r\n'
b'[    2.879236] usbcore: registered new device driver usb\r\n'
b"[    2.897891] ehci_hcd: USB 2.0 'Enhanced' Host Controller (EHCI) Driver\r\n"
b'[    2.911601] EXT4-fs (mmcblk0p8): Unrecognized mount option "flush" or missing value\r\n'
b'[    2.919815] ehci-ambarella: AMBARELLA-EHCI Host Controller driver\r\n'
b'[    2.927188] ambarella-ehci e001f000.ehci: EHCI Host Controller\r\n'
b'[    2.933117] ambarella-ehci e001f000.ehci: new USB bus registered, assigned bus number 1\r\n'
b'[    2.942139] ambarella-ehci e001f000.ehci: irq 26, io mem 0xe001f000\r\n'
b'[    2.954876] ambarella-ehci e001f000.ehci: USB 2.0 started, EHCI 1.00\r\n'
b'[    2.962142] usb usb1: New USB device found, idVendor=1d6b, idProduct=0002\r\n'
b'[    2.969313] usb usb1: New USB device strings: Mfr=3, Product=2, SerialNumber=1\r\n'
b'[    2.976563] usb usb1: Product: EHCI Host Controller\r\n'
b'[    2.981457] usb usb1: Manufacturer: Linux 4.14.181 ehci_hcd\r\n'
b'[    2.981526] EXT4-fs (mmcblk0p7): Unrecognized mount option "flush" or missing value\r\n'
b'[    2.987041] usb usb1: SerialNumber: AmbUSB\r\n'
b'[    3.000144] hub 1-0:1.0: USB hub found\r\n'
b'[    3.004052] hub 1-0:1.0: 1 port detected\r\n'
b"[    3.016948] ohci_hcd: USB 1.1 'Open' Host Controller (OHCI) Driver\r\n"
b'[    3.023398] ambarella-ohci e001e000.ohci: Ambarella OHCI\r\n'
b'[    3.028729] ambarella-ohci e001e000.ohci: new USB bus registered, assigned bus number 2\r\n'
b'[    3.036784] ambarella-ohci e001e000.ohci: irq 25, io mem 0xe001e000\r\n'
b'[    3.053183] FAT-fs (mmcblk1p1): Volume was not properly unmounted. Some data may be corrupt. Please run fsck.\r\n'
b'[    3.099039] usb usb2: New USB device found, idVendor=1d6b, idProduct=0001\r\n'
b'[    3.105825] usb usb2: New USB device strings: Mfr=3, Product=2, SerialNumber=1\r\n'
b'[    3.113033] usb usb2: Product: Ambarella OHCI\r\n'
b'[    3.117379] usb usb2: Manufacturer: Linux 4.14.181 ohci_hcd\r\n'
b'[    3.122940] usb usb2: SerialNumber: AmbUSB\r\n'
b'[    3.127530] hub 2-0:1.0: USB hub found\r\n'
b'[    3.131305] hub 2-0:1.0: 1 port detected\r\n'
b'[    3.145833] ambarella-udc e0006000.udc: ambarella_udc: version 21 Jan 2016\r\n'
b'[    3.181523] using random self ethernet address\r\n'
b'[    3.185972] using random host ethernet address\r\n'
b'[    3.190816] usb0: HOST MAC 96:7c:07:ca:99:ba\r\n'
b'[    3.195165] usb0: MAC c2:e6:e9:a6:f8:b4\r\n'
b'[    3.199026] using random self ethernet address\r\n'
b'[    3.203470] using random host ethernet address\r\n'
b'[    3.207968] g_ether gadget: Ethernet Gadget, version: Memorial Day 2008\r\n'
b'[    3.214574] g_ether gadget: g_ether ready\r\n'
b'Install Auido...\r\n'
b'[    3.316905] usb usb1-port1: over-current condition\r\n'
b'[    3.404986] asoc-simple-card sound: nau8822-hifi <-> e001d000.i2s mapping ok\r\n'
b'[    3.412936] asoc-simple-card sound: amba_dummy_codec <-> e001d000.i2s mapping ok\r\n'
b'[    3.420642] g_ether gadget: high-speed config #2: RNDIS\r\n'
b'OK!\r\n'
b'Initializing random number generator... [    3.568973] random: dd: uninitialized urandom read (512 bytes read)\r\n'
b'done.\r\n'
b'Starting network...\r\n'
b'ip: RTNETLINK answers: File exists\r\n'
b'ifup: interface eth0 already configured\r\n'
b'Starting nginx: OK\r\n'
b'Starting fcgiwrap: OK\r\n'
b'[    3.668337] ambarella_fb bogus_bus:framebuffer@0: 720x480, argb1555, 16 bits per pixel, buf pitch = 1440\r\n'
b'[    3.680711] ambarella_fb bogus_bus:framebuffer@1: 720x480, argb1555, 16 bits per pixel, buf pitch = 1440\r\n'
b'\r\r\n'
b'\r\n'
b'\rWelcome to Ambarella\r\n'
b'\rAmbarella login: '
b''
重启第 2 次
b'\r\r\n'
b'\r\n'
b'\rWelcome to Ambarella\r\n'
b'\rAmbarella login: \r\r\n'
b'\r\n'
b'\rWelcome to Ambarella\r\n'
b'\rAmbarella login: root\r\n'
b"login[334]: root login on 'ttyS0'\r\r\n"
b'# \r\n'
b'# reboot\r\n'
b'# [   29.941295] EXT4-fs (mmcblk0p9): re-mounted. Opts: (null)\r\n'
b'\rThe system is going down NOW!\r\n'
b'\rSent SIGTERM to all processes\r\n'
b'\rSent SIGKILL to all processes\r\n'
b'\rRequesting system reboot\r\n'
b'[   32.644885] hub 2-0:1.0: over-current condition\r\n'
b'[   32.682217] ambarella-wdt ec002000.wdt: ambarella_wdt_shutdown @ 5.\r\n'
b'[   32.688543] reboot: Restarting system\r\n'
b'\x1b[4l\r\n'
b'[    0.000000] Booting Linux on physical CPU 0x0\r\n'
b'[    0.000000] Linux version 4.14.181 (zy@zy-VirtualBox) (gcc version 8.2.1 20180802 (Linaro GCC 8.2-2018.08~dev)) #1 SMP PREEMPT Thu Oct 15 15:36:17 CST 2020\r\n'
b'[    0.000000] Boot CPU: AArch64 Processor [410fd034]\r\n'
b'[    0.000000] Machine model: Ambarella CV22 Walnut Board\r\n'
b'[    0.000000] Reserved memory: created CMA memory pool at 0x000000003cc00000, size 48 MiB\r\n'
b'[    0.000000] OF: reserved mem: initialized node linux,cma, compatible id shared-dma-pool\r\n'
b'[    0.000000] Reserved memory: created CMA memory pool at 0x0000000040000000, size 508 MiB\r\n'
b'[    0.000000] OF: reserved mem: initialized node iav@0x40000000, compatible id shared-dma-pool\r\n'
b'[    0.000000] Reserved memory: created CMA memory pool at 0x0000000060000000, size 508 MiB\r\n'
b'[    0.000000] OF: reserved mem: initialized node cavalry@0x60000000, compatible id shared-dma-pool\r\n'
b'[    0.000000] percpu: Embedded 19 pages/cpu s38552 r8192 d31080 u77824\r\n'
b'[    0.000000] Detected VIPT I-cache on CPU0\r\n'
b'[    0.000000] CPU features: enabling workaround for ARM erratum 845719\r\n'
b'[    0.000000] Built 1 zonelists, mobility grouping on.  Total pages: 515592\r\n'
b'[    0.000000] Kernel command line: console=ttyS0 noinitrd root=/dev/mmcblk0p9 rw rootfstype=ext4 init=/linuxrc rootwait\r\n'
b'[    0.000000] PID hash table entries: 4096 (order: 3, 32768 bytes)\r\n'
b'[    0.000000] Dentry cache hash table entries: 262144 (order: 9, 2097152 bytes)\r\n'
b'[    0.000000] Inode-cache hash table entries: 131072 (order: 8, 1048576 bytes)\r\n'
b'[    0.000000] Memory: 962048K/2095104K available (4670K kernel code, 432K rwdata, 1336K rodata, 320K init, 224K bss, 43520K reserved, 1089536K cma-reserved)\r\n'
b'[    0.000000] Virtual kernel memory layout:\r\n'
b'[    0.000000]     modules : 0xffffff8000000000 - 0xffffff8008000000   (   128 MB)\r\n'
b'[    0.000000]     vmalloc : 0xffffff8008000000 - 0xffffffbebfff0000   (   250 GB)\r\n'
b'[    0.000000]       .text : 0xffffff8008080000 - 0xffffff8008510000   (  4672 KB)\r\n'
b'[    0.000000]     .rodata : 0xffffff8008510000 - 0xffffff8008670000   (  1408 KB)\r\n'
b'[    0.000000]       .init : 0xffffff8008670000 - 0xffffff80086c0000   (   320 KB)\r\n'
b'[    0.000000]       .data : 0xffffff80086c0000 - 0xffffff800872c008   (   433 KB)\r\n'
b'[    0.000000]        .bss : 0xffffff800872c008 - 0xffffff8008764178   (   225 KB)\r\n'
b'[    0.000000]     fixed   : 0xffffffbefe7fb000 - 0xffffffbefec00000   (  4116 KB)\r\n'
b'[    0.000000]     PCI I/O : 0xffffffbefee00000 - 0xffffffbeffe00000   (    16 MB)\r\n'
b'[    0.000000]     vmemmap : 0xffffffbf00000000 - 0xffffffc000000000   (     4 GB maximum)\r\n'
b'[    0.000000]               0xffffffbf00008000 - 0xffffffbf02000000   (    31 MB actual)\r\n'
b'[    0.000000]     memory  : 0xffffffc000200000 - 0xffffffc080000000   (  2046 MB)\r\n'
b'[    0.000000] SLUB: HWalign=64, Order=0-3, MinObjects=0, CPUs=4, Nodes=1\r\n'
b'[    0.000000] Preemptible hierarchical RCU implementation.\r\n'
b'[    0.000000] \tTasks RCU enabled.\r\n'
b'[    0.000000] NR_IRQS: 64, nr_irqs: 64, preallocated irqs: 0\r\n'
b'[    0.000000] CPU features: GIC system register CPU interface present but disabled by higher exception level\r\n'
b'[    0.000000] arch_timer: cp15 timer(s) running at 47.25MHz (virt).\r\n'
b'[    0.000000] clocksource: arch_sys_counter: mask: 0xffffffffffffff max_cycles: 0xae5b54743, max_idle_ns: 440795204480 ns\r\n'
b'[    0.000005] sched_clock: 56 bits at 47MHz, resolution 21ns, wraps every 4398046511098ns\r\n'
b'[    0.000256] Console: colour dummy device 80x25\r\n'
b'[    0.297560] console [ttyS0] enabled\r\n'
b'[    0.301044] Calibrating delay loop (skipped), value calculated using timer frequency.. 94.50 BogoMIPS (lpj=47250)\r\n'
b'[    0.311284] pid_max: default: 32768 minimum: 301\r\n'
b'[    0.315984] Mount-cache hash table entries: 4096 (order: 3, 32768 bytes)\r\n'
b'[    0.322684] Mountpoint-cache hash table entries: 4096 (order: 3, 32768 bytes)\r\n'
b'[    0.333868] ASID allocator initialised with 32768 entries\r\n'
b'[    0.341277] Hierarchical SRCU implementation.\r\n'
b'[    0.349662] smp: Bringing up secondary CPUs ...\r\n'
b'[    0.361284] Detected VIPT I-cache on CPU1\r\n'
b'[    0.365312] CPU1: Booted secondary processor [410fd034]\r\n'
b'[    0.377376] Detected VIPT I-cache on CPU2\r\n'
b'[    0.381388] CPU2: Booted secondary processor [410fd034]\r\n'
b'[    0.393478] Detected VIPT I-cache on CPU3\r\n'
b'[    0.397489] CPU3: Booted secondary processor [410fd034]\r\n'
b'[    0.402767] smp: Brought up 1 node, 4 CPUs\r\n'
b'[    0.406863] SMP: Total of 4 processors activated.\r\n'
b'[    0.411554] CPU features: detected: 32-bit EL0 Support\r\n'
b'[    0.417175] CPU: All CPU(s) started at EL1\r\n'
b'[    0.421274] alternatives: patching kernel code\r\n'
b'[    0.426828] devtmpfs: initialized\r\n'
b'[    0.435919] random: get_random_u32 called from bucket_table_alloc+0x108/0x268 with crng_init=0\r\n'
b'[    0.444856] clocksource: jiffies: mask: 0xffffffff max_cycles: 0xffffffff, max_idle_ns: 1911260446275000 ns\r\n'
b'[    0.454584] futex hash table entries: 1024 (order: 5, 131072 bytes)\r\n'
b'[    0.502911] pinctrl core: initialized pinctrl subsystem\r\n'
b'[    0.508470] NET: Registered protocol family 16\r\n'
b'[    0.513605] vdso: 2 pages (1 code @ ffffff8008515000, 1 data @ ffffff80086c4000)\r\n'
b'[    0.528107] DMA: preallocated 256 KiB pool for atomic allocations\r\n'
b'[    0.537396] ambarella-pinctrl ec003000.pinctrl: Ambarella pinctrl driver registered\r\n'
b'[    0.545750] ambarella-gpio ec003000.pinctrl:gpio@0: Ambarella GPIO driver registered\r\n'
b'[    0.560363] HugeTLB registered 2.00 MiB page size, pre-allocated 0 pages\r\n'
b'[    0.568165] ambarella-dma e0020000.dma: Ambarella DMA Engine \r\n'
b'[    0.574494] ambarella-dma e0021000.dma: Ambarella DMA Engine \r\n'
b'[    0.580726] ambarella-i2c e4008000.i2c: Ambarella I2C adapter[0] probed, clock:100000!\r\n'
b'[    0.588835] ambarella-i2c e4009000.i2c: Ambarella I2C adapter[1] probed, clock:100000!\r\n'
b'[    0.596938] ambarella-i2c e400a000.i2c: Ambarella I2C adapter[2] probed, clock:100000!\r\n'
b'[    0.605036] ambarella-i2c e400b000.i2c: Ambarella I2C adapter[3] probed, clock:100000!\r\n'
b'[    0.613821] clocksource: Switched to clocksource arch_sys_counter\r\n'
b'[    0.626143] NET: Registered protocol family 2\r\n'
b'[    0.630944] TCP established hash table entries: 16384 (order: 5, 131072 bytes)\r\n'
b'[    0.638313] TCP bind hash table entries: 16384 (order: 6, 262144 bytes)\r\n'
b'[    0.645241] TCP: Hash tables configured (established 16384 bind 16384)\r\n'
b'[    0.651887] UDP hash table entries: 1024 (order: 3, 32768 bytes)\r\n'
b'[    0.657939] UDP-Lite hash table entries: 1024 (order: 3, 32768 bytes)\r\n'
b'[    0.664522] NET: Registered protocol family 1\r\n'
b'[    0.669174] RPC: Registered named UNIX socket transport module.\r\n'
b'[    0.675097] RPC: Registered udp transport module.\r\n'
b'[    0.679788] RPC: Registered tcp transport module.\r\n'
b'[    0.684478] RPC: Registered tcp NFSv4.1 backchannel transport module.\r\n'
b'[    0.694604] workingset: timestamp_bits=62 max_order=19 bucket_order=0\r\n'
b'[    0.706734] squashfs: version 4.0 (2009/01/31) Phillip Lougher\r\n'
b'[    0.717101] Block layer SCSI generic (bsg) driver version 0.4 loaded (major 251)\r\n'
b'[    0.724485] io scheduler noop registered\r\n'
b'[    0.728400] io scheduler deadline registered\r\n'
b'[    0.732753] io scheduler cfq registered (default)\r\n'
b'[    0.737451] io scheduler mq-deadline registered\r\n'
b'[    0.741969] io scheduler kyber registered\r\n'
b'[    0.746532] ambarella-gdma e000c000.gdma: Ambarella GDMA driver init\r\n'
b'[    0.753255] e4000000.uart: ttyS0 at MMIO 0xe4000000 (irq = 11, base_baud = 1500000) is a ambuart\r\n'
b'[    0.762337] e0017000.uart: ttyS1 at MMIO 0xe0017000 (irq = 32, base_baud = 1500000) is a ambuart\r\n'
b'[    0.771392] e001a000.uart: ttyS4 at MMIO 0xe001a000 (irq = 33, base_baud = 1500000) is a ambuart\r\n'
b'[    0.780467] cacheinfo: Unable to detect cache hierarchy for CPU 0\r\n'
b'[    0.787138] brd: module loaded\r\n'
b'[    0.796170] loop: module loaded\r\n'
b'[    0.799446] mousedev: PS/2 mouse device common for all mice\r\n'
b'[    0.805339] ambarella-rtc e8001000.rtc: rtc core: registered e8001000.rtc as rtc0\r\n'
b'[    0.812823] ambarella-rtc e8001000.rtc: Warning: RTC lost power.....\r\n'
b'[    0.824466] ambarella-wdt ec002000.wdt: Ambarella Watchdog Timer Probed.\r\n'
b'[    1.183897] ambarella-sd e0004000.sdmmc0: Max frequency is 120000000Hz\r\n'
b'[    1.569866] ambarella-sd e0005000.sdmmc1: Max frequency is 48000000Hz\r\n'
b'[    1.576576] Initializing XFRM netlink socket\r\n'
b'[    1.580852] NET: Registered protocol family 17\r\n'
b'[    1.585313] Key type dns_resolver registered\r\n'
b'[    1.595444] console [netcon0] enabled\r\n'
b'[    1.599117] netconsole: network logging started\r\n'
b'[    1.620554] ambarella-rtc e8001000.rtc: setting system clock to 1970-02-20 06:19:48 UTC (4342788)\r\n'
b'[    1.629794] Waiting for root device /dev/mmcblk0p9...\r\n'
b'[    1.749380] mmc0: new high speed MMC card at address 0001\r\n'
b'[    1.776092] mmcblk0: mmc0:0001 S0J57X 29.6 GiB \r\n'
b'[    1.803059] mmcblk0boot0: mmc0:0001 S0J57X partition 1 31.5 MiB\r\n'
b'[    1.809143] mmcblk0boot1: mmc0:0001 S0J57X partition 2 31.5 MiB\r\n'
b'[    1.825107] mmcblk0rpmb: mmc0:0001 S0J57X partition 3 4.00 MiB, chardev (250:0)\r\n'
b'[    1.844850]  (bst): 0x0000000000000000, 0x0000000000001000\r\n'
b'[    1.850329]  (bld): 0x0000000000001000, 0x0000000000100000\r\n'
b'[    1.855821]  (ptb): 0x0000000000101000, 0x00000000000e0000\r\n'
b'[    1.861307]  (atf): 0x00000000001e1000, 0x0000000000100000\r\n'
b'[    1.866797]  (pba): 0x00000000002e1000, 0x0000000001000000\r\n'
b'[    1.872285]  (pri): 0x00000000012e1000, 0x0000000001000000\r\n'
b'[    1.877771]  (sec): 0x00000000022e1000, 0x0000000040000000\r\n'
b'[    1.883247]  (dsp): 0x00000000422e1000, 0x0000000006400000\r\n'
b'[    1.888722]  (lnx): 0x00000000486e1000, 0x0000000026600000\r\n'
b'[    1.894210]  (add): 0x000000006ece1000, 0x0000000080000000\r\n'
b'[    1.899697]  (raw): 0x00000000eece1000, 0x000000067a31f000\r\n'
b'[    1.905181]  mmcblk0: p1(bst) p2(bld) p3(ptb) p4(atf) p5(pba) p6(pri) p7(sec) p8(dsp) p9(lnx) p10(add) p11(raw)\r\n'
b'[    1.930997] EXT4-fs (mmcblk0p9): mounted filesystem with ordered data mode. Opts: (null)\r\n'
b'[    1.939113] VFS: Mounted root (ext4 filesystem) on device 179:9.\r\n'
b'[    1.945976] devtmpfs: mounted\r\n'
b'[    1.949157] Freeing unused kernel memory: 320K\r\n'
b'[    1.957086] mmc1: new high speed SDHC card at address aaaa\r\n'
b'[    1.962878] mmcblk1: mmc1:aaaa SC32G 29.7 GiB \r\n'
b'[    1.969557] random: fast init done\r\n'
b'[    1.973008]  mmcblk1: p1\r\n'
b'[    2.082739] EXT4-fs (mmcblk0p9): re-mounted. Opts: errors=remount-ro,data=ordered\r\n'
b'net.core.wmem_default = 524288\r\n'
b'net.core.wmem_max = 1048576\r\n'
b'vm.laptop_mode = 0\r\n'
b'vm.min_free_kbytes = 8192\r\n'
b'vm.vfs_cache_pressure = 160\r\n'
b'vm.dirty_expire_centisecs = 600\r\n'
b'vm.dirty_writeback_centisecs = 200\r\n'
b'vm.dirty_ratio = 3\r\n'
b'vm.di[    2.150574] i2c /dev entries driver\r\n'
b'rty_background_ratio = 3\r\n'
b'[    2.163154] ambarella-spi e0011000.spi: Ambarella spi controller 0 created.\r\r\n'
b'[    2.210636] ambad: loading out-of-tree module taints kernel.\r\n'
b'[    2.216890] amba_debug_init 248:0.\r\n'
b'Populating cv22_bmap using udev: Starting version v242-1.amba\r\n'
b'Done\r\n'
b'Loading CV22 private driver: [    2.529557] pps_core: LinuxPPS API ver. 1 registered\r\n'
b'[    2.534529] pps_core: Software ver. 5.3.6 - Copyright 2005-2007 Rodolfo Giometti <giometti@linux.it>\r\n'
b'[    2.554323] pps pps0: new PPS source pps.-1\r\n'
b'[    2.558568] pps pps0: Registered IRQ 39 as PPS source\r\n'
b'[    2.645206] libphy: Fixed MDIO Bus: probed\r\n'
b'[    2.796846] libphy: Ambarella MDIO Bus: probed\r\n'
b'[    2.816196] rtl9000_probe id 1c\r\n'
b'[    2.819459] rtl9000_probe id cb00\r\n'
b'[    2.822883] ambarella-eth e000e000.ethernet: Enhance Ethernet PHY[0]: 0x001ccb00!\r\n'
b'[    2.830906] ambarella-eth e000e000.ethernet: CONFIG_PTP_1588_CLOCK is not set\r\n'
b'[    2.838055] ambarella-eth e000e000.ethernet: MAC Address[0e:67:59:ba:92:2a].\r\n'
b'modprobe: module ambarella_sd not found in modules.dep\r\n'
b'modprobe: module mmc_block not found in modules.dep\r\n'
b'[    2.902619] usbcore: registered new interface driver usbfs\r\n'
b'[    2.905490] EXT4-fs (mmcblk0p8): Unrecognized mount option "flush" or missing value\r\n'
b'[    2.908195] usbcore: registered new interface driver hub\r\n'
b'[    2.921168] usbcore: registered new device driver usb\r\n'
b"[    2.940918] ehci_hcd: USB 2.0 'Enhanced' Host Controller (EHCI) Driver\r\n"
b'[    2.949796] EXT4-fs (mmcblk0p7): Unrecognized mount option "flush" or missing value\r\n'
b'[    2.952184] ehci-ambarella: AMBARELLA-EHCI Host Controller driver\r\n'
b'[    2.963875] ambarella-ehci e001f000.ehci: EHCI Host Controller\r\n'
b'[    2.969770] ambarella-ehci e001f000.ehci: new USB bus registered, assigned bus number 1\r\n'
b'[    2.979011] ambarella-ehci e001f000.ehci: irq 26, io mem 0xe001f000\r\n'
b'[    2.991845] ambarella-ehci e001f000.ehci: USB 2.0 started, EHCI 1.00\r\n'
b'[    2.998387] usb usb1: New USB device found, idVendor=1d6b, idProduct=0002\r\n'
b'[    3.005211] usb usb1: New USB device strings: Mfr=3, Product=2, SerialNumber=1\r\n'
b'[    3.012456] usb usb1: Product: EHCI Host Controller\r\n'
b'[    3.017326] usb usb1: Manufacturer: Linux 4.14.181 ehci_hcd\r\n'
b'[    3.022888] usb usb1: SerialNumber: AmbUSB\r\n'
b'[    3.027784] hub 1-0:1.0: USB hub found\r\n'
b'[    3.031580] hub 1-0:1.0: 1 port detected\r\n'
b"[    3.046590] ohci_hcd: USB 1.1 'Open' Host Controller (OHCI) Driver\r\n"
b'[    3.053096] ambarella-ohci e001e000.ohci: Ambarella OHCI\r\n'
b'[    3.058432] ambarella-ohci e001e000.ohci: new USB bus registered, assigned bus number 2\r\n'
b'[    3.060678] FAT-fs (mmcblk1p1): Volume was not properly unmounted. Some data may be corrupt. Please run fsck.\r\n'
b'[    3.066484] ambarella-ohci e001e000.ohci: irq 25, io mem 0xe001e000\r\n'
b'[    3.139012] usb usb2: New USB device found, idVendor=1d6b, idProduct=0001\r\n'
b'[    3.145822] usb usb2: New USB device strings: Mfr=3, Product=2, SerialNumber=1\r\n'
b'[    3.153031] usb usb2: Product: Ambarella OHCI\r\n'
b'[    3.157378] usb usb2: Manufacturer: Linux 4.14.181 ohci_hcd\r\n'
b'[    3.162939] usb usb2: SerialNumber: AmbUSB\r\n'
b'[    3.167514] hub 2-0:1.0: USB hub found\r\n'
b'[    3.171285] hub 2-0:1.0: 1 port detected\r\n'
b'[    3.185731] ambarella-udc e0006000.udc: ambarella_udc: version 21 Jan 2016\r\n'
b'[    3.221238] using random self ethernet address\r\n'
b'[    3.225682] using random host ethernet address\r\n'
b'[    3.230531] usb0: HOST MAC 0e:9a:d7:01:74:3d\r\n'
b'[    3.234872] usb0: MAC 26:0f:b1:dc:85:2e\r\n'
b'[    3.238727] using random self ethernet address\r\n'
b'[    3.243165] using random host ethernet address\r\n'
b'[    3.247662] g_ether gadget: Ethernet Gadget, version: Memorial Day 2008\r\n'
b'[    3.254268] g_ether gadget: g_ether ready\r\n'
b'Install Auido...\r\n'
b'[    3.347865] usb usb1-port1: over-current condition\r\n'
b'[    3.445311] asoc-simple-card sound: nau8822-hifi <-> e001d000.i2s mapping ok\r\n'
b'[    3.453184] asoc-simple-card sound: amba_dummy_codec <-> e001d000.i2s mapping ok\r\n'
b'[    3.454457] g_ether gadget: high-speed config #2: RNDIS\r\n'
b'OK!\r\n'
b'Initializing random number generator... [    3.607928] random: dd: uninitialized urandom read (512 bytes read)\r\n'
b'done.\r\n'
b'Starting network...\r\n'
b'ip: RTNETLINK answers: File exists\r\n'
b'ifup: interface eth0 already configured\r\n'
b'Starting nginx: OK\r\n'
b'Starting fcgiwrap: OK\r\n'
b'[    3.706312] ambarella_fb bogus_bus:framebuffer@0: 720x480, argb1555, 16 bits per pixel, buf pitch = 1440\r\n'
b'[    3.718812] ambarella_fb bogus_bus:framebuffer@1: 720x480, argb1555, 16 bits per pixel, buf pitch = 1440\r\n'
b'\r\r\n'
b'\r\n'
b'\rWelcome to Ambarella\r\n'
b'\rAmbarella login: '
b''
重启第 3 次
b'\r\r\n'
b'\r\n'
b'\rWelcome to Ambarella\r\n'
b'\rAmbarella login: \r\r\n'
b'\r\n'
b'\rWelcome to Ambarella\r\n'
b'\rAmbarella login: root\r\n'
b"login[333]: root login on 'ttyS0'\r\r\n"
b'# \r\n'
b'# reboot\r\n'
b'# [   29.982294] EXT4-fs (mmcblk0p9): re-mounted. Opts: (null)\r\n'
b'\rThe system is going down NOW!\r\n'
b'\rSent SIGTERM to all processes\r\n'
b'\rSent SIGKILL to all processes\r\n'
b'\rRequesting system reboot\r\n'
b'[   32.691859] hub 2-0:1.0: over-current condition\r\n'
b'[   32.729189] ambarella-wdt ec002000.wdt: ambarella_wdt_shutdown @ 5.\r\n'
b'[   32.735517] reboot: Restarting system\r\n'
b'\x1b[4l\r\n'
b'[    0.000000] Booting Linux on physical CPU 0x0\r\n'
b'[    0.000000] Linux version 4.14.181 (zy@zy-VirtualBox) (gcc version 8.2.1 20180802 (Linaro GCC 8.2-2018.08~dev)) #1 SMP PREEMPT Thu Oct 15 15:36:17 CST 2020\r\n'
b'[    0.000000] Boot CPU: AArch64 Processor [410fd034]\r\n'
b'[    0.000000] Machine model: Ambarella CV22 Walnut Board\r\n'
b'[    0.000000] Reserved memory: created CMA memory pool at 0x000000003cc00000, size 48 MiB\r\n'
b'[    0.000000] OF: reserved mem: initialized node linux,cma, compatible id shared-dma-pool\r\n'
b'[    0.000000] Reserved memory: created CMA memory pool at 0x0000000040000000, size 508 MiB\r\n'
b'[    0.000000] OF: reserved mem: initialized node iav@0x40000000, compatible id shared-dma-pool\r\n'
b'[    0.000000] Reserved memory: created CMA memory pool at 0x0000000060000000, size 508 MiB\r\n'
b'[    0.000000] OF: reserved mem: initialized node cavalry@0x60000000, compatible id shared-dma-pool\r\n'
b'[    0.000000] percpu: Embedded 19 pages/cpu s38552 r8192 d31080 u77824\r\n'
b'[    0.000000] Detected VIPT I-cache on CPU0\r\n'
b'[    0.000000] CPU features: enabling workaround for ARM erratum 845719\r\n'
b'[    0.000000] Built 1 zonelists, mobility grouping on.  Total pages: 515592\r\n'
b'[    0.000000] Kernel command line: console=ttyS0 noinitrd root=/dev/mmcblk0p9 rw rootfstype=ext4 init=/linuxrc rootwait\r\n'
b'[    0.000000] PID hash table entries: 4096 (order: 3, 32768 bytes)\r\n'
b'[    0.000000] Dentry cache hash table entries: 262144 (order: 9, 2097152 bytes)\r\n'
b'[    0.000000] Inode-cache hash table entries: 131072 (order: 8, 1048576 bytes)\r\n'
b'[    0.000000] Memory: 962048K/2095104K available (4670K kernel code, 432K rwdata, 1336K rodata, 320K init, 224K bss, 43520K reserved, 1089536K cma-reserved)\r\n'
b'[    0.000000] Virtual kernel memory layout:\r\n'
b'[    0.000000]     modules : 0xffffff8000000000 - 0xffffff8008000000   (   128 MB)\r\n'
b'[    0.000000]     vmalloc : 0xffffff8008000000 - 0xffffffbebfff0000   (   250 GB)\r\n'
b'[    0.000000]       .text : 0xffffff8008080000 - 0xffffff8008510000   (  4672 KB)\r\n'
b'[    0.000000]     .rodata : 0xffffff8008510000 - 0xffffff8008670000   (  1408 KB)\r\n'
b'[    0.000000]       .init : 0xffffff8008670000 - 0xffffff80086c0000   (   320 KB)\r\n'
b'[    0.000000]       .data : 0xffffff80086c0000 - 0xffffff800872c008   (   433 KB)\r\n'
b'[    0.000000]        .bss : 0xffffff800872c008 - 0xffffff8008764178   (   225 KB)\r\n'
b'[    0.000000]     fixed   : 0xffffffbefe7fb000 - 0xffffffbefec00000   (  4116 KB)\r\n'
b'[    0.000000]     PCI I/O : 0xffffffbefee00000 - 0xffffffbeffe00000   (    16 MB)\r\n'
b'[    0.000000]     vmemmap : 0xffffffbf00000000 - 0xffffffc000000000   (     4 GB maximum)\r\n'
b'[    0.000000]               0xffffffbf00008000 - 0xffffffbf02000000   (    31 MB actual)\r\n'
b'[    0.000000]     memory  : 0xffffffc000200000 - 0xffffffc080000000   (  2046 MB)\r\n'
b'[    0.000000] SLUB: HWalign=64, Order=0-3, MinObjects=0, CPUs=4, Nodes=1\r\n'
b'[    0.000000] Preemptible hierarchical RCU implementation.\r\n'
b'[    0.000000] \tTasks RCU enabled.\r\n'
b'[    0.000000] NR_IRQS: 64, nr_irqs: 64, preallocated irqs: 0\r\n'
b'[    0.000000] CPU features: GIC system register CPU interface present but disabled by higher exception level\r\n'
b'[    0.000000] arch_timer: cp15 timer(s) running at 47.25MHz (virt).\r\n'
b'[    0.000000] clocksource: arch_sys_counter: mask: 0xffffffffffffff max_cycles: 0xae5b54743, max_idle_ns: 440795204480 ns\r\n'
b'[    0.000005] sched_clock: 56 bits at 47MHz, resolution 21ns, wraps every 4398046511098ns\r\n'
b'[    0.000255] Console: colour dummy device 80x25\r\n'
b'[    0.297564] console [ttyS0] enabled\r\n'
b'[    0.301048] Calibrating delay loop (skipped), value calculated using timer frequency.. 94.50 BogoMIPS (lpj=47250)\r\n'
b'[    0.311287] pid_max: default: 32768 minimum: 301\r\n'
b'[    0.315988] Mount-cache hash table entries: 4096 (order: 3, 32768 bytes)\r\n'
b'[    0.322688] Mountpoint-cache hash table entries: 4096 (order: 3, 32768 bytes)\r\n'
b'[    0.333871] ASID allocator initialised with 32768 entries\r\n'
b'[    0.341281] Hierarchical SRCU implementation.\r\n'
b'[    0.349666] smp: Bringing up secondary CPUs ...\r\n'
b'[    0.361288] Detected VIPT I-cache on CPU1\r\n'
b'[    0.365316] CPU1: Booted secondary processor [410fd034]\r\n'
b'[    0.377378] Detected VIPT I-cache on CPU2\r\n'
b'[    0.381390] CPU2: Booted secondary processor [410fd034]\r\n'
b'[    0.393481] Detected VIPT I-cache on CPU3\r\n'
b'[    0.397493] CPU3: Booted secondary processor [410fd034]\r\n'
b'[    0.402771] smp: Brought up 1 node, 4 CPUs\r\n'
b'[    0.406867] SMP: Total of 4 processors activated.\r\n'
b'[    0.411559] CPU features: detected: 32-bit EL0 Support\r\n'
b'[    0.417181] CPU: All CPU(s) started at EL1\r\n'
b'[    0.421281] alternatives: patching kernel code\r\n'
b'[    0.426837] devtmpfs: initialized\r\n'
b'[    0.435926] random: get_random_u32 called from bucket_table_alloc+0x108/0x268 with crng_init=0\r\n'
b'[    0.444864] clocksource: jiffies: mask: 0xffffffff max_cycles: 0xffffffff, max_idle_ns: 1911260446275000 ns\r\n'
b'[    0.454592] futex hash table entries: 1024 (order: 5, 131072 bytes)\r\n'
b'[    0.503117] pinctrl core: initialized pinctrl subsystem\r\n'
b'[    0.508678] NET: Registered protocol family 16\r\n'
b'[    0.513809] vdso: 2 pages (1 code @ ffffff8008515000, 1 data @ ffffff80086c4000)\r\n'
b'[    0.528117] DMA: preallocated 256 KiB pool for atomic allocations\r\n'
b'[    0.537409] ambarella-pinctrl ec003000.pinctrl: Ambarella pinctrl driver registered\r\n'
b'[    0.545769] ambarella-gpio ec003000.pinctrl:gpio@0: Ambarella GPIO driver registered\r\n'
b'[    0.560400] HugeTLB registered 2.00 MiB page size, pre-allocated 0 pages\r\n'
b'[    0.568199] ambarella-dma e0020000.dma: Ambarella DMA Engine \r\n'
b'[    0.574530] ambarella-dma e0021000.dma: Ambarella DMA Engine \r\n'
b'[    0.580760] ambarella-i2c e4008000.i2c: Ambarella I2C adapter[0] probed, clock:100000!\r\n'
b'[    0.588869] ambarella-i2c e4009000.i2c: Ambarella I2C adapter[1] probed, clock:100000!\r\n'
b'[    0.596973] ambarella-i2c e400a000.i2c: Ambarella I2C adapter[2] probed, clock:100000!\r\n'
b'[    0.605070] ambarella-i2c e400b000.i2c: Ambarella I2C adapter[3] probed, clock:100000!\r\n'
b'[    0.613846] clocksource: Switched to clocksource arch_sys_counter\r\n'
b'[    0.626121] NET: Registered protocol family 2\r\n'
b'[    0.630924] TCP established hash table entries: 16384 (order: 5, 131072 bytes)\r\n'
b'[    0.638293] TCP bind hash table entries: 16384 (order: 6, 262144 bytes)\r\n'
b'[    0.645217] TCP: Hash tables configured (established 16384 bind 16384)\r\n'
b'[    0.651865] UDP hash table entries: 1024 (order: 3, 32768 bytes)\r\n'
b'[    0.657918] UDP-Lite hash table entries: 1024 (order: 3, 32768 bytes)\r\n'
b'[    0.664499] NET: Registered protocol family 1\r\n'
b'[    0.669152] RPC: Registered named UNIX socket transport module.\r\n'
b'[    0.675076] RPC: Registered udp transport module.\r\n'
b'[    0.679768] RPC: Registered tcp transport module.\r\n'
b'[    0.684458] RPC: Registered tcp NFSv4.1 backchannel transport module.\r\n'
b'[    0.694580] workingset: timestamp_bits=62 max_order=19 bucket_order=0\r\n'
b'[    0.706707] squashfs: version 4.0 (2009/01/31) Phillip Lougher\r\n'
b'[    0.717188] Block layer SCSI generic (bsg) driver version 0.4 loaded (major 251)\r\n'
b'[    0.724573] io scheduler noop registered\r\n'
b'[    0.728489] io scheduler deadline registered\r\n'
b'[    0.732856] io scheduler cfq registered (default)\r\n'
b'[    0.737549] io scheduler mq-deadline registered\r\n'
b'[    0.742071] io scheduler kyber registered\r\n'
b'[    0.746640] ambarella-gdma e000c000.gdma: Ambarella GDMA driver init\r\n'
b'[    0.753366] e4000000.uart: ttyS0 at MMIO 0xe4000000 (irq = 11, base_baud = 1500000) is a ambuart\r\n'
b'[    0.762448] e0017000.uart: ttyS1 at MMIO 0xe0017000 (irq = 32, base_baud = 1500000) is a ambuart\r\n'
b'[    0.771502] e001a000.uart: ttyS4 at MMIO 0xe001a000 (irq = 33, base_baud = 1500000) is a ambuart\r\n'
b'[    0.780575] cacheinfo: Unable to detect cache hierarchy for CPU 0\r\n'
b'[    0.787257] brd: module loaded\r\n'
b'[    0.796302] loop: module loaded\r\n'
b'[    0.799576] mousedev: PS/2 mouse device common for all mice\r\n'
b'[    0.805468] ambarella-rtc e8001000.rtc: rtc core: registered e8001000.rtc as rtc0\r\n'
b'[    0.812941] ambarella-rtc e8001000.rtc: Warning: RTC lost power.....\r\n'
b'[    0.824495] ambarella-wdt ec002000.wdt: Ambarella Watchdog Timer Probed.\r\n'
b'[    1.184923] ambarella-sd e0004000.sdmmc0: Max frequency is 120000000Hz\r\n'
b'[    1.570893] ambarella-sd e0005000.sdmmc1: Max frequency is 48000000Hz\r\n'
b'[    1.577603] Initializing XFRM netlink socket\r\n'
b'[    1.581879] NET: Registered protocol family 17\r\n'
b'[    1.586340] Key type dns_resolver registered\r\n'
b'[    1.596473] console [netcon0] enabled\r\n'
b'[    1.600146] netconsole: network logging started\r\n'
b'[    1.621581] ambarella-rtc e8001000.rtc: setting system clock to 1970-02-20 06:19:48 UTC (4342788)\r\n'
b'[    1.630819] Waiting for root device /dev/mmcblk0p9...\r\n'
b'[    1.750405] mmc0: new high speed MMC card at address 0001\r\n'
b'[    1.777120] mmcblk0: mmc0:0001 S0J57X 29.6 GiB \r\n'
b'[    1.804088] mmcblk0boot0: mmc0:0001 S0J57X partition 1 31.5 MiB\r\n'
b'[    1.810175] mmcblk0boot1: mmc0:0001 S0J57X partition 2 31.5 MiB\r\n'
b'[    1.826139] mmcblk0rpmb: mmc0:0001 S0J57X partition 3 4.00 MiB, chardev (250:0)\r\n'
b'[    1.845876]  (bst): 0x0000000000000000, 0x0000000000001000\r\n'
b'[    1.851355]  (bld): 0x0000000000001000, 0x0000000000100000\r\n'
b'[    1.856847]  (ptb): 0x0000000000101000, 0x00000000000e0000\r\n'
b'[    1.862334]  (atf): 0x00000000001e1000, 0x0000000000100000\r\n'
b'[    1.867823]  (pba): 0x00000000002e1000, 0x0000000001000000\r\n'
b'[    1.873311]  (pri): 0x00000000012e1000, 0x0000000001000000\r\n'
b'[    1.878798]  (sec): 0x00000000022e1000, 0x0000000040000000\r\n'
b'[    1.884274]  (dsp): 0x00000000422e1000, 0x0000000006400000\r\n'
b'[    1.889748]  (lnx): 0x00000000486e1000, 0x0000000026600000\r\n'
b'[    1.895235]  (add): 0x000000006ece1000, 0x0000000080000000\r\n'
b'[    1.900723]  (raw): 0x00000000eece1000, 0x000000067a31f000\r\n'
b'[    1.906206]  mmcblk0: p1(bst) p2(bld) p3(ptb) p4(atf) p5(pba) p6(pri) p7(sec) p8(dsp) p9(lnx) p10(add) p11(raw)\r\n'
b'[    1.931257] EXT4-fs (mmcblk0p9): mounted filesystem with ordered data mode. Opts: (null)\r\n'
b'[    1.939375] VFS: Mounted root (ext4 filesystem) on device 179:9.\r\n'
b'[    1.946227] devtmpfs: mounted\r\n'
b'[    1.949417] Freeing unused kernel memory: 320K\r\n'
b'[    1.958452] mmc1: new high speed SDHC card at address aaaa\r\n'
b'[    1.964222] mmcblk1: mmc1:aaaa SC32G 29.7 GiB \r\n'
b'[    1.970159] random: fast init done\r\n'
b'[    1.973614]  mmcblk1: p1\r\n'
b'[    2.084693] EXT4-fs (mmcblk0p9): re-mounted. Opts: errors=remount-ro,data=ordered\r\n'
b'net.core.wmem_default = 524288\r\n'
b'net.core.wmem_max = 1048576\r\n'
b'vm.laptop_mode = 0\r\n'
b'vm.min_free_kbytes = 8192\r\n'
b'vm.vfs_cache_pressure = 160\r\n'
b'vm.dirty_expire_centisecs = 600\r\n'
b'vm.dirty_writeback_centisecs = 200\r\n'
b'vm.dirty_ratio = 3\r\n'
b'vm.di[    2.153520] i2c /dev entries driver\r\n'
b'rty_background_ratio = 3\r\n'
b'[    2.165981] ambarella-spi e0011000.spi: Ambarella spi controller 0 created.\r\r\n'
b'[    2.213612] ambad: loading out-of-tree module taints kernel.\r\n'
b'[    2.219832] amba_debug_init 248:0.\r\n'
b'Populating cv22_bmap using udev: Starting version v242-1.amba\r\n'
b'Done\r\n'
b'Loading CV22 private driver: [    2.555420] pps_core: LinuxPPS API ver. 1 registered\r\n'
b'[    2.560411] pps_core: Software ver. 5.3.6 - Copyright 2005-2007 Rodolfo Giometti <giometti@linux.it>\r\n'
b'[    2.582178] pps pps0: new PPS source pps.-1\r\n'
b'[    2.586432] pps pps0: Registered IRQ 39 as PPS source\r\n'
b'[    2.635342] libphy: Fixed MDIO Bus: probed\r\n'
b'[    2.781867] libphy: Ambarella MDIO Bus: probed\r\n'
b'[    2.798537] rtl9000_probe id 1c\r\n'
b'[    2.801788] rtl9000_probe id cb00\r\n'
b'[    2.805324] ambarella-eth e000e000.ethernet: Enhance Ethernet PHY[0]: 0x001ccb00!\r\n'
b'[    2.813528] ambarella-eth e000e000.ethernet: CONFIG_PTP_1588_CLOCK is not set\r\n'
b'[    2.820729] ambarella-eth e000e000.ethernet: MAC Address[9e:88:1b:d7:66:a1].\r\n'
b'modprobe: module ambarella_sd not found in modules.dep\r\n'
b'modprobe: module mmc_block not found in modules.dep\r\n'
b'[    2.904532] usbcore: registered new interface driver usbfs\r\n'
b'[    2.910149] usbcore: registered new interface driver hub\r\n'
b'[    2.915598] usbcore: registered new device driver usb\r\n'
b"[    2.932796] ehci_hcd: USB 2.0 'Enhanced' Host Controller (EHCI) Driver\r\n"
b'[    2.947934] ehci-ambarella: AMBARELLA-EHCI Host Controller driver\r\n'
b'[    2.954319] ambarella-ehci e001f000.ehci: EHCI Host Controller\r\n'
b'[    2.960198] ambarella-ehci e001f000.ehci: new USB bus registered, assigned bus number 1\r\n'
b'[    2.964541] EXT4-fs (mmcblk0p7): Unrecognized mount option "flush" or missing value\r\n'
b'[    2.977671] ambarella-ehci e001f000.ehci: irq 26, io mem 0xe001f000\r\n'
b'[    2.990882] ambarella-ehci e001f000.ehci: USB 2.0 started, EHCI 1.00\r\n'
b'[    2.997474] usb usb1: New USB device found, idVendor=1d6b, idProduct=0002\r\n'
b'[    3.004327] usb usb1: New USB device strings: Mfr=3, Product=2, SerialNumber=1\r\n'
b'[    3.011979] EXT4-fs (mmcblk0p8): Unrecognized mount option "flush" or missing value\r\n'
b'[    3.012491] usb usb1: Product: EHCI Host Controller\r\n'
b'[    3.024514] usb usb1: Manufacturer: Linux 4.14.181 ehci_hcd\r\n'
b'[    3.030124] usb usb1: SerialNumber: AmbUSB\r\n'
b'[    3.035134] hub 1-0:1.0: USB hub found\r\n'
b'[    3.039151] hub 1-0:1.0: 1 port detected\r\n'
b"[    3.052951] ohci_hcd: USB 1.1 'Open' Host Controller (OHCI) Driver\r\n"
b'[    3.059437] ambarella-ohci e001e000.ohci: Ambarella OHCI\r\n'
b'[    3.061325] FAT-fs (mmcblk1p1): Volume was not properly unmounted. Some data may be corrupt. Please run fsck.\r\n'
b'[    3.064773] ambarella-ohci e001e000.ohci: new USB bus registered, assigned bus number 2\r\n'
b'[    3.082681] ambarella-ohci e001e000.ohci: irq 25, io mem 0xe001e000\r\n'
b'[    3.145040] usb usb2: New USB device found, idVendor=1d6b, idProduct=0001\r\n'
b'[    3.151819] usb usb2: New USB device strings: Mfr=3, Product=2, SerialNumber=1\r\n'
b'[    3.159029] usb usb2: Product: Ambarella OHCI\r\n'
b'[    3.163377] usb usb2: Manufacturer: Linux 4.14.181 ohci_hcd\r\n'
b'[    3.168936] usb usb2: SerialNumber: AmbUSB\r\n'
b'[    3.173510] hub 2-0:1.0: USB hub found\r\n'
b'[    3.177280] hub 2-0:1.0: 1 port detected\r\n'
b'[    3.191690] ambarella-udc e0006000.udc: ambarella_udc: version 21 Jan 2016\r\n'
b'[    3.227766] using random self ethernet address\r\n'
b'[    3.232239] using random host ethernet address\r\n'
b'[    3.237110] usb0: HOST MAC a2:bc:e5:22:04:52\r\n'
b'[    3.241454] usb0: MAC be:03:f5:16:44:c9\r\n'
b'[    3.245318] using random self ethernet address\r\n'
b'[    3.249754] using random host ethernet address\r\n'
b'[    3.254252] g_ether gadget: Ethernet Gadget, version: Memorial Day 2008\r\n'
b'[    3.260860] g_ether gadget: g_ether ready\r\n'
b'Install Auido...\r\n'
b'[    3.356900] usb usb1-port1: over-current condition\r\n'
b'[    3.452215] asoc-simple-card sound: nau8822-hifi <-> e001d000.i2s mapping ok\r\n'
b'[    3.460122] asoc-simple-card sound: amba_dummy_codec <-> e001d000.i2s mapping ok\r\n'
b'[    3.460945] g_ether gadget: high-speed config #2: RNDIS\r\n'
b'OK!\r\n'
b'Initializing random number generator... [    3.617058] random: dd: uninitialized urandom read (512 bytes read)\r\n'
b'done.\r\n'
b'Starting network...\r\n'
b'ip: RTNETLINK answers: File exists\r\n'
b'ifup: interface eth0 already configured\r\n'
b'Starting nginx: OK\r\n'
b'Starting fcgiwrap: OK\r\n'
b'[    3.715403] ambarella_fb bogus_bus:framebuffer@0: 720x480, argb1555, 16 bits per pixel, buf pitch = 1440\r\n'
b'[    3.728163] ambarella_fb bogus_bus:framebuffer@1: 720x480, argb1555, 16 bits per pixel, buf pitch = 1440\r\n'
b'\r\r\n'
b'\r\n'
b'\rWelcome to Ambarella\r\n'
b'\rAmbarella login: '
b''
重启第 4 次
b'\r\r\n'
b'\r\n'
b'\rWelcome to Ambarella\r\n'
b'\rAmbarella login: \r\r\n'
b'\r\n'
b'\rWelcome to Ambarella\r\n'
b'\rAmbarella login: root\r\n'
b"login[334]: root login on 'ttyS0'\r\r\n"
b'# \r\n'
b'# reboot\r\n'
b'# [   29.993264] EXT4-fs (mmcblk0p9): re-mounted. Opts: (null)\r\n'
b'\rThe system is going down NOW!\r\n'
b'\rSent SIGTERM to all processes\r\n'
b'\rSent SIGKILL to all processes\r\n'
b'\rRequesting system reboot\r\n'
b'[   32.684883] hub 2-0:1.0: over-current condition\r\n'
b'[   32.722216] ambarella-wdt ec002000.wdt: ambarella_wdt_shutdown @ 5.\r\n'
b'[   32.728544] reboot: Restarting system\r\n'
b'\x1b[4l\r\n'
b'[    0.000000] Booting Linux on physical CPU 0x0\r\n'
b'[    0.000000] Linux version 4.14.181 (zy@zy-VirtualBox) (gcc version 8.2.1 20180802 (Linaro GCC 8.2-2018.08~dev)) #1 SMP PREEMPT Thu Oct 15 15:36:17 CST 2020\r\n'
b'[    0.000000] Boot CPU: AArch64 Processor [410fd034]\r\n'
b'[    0.000000] Machine model: Ambarella CV22 Walnut Board\r\n'
b'[    0.000000] Reserved memory: created CMA memory pool at 0x000000003cc00000, size 48 MiB\r\n'
b'[    0.000000] OF: reserved mem: initialized node linux,cma, compatible id shared-dma-pool\r\n'
b'[    0.000000] Reserved memory: created CMA memory pool at 0x0000000040000000, size 508 MiB\r\n'
b'[    0.000000] OF: reserved mem: initialized node iav@0x40000000, compatible id shared-dma-pool\r\n'
b'[    0.000000] Reserved memory: created CMA memory pool at 0x0000000060000000, size 508 MiB\r\n'
b'[    0.000000] OF: reserved mem: initialized node cavalry@0x60000000, compatible id shared-dma-pool\r\n'
b'[    0.000000] percpu: Embedded 19 pages/cpu s38552 r8192 d31080 u77824\r\n'
b'[    0.000000] Detected VIPT I-cache on CPU0\r\n'
b'[    0.000000] CPU features: enabling workaround for ARM erratum 845719\r\n'
b'[    0.000000] Built 1 zonelists, mobility grouping on.  Total pages: 515592\r\n'
b'[    0.000000] Kernel command line: console=ttyS0 noinitrd root=/dev/mmcblk0p9 rw rootfstype=ext4 init=/linuxrc rootwait\r\n'
b'[    0.000000] PID hash table entries: 4096 (order: 3, 32768 bytes)\r\n'
b'[    0.000000] Dentry cache hash table entries: 262144 (order: 9, 2097152 bytes)\r\n'
b'[    0.000000] Inode-cache hash table entries: 131072 (order: 8, 1048576 bytes)\r\n'
b'[    0.000000] Memory: 962048K/2095104K available (4670K kernel code, 432K rwdata, 1336K rodata, 320K init, 224K bss, 43520K reserved, 1089536K cma-reserved)\r\n'
b'[    0.000000] Virtual kernel memory layout:\r\n'
b'[    0.000000]     modules : 0xffffff8000000000 - 0xffffff8008000000   (   128 MB)\r\n'
b'[    0.000000]     vmalloc : 0xffffff8008000000 - 0xffffffbebfff0000   (   250 GB)\r\n'
b'[    0.000000]       .text : 0xffffff8008080000 - 0xffffff8008510000   (  4672 KB)\r\n'
b'[    0.000000]     .rodata : 0xffffff8008510000 - 0xffffff8008670000   (  1408 KB)\r\n'
b'[    0.000000]       .init : 0xffffff8008670000 - 0xffffff80086c0000   (   320 KB)\r\n'
b'[    0.000000]       .data : 0xffffff80086c0000 - 0xffffff800872c008   (   433 KB)\r\n'
b'[    0.000000]        .bss : 0xffffff800872c008 - 0xffffff8008764178   (   225 KB)\r\n'
b'[    0.000000]     fixed   : 0xffffffbefe7fb000 - 0xffffffbefec00000   (  4116 KB)\r\n'
b'[    0.000000]     PCI I/O : 0xffffffbefee00000 - 0xffffffbeffe00000   (    16 MB)\r\n'
b'[    0.000000]     vmemmap : 0xffffffbf00000000 - 0xffffffc000000000   (     4 GB maximum)\r\n'
b'[    0.000000]               0xffffffbf00008000 - 0xffffffbf02000000   (    31 MB actual)\r\n'
b'[    0.000000]     memory  : 0xffffffc000200000 - 0xffffffc080000000   (  2046 MB)\r\n'
b'[    0.000000] SLUB: HWalign=64, Order=0-3, MinObjects=0, CPUs=4, Nodes=1\r\n'
b'[    0.000000] Preemptible hierarchical RCU implementation.\r\n'
b'[    0.000000] \tTasks RCU enabled.\r\n'
b'[    0.000000] NR_IRQS: 64, nr_irqs: 64, preallocated irqs: 0\r\n'
b'[    0.000000] CPU features: GIC system register CPU interface present but disabled by higher exception level\r\n'
b'[    0.000000] arch_timer: cp15 timer(s) running at 47.25MHz (virt).\r\n'
b'[    0.000000] clocksource: arch_sys_counter: mask: 0xffffffffffffff max_cycles: 0xae5b54743, max_idle_ns: 440795204480 ns\r\n'
b'[    0.000005] sched_clock: 56 bits at 47MHz, resolution 21ns, wraps every 4398046511098ns\r\n'
b'[    0.000255] Console: colour dummy device 80x25\r\n'
b'[    0.297558] console [ttyS0] enabled\r\n'
b'[    0.301042] Calibrating delay loop (skipped), value calculated using timer frequency.. 94.50 BogoMIPS (lpj=47250)\r\n'
b'[    0.311282] pid_max: default: 32768 minimum: 301\r\n'
b'[    0.315984] Mount-cache hash table entries: 4096 (order: 3, 32768 bytes)\r\n'
b'[    0.322684] Mountpoint-cache hash table entries: 4096 (order: 3, 32768 bytes)\r\n'
b'[    0.333868] ASID allocator initialised with 32768 entries\r\n'
b'[    0.341277] Hierarchical SRCU implementation.\r\n'
b'[    0.349662] smp: Bringing up secondary CPUs ...\r\n'
b'[    0.361285] Detected VIPT I-cache on CPU1\r\n'
b'[    0.365313] CPU1: Booted secondary processor [410fd034]\r\n'
b'[    0.377376] Detected VIPT I-cache on CPU2\r\n'
b'[    0.381388] CPU2: Booted secondary processor [410fd034]\r\n'
b'[    0.393480] Detected VIPT I-cache on CPU3\r\n'
b'[    0.397491] CPU3: Booted secondary processor [410fd034]\r\n'
b'[    0.402770] smp: Brought up 1 node, 4 CPUs\r\n'
b'[    0.406866] SMP: Total of 4 processors activated.\r\n'
b'[    0.411557] CPU features: detected: 32-bit EL0 Support\r\n'
b'[    0.417180] CPU: All CPU(s) started at EL1\r\n'
b'[    0.421279] alternatives: patching kernel code\r\n'
b'[    0.426837] devtmpfs: initialized\r\n'
b'[    0.435955] random: get_random_u32 called from bucket_table_alloc+0x108/0x268 with crng_init=0\r\n'
b'[    0.444891] clocksource: jiffies: mask: 0xffffffff max_cycles: 0xffffffff, max_idle_ns: 1911260446275000 ns\r\n'
b'[    0.454620] futex hash table entries: 1024 (order: 5, 131072 bytes)\r\n'
b'[    0.502918] pinctrl core: initialized pinctrl subsystem\r\n'
b'[    0.508478] NET: Registered protocol family 16\r\n'
b'[    0.513612] vdso: 2 pages (1 code @ ffffff8008515000, 1 data @ ffffff80086c4000)\r\n'
b'[    0.528113] DMA: preallocated 256 KiB pool for atomic allocations\r\n'
b'[    0.537398] ambarella-pinctrl ec003000.pinctrl: Ambarella pinctrl driver registered\r\n'
b'[    0.545754] ambarella-gpio ec003000.pinctrl:gpio@0: Ambarella GPIO driver registered\r\n'
b'[    0.560373] HugeTLB registered 2.00 MiB page size, pre-allocated 0 pages\r\n'
b'[    0.568170] ambarella-dma e0020000.dma: Ambarella DMA Engine \r\n'
b'[    0.574497] ambarella-dma e0021000.dma: Ambarella DMA Engine \r\n'
b'[    0.580731] ambarella-i2c e4008000.i2c: Ambarella I2C adapter[0] probed, clock:100000!\r\n'
b'[    0.588841] ambarella-i2c e4009000.i2c: Ambarella I2C adapter[1] probed, clock:100000!\r\n'
b'[    0.596945] ambarella-i2c e400a000.i2c: Ambarella I2C adapter[2] probed, clock:100000!\r\n'
b'[    0.605046] ambarella-i2c e400b000.i2c: Ambarella I2C adapter[3] probed, clock:100000!\r\n'
b'[    0.613831] clocksource: Switched to clocksource arch_sys_counter\r\n'
b'[    0.626115] NET: Registered protocol family 2\r\n'
b'[    0.630916] TCP established hash table entries: 16384 (order: 5, 131072 bytes)\r\n'
b'[    0.638285] TCP bind hash table entries: 16384 (order: 6, 262144 bytes)\r\n'
b'[    0.645230] TCP: Hash tables configured (established 16384 bind 16384)\r\n'
b'[    0.651877] UDP hash table entries: 1024 (order: 3, 32768 bytes)\r\n'
b'[    0.657929] UDP-Lite hash table entries: 1024 (order: 3, 32768 bytes)\r\n'
b'[    0.664511] NET: Registered protocol family 1\r\n'
b'[    0.669160] RPC: Registered named UNIX socket transport module.\r\n'
b'[    0.675083] RPC: Registered udp transport module.\r\n'
b'[    0.679775] RPC: Registered tcp transport module.\r\n'
b'[    0.684465] RPC: Registered tcp NFSv4.1 backchannel transport module.\r\n'
b'[    0.694540] workingset: timestamp_bits=62 max_order=19 bucket_order=0\r\n'
b'[    0.706632] squashfs: version 4.0 (2009/01/31) Phillip Lougher\r\n'
b'[    0.717037] Block layer SCSI generic (bsg) driver version 0.4 loaded (major 251)\r\n'
b'[    0.724421] io scheduler noop registered\r\n'
b'[    0.728338] io scheduler deadline registered\r\n'
b'[    0.732692] io scheduler cfq registered (default)\r\n'
b'[    0.737390] io scheduler mq-deadline registered\r\n'
b'[    0.741908] io scheduler kyber registered\r\n'
b'[    0.746474] ambarella-gdma e000c000.gdma: Ambarella GDMA driver init\r\n'
b'[    0.753208] e4000000.uart: ttyS0 at MMIO 0xe4000000 (irq = 11, base_baud = 1500000) is a ambuart\r\n'
b'[    0.762294] e0017000.uart: ttyS1 at MMIO 0xe0017000 (irq = 32, base_baud = 1500000) is a ambuart\r\n'
b'[    0.771349] e001a000.uart: ttyS4 at MMIO 0xe001a000 (irq = 33, base_baud = 1500000) is a ambuart\r\n'
b'[    0.780426] cacheinfo: Unable to detect cache hierarchy for CPU 0\r\n'
b'[    0.787105] brd: module loaded\r\n'
b'[    0.796137] loop: module loaded\r\n'
b'[    0.799409] mousedev: PS/2 mouse device common for all mice\r\n'
b'[    0.805301] ambarella-rtc e8001000.rtc: rtc core: registered e8001000.rtc as rtc0\r\n'
b'[    0.812772] ambarella-rtc e8001000.rtc: Warning: RTC lost power.....\r\n'
b'[    0.824474] ambarella-wdt ec002000.wdt: Ambarella Watchdog Timer Probed.\r\n'
b'[    1.183907] ambarella-sd e0004000.sdmmc0: Max frequency is 120000000Hz\r\n'
b'[    1.569877] ambarella-sd e0005000.sdmmc1: Max frequency is 48000000Hz\r\n'
b'[    1.576588] Initializing XFRM netlink socket\r\n'
b'[    1.580865] NET: Registered protocol family 17\r\n'
b'[    1.585330] Key type dns_resolver registered\r\n'
b'[    1.595469] console [netcon0] enabled\r\n'
b'[    1.599143] netconsole: network logging started\r\n'
b'[    1.620572] ambarella-rtc e8001000.rtc: setting system clock to 1970-02-20 06:19:48 UTC (4342788)\r\n'
b'[    1.629809] Waiting for root device /dev/mmcblk0p9...\r\n'
b'[    1.749389] mmc0: new high speed MMC card at address 0001\r\n'
b'[    1.776101] mmcblk0: mmc0:0001 S0J57X 29.6 GiB \r\n'
b'[    1.803072] mmcblk0boot0: mmc0:0001 S0J57X partition 1 31.5 MiB\r\n'
b'[    1.809156] mmcblk0boot1: mmc0:0001 S0J57X partition 2 31.5 MiB\r\n'
b'[    1.825120] mmcblk0rpmb: mmc0:0001 S0J57X partition 3 4.00 MiB, chardev (250:0)\r\n'
b'[    1.844861]  (bst): 0x0000000000000000, 0x0000000000001000\r\n'
b'[    1.850340]  (bld): 0x0000000000001000, 0x0000000000100000\r\n'
b'[    1.855832]  (ptb): 0x0000000000101000, 0x00000000000e0000\r\n'
b'[    1.861319]  (atf): 0x00000000001e1000, 0x0000000000100000\r\n'
b'[    1.866808]  (pba): 0x00000000002e1000, 0x0000000001000000\r\n'
b'[    1.872295]  (pri): 0x00000000012e1000, 0x0000000001000000\r\n'
b'[    1.877782]  (sec): 0x00000000022e1000, 0x0000000040000000\r\n'
b'[    1.883258]  (dsp): 0x00000000422e1000, 0x0000000006400000\r\n'
b'[    1.888733]  (lnx): 0x00000000486e1000, 0x0000000026600000\r\n'
b'[    1.894220]  (add): 0x000000006ece1000, 0x0000000080000000\r\n'
b'[    1.899707]  (raw): 0x00000000eece1000, 0x000000067a31f000\r\n'
b'[    1.905190]  mmcblk0: p1(bst) p2(bld) p3(ptb) p4(atf) p5(pba) p6(pri) p7(sec) p8(dsp) p9(lnx) p10(add) p11(raw)\r\n'
b'[    1.931022] EXT4-fs (mmcblk0p9): mounted filesystem with ordered data mode. Opts: (null)\r\n'
b'[    1.939140] VFS: Mounted root (ext4 filesystem) on device 179:9.\r\n'
b'[    1.946011] devtmpfs: mounted\r\n'
b'[    1.949192] Freeing unused kernel memory: 320K\r\n'
b'[    1.957605] mmc1: new high speed SDHC card at address aaaa\r\n'
b'[    1.963373] mmcblk1: mmc1:aaaa SC32G 29.7 GiB \r\n'
b'[    1.969532] random: fast init done\r\n'
b'[    1.972969]  mmcblk1: p1\r\n'
b'[    2.080359] EXT4-fs (mmcblk0p9): re-mounted. Opts: errors=remount-ro,data=ordered\r\n'
b'net.core.wmem_default = 524288\r\n'
b'net.core.wmem_max = 1048576\r\n'
b'vm.laptop_mode = 0\r\n'
b'vm.min_free_kbytes = 8192\r\n'
b'vm.vfs_cache_pressure = 160\r\n'
b'vm.dirty_expire_centisecs = 600\r\n'
b'vm.dirty_writeback_centisecs = 200\r\n'
b'vm.dirty_ratio = 3\r\n'
b'vm.di[    2.149064] i2c /dev entries driver\r\n'
b'rty_background_ratio = 3\r\n'
b'[    2.161897] ambarella-spi e0011000.spi: Ambarella spi controller 0 created.\r\r\n'
b'[    2.209367] ambad: loading out-of-tree module taints kernel.\r\n'
b'[    2.215526] amba_debug_init 248:0.\r\n'
b'Populating cv22_bmap using udev: Starting version v242-1.amba\r\n'
b'Done\r\n'
b'Loading CV22 private driver: [    2.528662] pps_core: LinuxPPS API ver. 1 registered\r\n'
b'[    2.533629] pps_core: Software ver. 5.3.6 - Copyright 2005-2007 Rodolfo Giometti <giometti@linux.it>\r\n'
b'[    2.565604] pps pps0: new PPS source pps.-1\r\n'
b'[    2.569873] pps pps0: Registered IRQ 39 as PPS source\r\n'
b'[    2.615232] libphy: Fixed MDIO Bus: probed\r\n'
b'[    2.763866] libphy: Ambarella MDIO Bus: probed\r\n'
b'[    2.776267] rtl9000_probe id 1c\r\n'
b'[    2.779514] rtl9000_probe id cb00\r\n'
b'[    2.783106] ambarella-eth e000e000.ethernet: Enhance Ethernet PHY[0]: 0x001ccb00!\r\n'
b'[    2.791250] ambarella-eth e000e000.ethernet: CONFIG_PTP_1588_CLOCK is not set\r\n'
b'[    2.798418] ambarella-eth e000e000.ethernet: MAC Address[02:eb:12:84:ae:5e].\r\n'
b'modprobe: module ambarella_sd not found in modules.dep\r\n'
b'modprobe: module mmc_block not found in modules.dep\r\n'
b'[    2.873135] usbcore: registered new interface driver usbfs\r\n'
b'[    2.878719] usbcore: registered new interface driver hub\r\n'
b'[    2.884180] usbcore: registered new device driver usb\r\n'
b"[    2.901334] ehci_hcd: USB 2.0 'Enhanced' Host Controller (EHCI) Driver\r\n"
b'[    2.913281] ehci-ambarella: AMBARELLA-EHCI Host Controller driver\r\n'
b'[    2.919780] ambarella-ehci e001f000.ehci: EHCI Host Controller\r\n'
b'[    2.925677] ambarella-ehci e001f000.ehci: new USB bus registered, assigned bus number 1\r\n'
b'[    2.934744] ambarella-ehci e001f000.ehci: irq 26, io mem 0xe001f000\r\n'
b'[    2.939448] EXT4-fs (mmcblk0p8): Unrecognized mount option "flush" or missing value\r\n'
b'[    2.947859] ambarella-ehci e001f000.ehci: USB 2.0 started, EHCI 1.00\r\n'
b'[    2.955172] usb usb1: New USB device found, idVendor=1d6b, idProduct=0002\r\n'
b'[    2.961977] usb usb1: New USB device strings: Mfr=3, Product=2, SerialNumber=1\r\n'
b'[    2.968574] EXT4-fs (mmcblk0p7): Unrecognized mount option "flush" or missing value\r\n'
b'[    2.969191] usb usb1: Product: EHCI Host Controller\r\n'
b'[    2.981738] usb usb1: Manufacturer: Linux 4.14.181 ehci_hcd\r\n'
b'[    2.987307] usb usb1: SerialNumber: AmbUSB\r\n'
b'[    2.991988] hub 1-0:1.0: USB hub found\r\n'
b'[    2.995773] hub 1-0:1.0: 1 port detected\r\n'
b"[    3.008658] ohci_hcd: USB 1.1 'Open' Host Controller (OHCI) Driver\r\n"
b'[    3.011911] FAT-fs (mmcblk1p1): Volume was not properly unmounted. Some data may be corrupt. Please run fsck.\r\n'
b'[    3.015126] ambarella-ohci e001e000.ohci: Ambarella OHCI\r\n'
b'[    3.030044] ambarella-ohci e001e000.ohci: new USB bus registered, assigned bus number 2\r\n'
b'[    3.038095] ambarella-ohci e001e000.ohci: irq 25, io mem 0xe001e000\r\n'
b'[    3.101008] usb usb2: New USB device found, idVendor=1d6b, idProduct=0001\r\n'
b'[    3.107791] usb usb2: New USB device strings: Mfr=3, Product=2, SerialNumber=1\r\n'
b'[    3.115100] usb usb2: Product: Ambarella OHCI\r\n'
b'[    3.119452] usb usb2: Manufacturer: Linux 4.14.181 ohci_hcd\r\n'
b'[    3.125018] usb usb2: SerialNumber: AmbUSB\r\n'
b'[    3.129583] hub 2-0:1.0: USB hub found\r\n'
b'[    3.133353] hub 2-0:1.0: 1 port detected\r\n'
b'[    3.148003] ambarella-udc e0006000.udc: ambarella_udc: version 21 Jan 2016\r\n'
b'[    3.183713] using random self ethernet address\r\n'
b'[    3.188178] using random host ethernet address\r\n'
b'[    3.193071] usb0: HOST MAC ba:5b:77:ce:dc:ef\r\n'
b'[    3.197436] usb0: MAC b2:04:f7:7f:6a:4f\r\n'
b'[    3.201678] using random self ethernet address\r\n'
b'[    3.206141] using random host ethernet address\r\n'
b'[    3.210658] g_ether gadget: Ethernet Gadget, version: Memorial Day 2008\r\n'
b'[    3.217276] g_ether gadget: g_ether ready\r\n'
b'Install Auido...\r\n'
b'[    3.323877] usb usb1-port1: over-current condition\r\n'
b'[    3.411089] asoc-simple-card sound: nau8822-hifi <-> e001d000.i2s mapping ok\r\n'
b'[    3.414978] g_ether gadget: high-speed config #2: RNDIS\r\n'
b'[    3.418923] asoc-simple-card sound: amba_dummy_codec <-> e001d000.i2s mapping ok\r\n'
b'OK!\r\n'
b'Initializing random number generator... [    3.573375] random: dd: uninitialized urandom read (512 bytes read)\r\n'
b'done.\r\n'
b'Starting network...\r\n'
b'ip: RTNETLINK answers: File exists\r\n'
b'ifup: interface eth0 already configured\r\n'
b'Starting nginx: OK\r\n'
b'Starting fcgiwrap: OK\r\n'
b'[    3.670087] ambarella_fb bogus_bus:framebuffer@0: 720x480, argb1555, 16 bits per pixel, buf pitch = 1440\r\n'
b'[    3.682545] ambarella_fb bogus_bus:framebuffer@1: 720x480, argb1555, 16 bits per pixel, buf pitch = 1440\r\n'
b'\r\r\n'
b'\r\n'
b'\rWelcome to Ambarella\r\n'
b'\rAmbarella login: '
b''
重启第 5 次
b'\r\r\n'
b'\r\n'
b'\rWelcome to Ambarella\r\n'
b'\rAmbarella login: \r\r\n'
b'\r\n'
b'\rWelcome to Ambarella\r\n'
b'\rAmbarella login: root\r\n'
b"login[330]: root login on 'ttyS0'\r\r\n"
b'# \r\n'
b'# reboot\r\n'
b'# [   29.938300] EXT4-fs (mmcblk0p9): re-mounted. Opts: (null)\r\n'
b'\rThe system is going down NOW!\r\n'
b'\rSent SIGTERM to all processes\r\n'
b'\rSent SIGKILL to all processes\r\n'
b'\rRequesting system reboot\r\n'
b'[   32.651867] hub 2-0:1.0: over-current condition\r\n'
b'[   32.689201] ambarella-wdt ec002000.wdt: ambarella_wdt_shutdown @ 5.\r\n'
b'[   32.695529] reboot: Restarting system\r\n'
b'\x1b[4l\r\n'
b'[    0.000000] Booting Linux on physical CPU 0x0\r\n'
b'[    0.000000] Linux version 4.14.181 (zy@zy-VirtualBox) (gcc version 8.2.1 20180802 (Linaro GCC 8.2-2018.08~dev)) #1 SMP PREEMPT Thu Oct 15 15:36:17 CST 2020\r\n'
b'[    0.000000] Boot CPU: AArch64 Processor [410fd034]\r\n'
b'[    0.000000] Machine model: Ambarella CV22 Walnut Board\r\n'
b'[    0.000000] Reserved memory: created CMA memory pool at 0x000000003cc00000, size 48 MiB\r\n'
b'[    0.000000] OF: reserved mem: initialized node linux,cma, compatible id shared-dma-pool\r\n'
b'[    0.000000] Reserved memory: created CMA memory pool at 0x0000000040000000, size 508 MiB\r\n'
b'[    0.000000] OF: reserved mem: initialized node iav@0x40000000, compatible id shared-dma-pool\r\n'
b'[    0.000000] Reserved memory: created CMA memory pool at 0x0000000060000000, size 508 MiB\r\n'
b'[    0.000000] OF: reserved mem: initialized node cavalry@0x60000000, compatible id shared-dma-pool\r\n'
b'[    0.000000] percpu: Embedded 19 pages/cpu s38552 r8192 d31080 u77824\r\n'
b'[    0.000000] Detected VIPT I-cache on CPU0\r\n'
b'[    0.000000] CPU features: enabling workaround for ARM erratum 845719\r\n'
b'[    0.000000] Built 1 zonelists, mobility grouping on.  Total pages: 515592\r\n'
b'[    0.000000] Kernel command line: console=ttyS0 noinitrd root=/dev/mmcblk0p9 rw rootfstype=ext4 init=/linuxrc rootwait\r\n'
b'[    0.000000] PID hash table entries: 4096 (order: 3, 32768 bytes)\r\n'
b'[    0.000000] Dentry cache hash table entries: 262144 (order: 9, 2097152 bytes)\r\n'
b'[    0.000000] Inode-cache hash table entries: 131072 (order: 8, 1048576 bytes)\r\n'
b'[    0.000000] Memory: 962048K/2095104K available (4670K kernel code, 432K rwdata, 1336K rodata, 320K init, 224K bss, 43520K reserved, 1089536K cma-reserved)\r\n'
b'[    0.000000] Virtual kernel memory layout:\r\n'
b'[    0.000000]     modules : 0xffffff8000000000 - 0xffffff8008000000   (   128 MB)\r\n'
b'[    0.000000]     vmalloc : 0xffffff8008000000 - 0xffffffbebfff0000   (   250 GB)\r\n'
b'[    0.000000]       .text : 0xffffff8008080000 - 0xffffff8008510000   (  4672 KB)\r\n'
b'[    0.000000]     .rodata : 0xffffff8008510000 - 0xffffff8008670000   (  1408 KB)\r\n'
b'[    0.000000]       .init : 0xffffff8008670000 - 0xffffff80086c0000   (   320 KB)\r\n'
b'[    0.000000]       .data : 0xffffff80086c0000 - 0xffffff800872c008   (   433 KB)\r\n'
b'[    0.000000]        .bss : 0xffffff800872c008 - 0xffffff8008764178   (   225 KB)\r\n'
b'[    0.000000]     fixed   : 0xffffffbefe7fb000 - 0xffffffbefec00000   (  4116 KB)\r\n'
b'[    0.000000]     PCI I/O : 0xffffffbefee00000 - 0xffffffbeffe00000   (    16 MB)\r\n'
b'[    0.000000]     vmemmap : 0xffffffbf00000000 - 0xffffffc000000000   (     4 GB maximum)\r\n'
b'[    0.000000]               0xffffffbf00008000 - 0xffffffbf02000000   (    31 MB actual)\r\n'
b'[    0.000000]     memory  : 0xffffffc000200000 - 0xffffffc080000000   (  2046 MB)\r\n'
b'[    0.000000] SLUB: HWalign=64, Order=0-3, MinObjects=0, CPUs=4, Nodes=1\r\n'
b'[    0.000000] Preemptible hierarchical RCU implementation.\r\n'
b'[    0.000000] \tTasks RCU enabled.\r\n'
b'[    0.000000] NR_IRQS: 64, nr_irqs: 64, preallocated irqs: 0\r\n'
b'[    0.000000] CPU features: GIC system register CPU interface present but disabled by higher exception level\r\n'
b'[    0.000000] arch_timer: cp15 timer(s) running at 47.25MHz (virt).\r\n'
b'[    0.000000] clocksource: arch_sys_counter: mask: 0xffffffffffffff max_cycles: 0xae5b54743, max_idle_ns: 440795204480 ns\r\n'
b'[    0.000005] sched_clock: 56 bits at 47MHz, resolution 21ns, wraps every 4398046511098ns\r\n'
b'[    0.000254] Console: colour dummy device 80x25\r\n'
b'[    0.297560] console [ttyS0] enabled\r\n'
b'[    0.301044] Calibrating delay loop (skipped), value calculated using timer frequency.. 94.50 BogoMIPS (lpj=47250)\r\n'
b'[    0.311283] pid_max: default: 32768 minimum: 301\r\n'
b'[    0.315985] Mount-cache hash table entries: 4096 (order: 3, 32768 bytes)\r\n'
b'[    0.322684] Mountpoint-cache hash table entries: 4096 (order: 3, 32768 bytes)\r\n'
b'[    0.333867] ASID allocator initialised with 32768 entries\r\n'
b'[    0.341276] Hierarchical SRCU implementation.\r\n'
b'[    0.349662] smp: Bringing up secondary CPUs ...\r\n'
b'[    0.361283] Detected VIPT I-cache on CPU1\r\n'
b'[    0.365310] CPU1: Booted secondary processor [410fd034]\r\n'
b'[    0.377375] Detected VIPT I-cache on CPU2\r\n'
b'[    0.381387] CPU2: Booted secondary processor [410fd034]\r\n'
b'[    0.393477] Detected VIPT I-cache on CPU3\r\n'
b'[    0.397489] CPU3: Booted secondary processor [410fd034]\r\n'
b'[    0.402767] smp: Brought up 1 node, 4 CPUs\r\n'
b'[    0.406862] SMP: Total of 4 processors activated.\r\n'
b'[    0.411555] CPU features: detected: 32-bit EL0 Support\r\n'
b'[    0.417176] CPU: All CPU(s) started at EL1\r\n'
b'[    0.421277] alternatives: patching kernel code\r\n'
b'[    0.426829] devtmpfs: initialized\r\n'
b'[    0.435946] random: get_random_u32 called from bucket_table_alloc+0x108/0x268 with crng_init=0\r\n'
b'[    0.444883] clocksource: jiffies: mask: 0xffffffff max_cycles: 0xffffffff, max_idle_ns: 1911260446275000 ns\r\n'
b'[    0.454611] futex hash table entries: 1024 (order: 5, 131072 bytes)\r\n'
b'[    0.502988] pinctrl core: initialized pinctrl subsystem\r\n'
b'[    0.508549] NET: Registered protocol family 16\r\n'
b'[    0.513680] vdso: 2 pages (1 code @ ffffff8008515000, 1 data @ ffffff80086c4000)\r\n'
b'[    0.528107] DMA: preallocated 256 KiB pool for atomic allocations\r\n'
b'[    0.537389] ambarella-pinctrl ec003000.pinctrl: Ambarella pinctrl driver registered\r\n'
b'[    0.545744] ambarella-gpio ec003000.pinctrl:gpio@0: Ambarella GPIO driver registered\r\n'
b'[    0.560284] HugeTLB registered 2.00 MiB page size, pre-allocated 0 pages\r\n'
b'[    0.568081] ambarella-dma e0020000.dma: Ambarella DMA Engine \r\n'
b'[    0.574411] ambarella-dma e0021000.dma: Ambarella DMA Engine \r\n'
b'[    0.580641] ambarella-i2c e4008000.i2c: Ambarella I2C adapter[0] probed, clock:100000!\r\n'
b'[    0.588747] ambarella-i2c e4009000.i2c: Ambarella I2C adapter[1] probed, clock:100000!\r\n'
b'[    0.596852] ambarella-i2c e400a000.i2c: Ambarella I2C adapter[2] probed, clock:100000!\r\n'
b'[    0.604950] ambarella-i2c e400b000.i2c: Ambarella I2C adapter[3] probed, clock:100000!\r\n'
b'[    0.613738] clocksource: Switched to clocksource arch_sys_counter\r\n'
b'[    0.626060] NET: Registered protocol family 2\r\n'
b'[    0.630859] TCP established hash table entries: 16384 (order: 5, 131072 bytes)\r\n'
b'[    0.638227] TCP bind hash table entries: 16384 (order: 6, 262144 bytes)\r\n'
b'[    0.645154] TCP: Hash tables configured (established 16384 bind 16384)\r\n'
b'[    0.651800] UDP hash table entries: 1024 (order: 3, 32768 bytes)\r\n'
b'[    0.657853] UDP-Lite hash table entries: 1024 (order: 3, 32768 bytes)\r\n'
b'[    0.664433] NET: Registered protocol family 1\r\n'
b'[    0.669082] RPC: Registered named UNIX socket transport module.\r\n'
b'[    0.675006] RPC: Registered udp transport module.\r\n'
b'[    0.679698] RPC: Registered tcp transport module.\r\n'
b'[    0.684388] RPC: Registered tcp NFSv4.1 backchannel transport module.\r\n'
b'[    0.694513] workingset: timestamp_bits=62 max_order=19 bucket_order=0\r\n'
b'[    0.706654] squashfs: version 4.0 (2009/01/31) Phillip Lougher\r\n'
b'[    0.716999] Block layer SCSI generic (bsg) driver version 0.4 loaded (major 251)\r\n'
b'[    0.724383] io scheduler noop registered\r\n'
b'[    0.728300] io scheduler deadline registered\r\n'
b'[    0.732654] io scheduler cfq registered (default)\r\n'
b'[    0.737352] io scheduler mq-deadline registered\r\n'
b'[    0.741870] io scheduler kyber registered\r\n'
b'[    0.746434] ambarella-gdma e000c000.gdma: Ambarella GDMA driver init\r\n'
b'[    0.753152] e4000000.uart: ttyS0 at MMIO 0xe4000000 (irq = 11, base_baud = 1500000) is a ambuart\r\n'
b'[    0.762232] e0017000.uart: ttyS1 at MMIO 0xe0017000 (irq = 32, base_baud = 1500000) is a ambuart\r\n'
b'[    0.771284] e001a000.uart: ttyS4 at MMIO 0xe001a000 (irq = 33, base_baud = 1500000) is a ambuart\r\n'
b'[    0.780359] cacheinfo: Unable to detect cache hierarchy for CPU 0\r\n'
b'[    0.787038] brd: module loaded\r\n'
b'[    0.796127] loop: module loaded\r\n'
b'[    0.799414] mousedev: PS/2 mouse device common for all mice\r\n'
b'[    0.805307] ambarella-rtc e8001000.rtc: rtc core: registered e8001000.rtc as rtc0\r\n'
b'[    0.812780] ambarella-rtc e8001000.rtc: Warning: RTC lost power.....\r\n'
b'[    0.824383] ambarella-wdt ec002000.wdt: Ambarella Watchdog Timer Probed.\r\n'
b'[    1.183816] ambarella-sd e0004000.sdmmc0: Max frequency is 120000000Hz\r\n'
b'[    1.569784] ambarella-sd e0005000.sdmmc1: Max frequency is 48000000Hz\r\n'
b'[    1.576495] Initializing XFRM netlink socket\r\n'
b'[    1.580771] NET: Registered protocol family 17\r\n'
b'[    1.585231] Key type dns_resolver registered\r\n'
b'[    1.595363] console [netcon0] enabled\r\n'
b'[    1.599035] netconsole: network logging started\r\n'
b'[    1.620473] ambarella-rtc e8001000.rtc: setting system clock to 1970-02-20 06:19:48 UTC (4342788)\r\n'
b'[    1.629718] Waiting for root device /dev/mmcblk0p9...\r\n'
b'[    1.749308] mmc0: new high speed MMC card at address 0001\r\n'
b'[    1.776022] mmcblk0: mmc0:0001 S0J57X 29.6 GiB \r\n'
b'[    1.802992] mmcblk0boot0: mmc0:0001 S0J57X partition 1 31.5 MiB\r\n'
b'[    1.809075] mmcblk0boot1: mmc0:0001 S0J57X partition 2 31.5 MiB\r\n'
b'[    1.825040] mmcblk0rpmb: mmc0:0001 S0J57X partition 3 4.00 MiB, chardev (250:0)\r\n'
b'[    1.844768]  (bst): 0x0000000000000000, 0x0000000000001000\r\n'
b'[    1.850248]  (bld): 0x0000000000001000, 0x0000000000100000\r\n'
b'[    1.855740]  (ptb): 0x0000000000101000, 0x00000000000e0000\r\n'
b'[    1.861227]  (atf): 0x00000000001e1000, 0x0000000000100000\r\n'
b'[    1.866716]  (pba): 0x00000000002e1000, 0x0000000001000000\r\n'
b'[    1.872204]  (pri): 0x00000000012e1000, 0x0000000001000000\r\n'
b'[    1.877691]  (sec): 0x00000000022e1000, 0x0000000040000000\r\n'
b'[    1.883167]  (dsp): 0x00000000422e1000, 0x0000000006400000\r\n'
b'[    1.888642]  (lnx): 0x00000000486e1000, 0x0000000026600000\r\n'
b'[    1.894130]  (add): 0x000000006ece1000, 0x0000000080000000\r\n'
b'[    1.899617]  (raw): 0x00000000eece1000, 0x000000067a31f000\r\n'
b'[    1.905100]  mmcblk0: p1(bst) p2(bld) p3(ptb) p4(atf) p5(pba) p6(pri) p7(sec) p8(dsp) p9(lnx) p10(add) p11(raw)\r\n'
b'[    1.930918] EXT4-fs (mmcblk0p9): mounted filesystem with ordered data mode. Opts: (null)\r\n'
b'[    1.939035] VFS: Mounted root (ext4 filesystem) on device 179:9.\r\n'
b'[    1.945915] devtmpfs: mounted\r\n'
b'[    1.949097] Freeing unused kernel memory: 320K\r\n'
b'[    1.957510] mmc1: new high speed SDHC card at address aaaa\r\n'
b'[    1.963277] mmcblk1: mmc1:aaaa SC32G 29.7 GiB \r\n'
b'[    1.969435] random: fast init done\r\n'
b'[    1.972872]  mmcblk1: p1\r\n'
b'[    2.080137] EXT4-fs (mmcblk0p9): re-mounted. Opts: errors=remount-ro,data=ordered\r\n'
b'net.core.wmem_default = 524288\r\n'
b'net.core.wmem_max = 1048576\r\n'
b'vm.laptop_mode = 0\r\n'
b'vm.min_free_kbytes = 8192\r\n'
b'vm.vfs_cache_pressure = 160\r\n'
b'vm.dirty_expire_centisecs = 600\r\n'
b'vm.dirty_writeback_centisecs = 200\r\n'
b'vm.dirty_ratio = 3\r\n'
b'vm.di[    2.148991] i2c /dev entries driver\r\n'
b'rty_background_ratio = 3\r\n'
b'[    2.161519] ambarella-spi e0011000.spi: Ambarella spi controller 0 created.\r\r\n'
b'[    2.208943] ambad: loading out-of-tree module taints kernel.\r\n'
b'[    2.215154] amba_debug_init 248:0.\r\n'
b'Populating cv22_bmap using udev: Starting version v242-1.amba\r\n'
b'Done\r\n'
b'Loading CV22 private driver: [    2.555132] pps_core: LinuxPPS API ver. 1 registered\r\n'
b'[    2.560115] pps_core: Software ver. 5.3.6 - Copyright 2005-2007 Rodolfo Giometti <giometti@linux.it>\r\n'
b'[    2.579943] pps pps0: new PPS source pps.-1\r\n'
b'[    2.584178] pps pps0: Registered IRQ 39 as PPS source\r\n'
b'[    2.686487] libphy: Fixed MDIO Bus: probed\r\n'
b'[    2.829798] libphy: Ambarella MDIO Bus: probed\r\n'
b'[    2.849636] rtl9000_probe id 1c\r\n'
b'[    2.852833] rtl9000_probe id cb00\r\n'
b'[    2.856254] ambarella-eth e000e000.ethernet: Enhance Ethernet PHY[0]: 0x001ccb00!\r\n'
b'[    2.864349] ambarella-eth e000e000.ethernet: CONFIG_PTP_1588_CLOCK is not set\r\n'
b'[    2.871515] ambarella-eth e000e000.ethernet: MAC Address[42:01:5a:16:8f:79].\r\n'
b'[    2.880434] EXT4-fs (mmcblk0p8): Unrecognized mount option "flush" or missing value\r\n'
b'modprobe: module ambarella_sd not found in modules.dep\r\n'
b'[    2.916860] EXT4-fs (mmcblk0p7): Unrecognized mount option "flush" or missing value\r\n'
b'modprobe: module mmc_block not found in modules.dep\r\n'
b'[    2.952415] usbcore: registered new interface driver usbfs\r\n'
b'[    2.957977] usbcore: registered new interface driver hub\r\n'
b'[    2.963389] usbcore: registered new device driver usb\r\n'
b"[    2.974479] ehci_hcd: USB 2.0 'Enhanced' Host Controller (EHCI) Driver\r\n"
b'[    2.986075] ehci-ambarella: AMBARELLA-EHCI Host Controller driver\r\n'
b'[    2.992431] ambarella-ehci e001f000.ehci: EHCI Host Controller\r\n'
b'[    2.998300] ambarella-ehci e001f000.ehci: new USB bus registered, assigned bus number 1\r\n'
b'[    3.007224] ambarella-ehci e001f000.ehci: irq 26, io mem 0xe001f000\r\n'
b'[    3.008319] FAT-fs (mmcblk1p1): Volume was not properly unmounted. Some data may be corrupt. Please run fsck.\r\n'
b'[    3.019761] ambarella-ehci e001f000.ehci: USB 2.0 started, EHCI 1.00\r\n'
b'[    3.029958] usb usb1: New USB device found, idVendor=1d6b, idProduct=0002\r\n'
b'[    3.036760] usb usb1: New USB device strings: Mfr=3, Product=2, SerialNumber=1\r\n'
b'[    3.043969] usb usb1: Product: EHCI Host Controller\r\n'
b'[    3.048839] usb usb1: Manufacturer: Linux 4.14.181 ehci_hcd\r\n'
b'[    3.054404] usb usb1: SerialNumber: AmbUSB\r\n'
b'[    3.059016] hub 1-0:1.0: USB hub found\r\n'
b'[    3.062791] hub 1-0:1.0: 1 port detected\r\n'
b"[    3.077466] ohci_hcd: USB 1.1 'Open' Host Controller (OHCI) Driver\r\n"
b'[    3.083911] ambarella-ohci e001e000.ohci: Ambarella OHCI\r\n'
b'[    3.089231] ambarella-ohci e001e000.ohci: new USB bus registered, assigned bus number 2\r\n'
b'[    3.097279] ambarella-ohci e001e000.ohci: irq 25, io mem 0xe001e000\r\n'
b'[    3.159938] usb usb2: New USB device found, idVendor=1d6b, idProduct=0001\r\n'
b'[    3.166720] usb usb2: New USB device strings: Mfr=3, Product=2, SerialNumber=1\r\n'
b'[    3.173929] usb usb2: Product: Ambarella OHCI\r\n'
b'[    3.178276] usb usb2: Manufacturer: Linux 4.14.181 ohci_hcd\r\n'
b'[    3.183835] usb usb2: SerialNumber: AmbUSB\r\n'
b'[    3.188377] hub 2-0:1.0: USB hub found\r\n'
b'[    3.192147] hub 2-0:1.0: 1 port detected\r\n'
b'[    3.206711] ambarella-udc e0006000.udc: ambarella_udc: version 21 Jan 2016\r\n'
b'[    3.242634] using random self ethernet address\r\n'
b'[    3.247108] using random host ethernet address\r\n'
b'[    3.251988] usb0: HOST MAC 22:72:f2:bf:3b:14\r\n'
b'[    3.256337] usb0: MAC ca:f6:b9:c4:01:8b\r\n'
b'[    3.260197] using random self ethernet address\r\n'
b'[    3.264633] using random host ethernet address\r\n'
b'[    3.269129] g_ether gadget: Ethernet Gadget, version: Memorial Day 2008\r\n'
b'[    3.275763] g_ether gadget: g_ether ready\r\n'
b'Install Auido...\r\n'
b'[    3.379781] usb usb1-port1: over-current condition\r\n'
b'[    3.465680] asoc-simple-card sound: nau8822-hifi <-> e001d000.i2s mapping ok\r\n'
b'[    3.473629] asoc-simple-card sound: amba_dummy_codec <-> e001d000.i2s mapping ok\r\n'
b'[    3.481393] g_ether gadget: high-speed config #2: RNDIS\r\n'
b'OK!\r\n'
b'Initializing random number generator... [    3.631446] random: dd: uninitialized urandom read (512 bytes read)\r\n'
b'done.\r\n'
b'Starting network...\r\n'
b'ip: RTNETLINK answers: File exists\r\n'
b'ifup: interface eth0 already configured\r\n'
b'Starting nginx: OK\r\n'
b'Starting fcgiwrap: OK\r\n'
b'[    3.731260] ambarella_fb bogus_bus:framebuffer@0: 720x480, argb1555, 16 bits per pixel, buf pitch = 1440\r\n'
b'[    3.744874] ambarella_fb bogus_bus:framebuffer@1: 720x480, argb1555, 16 bits per pixel, buf pitch = 1440\r\n'
b'\r\r\n'
b'\r\n'
b'\rWelcome to Ambarella\r\n'
b'\rAmbarella login: '
b''
重启第 6 次
b'\r\r\n'
b'\r\n'
b'\rWelcome to Ambarella\r\n'
b'\rAmbarella login: \r\r\n'
b'\r\n'
b'\rWelcome to Ambarella\r\n'
b'\rAmbarella login: root\r\n'
b"login[332]: root login on 'ttyS0'\r\r\n"
b'# \r\n'
b'# reboot\r\n'
b'# [   30.008174] EXT4-fs (mmcblk0p9): re-mounted. Opts: (null)\r\n'
b'\rThe system is going down NOW!\r\n'
b'\rSent SIGTERM to all processes\r\n'
b'\rSent SIGKILL to all processes\r\n'
b'\rRequesting system reboot\r\n'
b'[   32.707774] hub 2-0:1.0: over-current condition\r\n'
b'[   32.745108] ambarella-wdt ec002000.wdt: ambarella_wdt_shutdown @ 5.\r\n'
b'[   32.751410] reboot: Restarting system\r\n'
b'\x1b[4l\r\n'
b'[    0.000000] Booting Linux on physical CPU 0x0\r\n'
b'[    0.000000] Linux version 4.14.181 (zy@zy-VirtualBox) (gcc version 8.2.1 20180802 (Linaro GCC 8.2-2018.08~dev)) #1 SMP PREEMPT Thu Oct 15 15:36:17 CST 2020\r\n'
b'[    0.000000] Boot CPU: AArch64 Processor [410fd034]\r\n'
b'[    0.000000] Machine model: Ambarella CV22 Walnut Board\r\n'
b'[    0.000000] Reserved memory: created CMA memory pool at 0x000000003cc00000, size 48 MiB\r\n'
b'[    0.000000] OF: reserved mem: initialized node linux,cma, compatible id shared-dma-pool\r\n'
b'[    0.000000] Reserved memory: created CMA memory pool at 0x0000000040000000, size 508 MiB\r\n'
b'[    0.000000] OF: reserved mem: initialized node iav@0x40000000, compatible id shared-dma-pool\r\n'
b'[    0.000000] Reserved memory: created CMA memory pool at 0x0000000060000000, size 508 MiB\r\n'
b'[    0.000000] OF: reserved mem: initialized node cavalry@0x60000000, compatible id shared-dma-pool\r\n'
b'[    0.000000] percpu: Embedded 19 pages/cpu s38552 r8192 d31080 u77824\r\n'
b'[    0.000000] Detected VIPT I-cache on CPU0\r\n'
b'[    0.000000] CPU features: enabling workaround for ARM erratum 845719\r\n'
b'[    0.000000] Built 1 zonelists, mobility grouping on.  Total pages: 515592\r\n'
b'[    0.000000] Kernel command line: console=ttyS0 noinitrd root=/dev/mmcblk0p9 rw rootfstype=ext4 init=/linuxrc rootwait\r\n'
b'[    0.000000] PID hash table entries: 4096 (order: 3, 32768 bytes)\r\n'
b'[    0.000000] Dentry cache hash table entries: 262144 (order: 9, 2097152 bytes)\r\n'
b'[    0.000000] Inode-cache hash table entries: 131072 (order: 8, 1048576 bytes)\r\n'
b'[    0.000000] Memory: 962048K/2095104K available (4670K kernel code, 432K rwdata, 1336K rodata, 320K init, 224K bss, 43520K reserved, 1089536K cma-reserved)\r\n'
b'[    0.000000] Virtual kernel memory layout:\r\n'
b'[    0.000000]     modules : 0xffffff8000000000 - 0xffffff8008000000   (   128 MB)\r\n'
b'[    0.000000]     vmalloc : 0xffffff8008000000 - 0xffffffbebfff0000   (   250 GB)\r\n'
b'[    0.000000]       .text : 0xffffff8008080000 - 0xffffff8008510000   (  4672 KB)\r\n'
b'[    0.000000]     .rodata : 0xffffff8008510000 - 0xffffff8008670000   (  1408 KB)\r\n'
b'[    0.000000]       .init : 0xffffff8008670000 - 0xffffff80086c0000   (   320 KB)\r\n'
b'[    0.000000]       .data : 0xffffff80086c0000 - 0xffffff800872c008   (   433 KB)\r\n'
b'[    0.000000]        .bss : 0xffffff800872c008 - 0xffffff8008764178   (   225 KB)\r\n'
b'[    0.000000]     fixed   : 0xffffffbefe7fb000 - 0xffffffbefec00000   (  4116 KB)\r\n'
b'[    0.000000]     PCI I/O : 0xffffffbefee00000 - 0xffffffbeffe00000   (    16 MB)\r\n'
b'[    0.000000]     vmemmap : 0xffffffbf00000000 - 0xffffffc000000000   (     4 GB maximum)\r\n'
b'[    0.000000]               0xffffffbf00008000 - 0xffffffbf02000000   (    31 MB actual)\r\n'
b'[    0.000000]     memory  : 0xffffffc000200000 - 0xffffffc080000000   (  2046 MB)\r\n'
b'[    0.000000] SLUB: HWalign=64, Order=0-3, MinObjects=0, CPUs=4, Nodes=1\r\n'
b'[    0.000000] Preemptible hierarchical RCU implementation.\r\n'
b'[    0.000000] \tTasks RCU enabled.\r\n'
b'[    0.000000] NR_IRQS: 64, nr_irqs: 64, preallocated irqs: 0\r\n'
b'[    0.000000] CPU features: GIC system register CPU interface present but disabled by higher exception level\r\n'
b'[    0.000000] arch_timer: cp15 timer(s) running at 47.25MHz (virt).\r\n'
b'[    0.000000] clocksource: arch_sys_counter: mask: 0xffffffffffffff max_cycles: 0xae5b54743, max_idle_ns: 440795204480 ns\r\n'
b'[    0.000005] sched_clock: 56 bits at 47MHz, resolution 21ns, wraps every 4398046511098ns\r\n'
b'[    0.000255] Console: colour dummy device 80x25\r\n'
b'[    0.297561] console [ttyS0] enabled\r\n'
b'[    0.301046] Calibrating delay loop (skipped), value calculated using timer frequency.. 94.50 BogoMIPS (lpj=47250)\r\n'
b'[    0.311285] pid_max: default: 32768 minimum: 301\r\n'
b'[    0.315987] Mount-cache hash table entries: 4096 (order: 3, 32768 bytes)\r\n'
b'[    0.322687] Mountpoint-cache hash table entries: 4096 (order: 3, 32768 bytes)\r\n'
b'[    0.333870] ASID allocator initialised with 32768 entries\r\n'
b'[    0.341279] Hierarchical SRCU implementation.\r\n'
b'[    0.349664] smp: Bringing up secondary CPUs ...\r\n'
b'[    0.361287] Detected VIPT I-cache on CPU1\r\n'
b'[    0.365314] CPU1: Booted secondary processor [410fd034]\r\n'
b'[    0.377377] Detected VIPT I-cache on CPU2\r\n'
b'[    0.381389] CPU2: Booted secondary processor [410fd034]\r\n'
b'[    0.393480] Detected VIPT I-cache on CPU3\r\n'
b'[    0.397492] CPU3: Booted secondary processor [410fd034]\r\n'
b'[    0.402770] smp: Brought up 1 node, 4 CPUs\r\n'
b'[    0.406866] SMP: Total of 4 processors activated.\r\n'
b'[    0.411558] CPU features: detected: 32-bit EL0 Support\r\n'
b'[    0.417180] CPU: All CPU(s) started at EL1\r\n'
b'[    0.421280] alternatives: patching kernel code\r\n'
b'[    0.426834] devtmpfs: initialized\r\n'
b'[    0.435935] random: get_random_u32 called from bucket_table_alloc+0x108/0x268 with crng_init=0\r\n'
b'[    0.444875] clocksource: jiffies: mask: 0xffffffff max_cycles: 0xffffffff, max_idle_ns: 1911260446275000 ns\r\n'
b'[    0.454603] futex hash table entries: 1024 (order: 5, 131072 bytes)\r\n'
b'[    0.503090] pinctrl core: initialized pinctrl subsystem\r\n'
b'[    0.508644] NET: Registered protocol family 16\r\n'
b'[    0.513779] vdso: 2 pages (1 code @ ffffff8008515000, 1 data @ ffffff80086c4000)\r\n'
b'[    0.528098] DMA: preallocated 256 KiB pool for atomic allocations\r\n'
b'[    0.537376] ambarella-pinctrl ec003000.pinctrl: Ambarella pinctrl driver registered\r\n'
b'[    0.545735] ambarella-gpio ec003000.pinctrl:gpio@0: Ambarella GPIO driver registered\r\n'
b'[    0.560353] HugeTLB registered 2.00 MiB page size, pre-allocated 0 pages\r\n'
b'[    0.568149] ambarella-dma e0020000.dma: Ambarella DMA Engine \r\n'
b'[    0.574478] ambarella-dma e0021000.dma: Ambarella DMA Engine \r\n'
b'[    0.580709] ambarella-i2c e4008000.i2c: Ambarella I2C adapter[0] probed, clock:100000!\r\n'
b'[    0.588818] ambarella-i2c e4009000.i2c: Ambarella I2C adapter[1] probed, clock:100000!\r\n'
b'[    0.596921] ambarella-i2c e400a000.i2c: Ambarella I2C adapter[2] probed, clock:100000!\r\n'
b'[    0.605022] ambarella-i2c e400b000.i2c: Ambarella I2C adapter[3] probed, clock:100000!\r\n'
b'[    0.613807] clocksource: Switched to clocksource arch_sys_counter\r\n'
b'[    0.626126] NET: Registered protocol family 2\r\n'
b'[    0.630922] TCP established hash table entries: 16384 (order: 5, 131072 bytes)\r\n'
b'[    0.638292] TCP bind hash table entries: 16384 (order: 6, 262144 bytes)\r\n'
b'[    0.645215] TCP: Hash tables configured (established 16384 bind 16384)\r\n'
b'[    0.651860] UDP hash table entries: 1024 (order: 3, 32768 bytes)\r\n'
b'[    0.657914] UDP-Lite hash table entries: 1024 (order: 3, 32768 bytes)\r\n'
b'[    0.664496] NET: Registered protocol family 1\r\n'
b'[    0.669152] RPC: Registered named UNIX socket transport module.\r\n'
b'[    0.675076] RPC: Registered udp transport module.\r\n'
b'[    0.679767] RPC: Registered tcp transport module.\r\n'
b'[    0.684457] RPC: Registered tcp NFSv4.1 backchannel transport module.\r\n'
b'[    0.694551] workingset: timestamp_bits=62 max_order=19 bucket_order=0\r\n'
b'[    0.706675] squashfs: version 4.0 (2009/01/31) Phillip Lougher\r\n'
b'[    0.717068] Block layer SCSI generic (bsg) driver version 0.4 loaded (major 251)\r\n'
b'[    0.724453] io scheduler noop registered\r\n'
b'[    0.728369] io scheduler deadline registered\r\n'
b'[    0.732723] io scheduler cfq registered (default)\r\n'
b'[    0.737421] io scheduler mq-deadline registered\r\n'
b'[    0.741939] io scheduler kyber registered\r\n'
b'[    0.746506] ambarella-gdma e000c000.gdma: Ambarella GDMA driver init\r\n'
b'[    0.753229] e4000000.uart: ttyS0 at MMIO 0xe4000000 (irq = 11, base_baud = 1500000) is a ambuart\r\n'
b'[    0.762311] e0017000.uart: ttyS1 at MMIO 0xe0017000 (irq = 32, base_baud = 1500000) is a ambuart\r\n'
b'[    0.771364] e001a000.uart: ttyS4 at MMIO 0xe001a000 (irq = 33, base_baud = 1500000) is a ambuart\r\n'
b'[    0.780437] cacheinfo: Unable to detect cache hierarchy for CPU 0\r\n'
b'[    0.787115] brd: module loaded\r\n'
b'[    0.796173] loop: module loaded\r\n'
b'[    0.799460] mousedev: PS/2 mouse device common for all mice\r\n'
b'[    0.805350] ambarella-rtc e8001000.rtc: rtc core: registered e8001000.rtc as rtc0\r\n'
b'[    0.812823] ambarella-rtc e8001000.rtc: Warning: RTC lost power.....\r\n'
b'[    0.824451] ambarella-wdt ec002000.wdt: Ambarella Watchdog Timer Probed.\r\n'
b'[    1.184883] ambarella-sd e0004000.sdmmc0: Max frequency is 120000000Hz\r\n'
b'[    1.570853] ambarella-sd e0005000.sdmmc1: Max frequency is 48000000Hz\r\n'
b'[    1.577563] Initializing XFRM netlink socket\r\n'
b'[    1.581838] NET: Registered protocol family 17\r\n'
b'[    1.586300] Key type dns_resolver registered\r\n'
b'[    1.596438] console [netcon0] enabled\r\n'
b'[    1.600111] netconsole: network logging started\r\n'
b'[    1.621540] ambarella-rtc e8001000.rtc: setting system clock to 1970-02-20 06:19:48 UTC (4342788)\r\n'
b'[    1.630779] Waiting for root device /dev/mmcblk0p9...\r\n'
b'[    1.750367] mmc0: new high speed MMC card at address 0001\r\n'
b'[    1.777081] mmcblk0: mmc0:0001 S0J57X 29.6 GiB \r\n'
b'[    1.804048] mmcblk0boot0: mmc0:0001 S0J57X partition 1 31.5 MiB\r\n'
b'[    1.810133] mmcblk0boot1: mmc0:0001 S0J57X partition 2 31.5 MiB\r\n'
b'[    1.826098] mmcblk0rpmb: mmc0:0001 S0J57X partition 3 4.00 MiB, chardev (250:0)\r\n'
b'[    1.845837]  (bst): 0x0000000000000000, 0x0000000000001000\r\n'
b'[    1.851316]  (bld): 0x0000000000001000, 0x0000000000100000\r\n'
b'[    1.856808]  (ptb): 0x0000000000101000, 0x00000000000e0000\r\n'
b'[    1.862295]  (atf): 0x00000000001e1000, 0x0000000000100000\r\n'
b'[    1.867783]  (pba): 0x00000000002e1000, 0x0000000001000000\r\n'
b'[    1.873271]  (pri): 0x00000000012e1000, 0x0000000001000000\r\n'
b'[    1.878757]  (sec): 0x00000000022e1000, 0x0000000040000000\r\n'
b'[    1.884233]  (dsp): 0x00000000422e1000, 0x0000000006400000\r\n'
b'[    1.889708]  (lnx): 0x00000000486e1000, 0x0000000026600000\r\n'
b'[    1.895196]  (add): 0x000000006ece1000, 0x0000000080000000\r\n'
b'[    1.900684]  (raw): 0x00000000eece1000, 0x000000067a31f000\r\n'
b'[    1.906168]  mmcblk0: p1(bst) p2(bld) p3(ptb) p4(atf) p5(pba) p6(pri) p7(sec) p8(dsp) p9(lnx) p10(add) p11(raw)\r\n'
b'[    1.931214] EXT4-fs (mmcblk0p9): mounted filesystem with ordered data mode. Opts: (null)\r\n'
b'[    1.939331] VFS: Mounted root (ext4 filesystem) on device 179:9.\r\n'
b'[    1.946230] devtmpfs: mounted\r\n'
b'[    1.949411] Freeing unused kernel memory: 320K\r\n'
b'[    1.958073] mmc1: new high speed SDHC card at address aaaa\r\n'
b'[    1.963856] mmcblk1: mmc1:aaaa SC32G 29.7 GiB \r\n'
b'[    1.970038] random: fast init done\r\n'
b'[    1.973493]  mmcblk1: p1\r\n'
b'[    2.079956] EXT4-fs (mmcblk0p9): re-mounted. Opts: errors=remount-ro,data=ordered\r\n'
b'net.core.wmem_default = 524288\r\n'
b'net.core.wmem_max = 1048576\r\n'
b'vm.laptop_mode = 0\r\n'
b'vm.min_free_kbytes = 8192\r\n'
b'vm.vfs_cache_pressure = 160\r\n'
b'vm.dirty_expire_centisecs = 600\r\n'
b'vm.dirty_writeback_centisecs = 200\r\n'
b'vm.dirty_ratio = 3\r\n'
b'vm.di[    2.148673] i2c /dev entries driver\r\n'
b'rty_background_ratio = 3\r\n'
b'[    2.161222] ambarella-spi e0011000.spi: Ambarella spi controller 0 created.\r\r\n'
b'[    2.208790] ambad: loading out-of-tree module taints kernel.\r\n'
b'[    2.215064] amba_debug_init 248:0.\r\n'
b'Populating cv22_bmap using udev: Starting version v242-1.amba\r\n'
b'Done\r\n'
b'Loading CV22 private driver: [    2.533133] pps_core: LinuxPPS API ver. 1 registered\r\n'
b'[    2.538101] pps_core: Software ver. 5.3.6 - Copyright 2005-2007 Rodolfo Giometti <giometti@linux.it>\r\n'
b'[    2.555839] pps pps0: new PPS source pps.-1\r\n'
b'[    2.560122] pps pps0: Registered IRQ 39 as PPS source\r\n'
b'[    2.602979] libphy: Fixed MDIO Bus: probed\r\n'
b'[    2.740856] libphy: Ambarella MDIO Bus: probed\r\n'
b'[    2.758007] rtl9000_probe id 1c\r\n'
b'[    2.761288] rtl9000_probe id cb00\r\n'
b'[    2.764774] ambarella-eth e000e000.ethernet: Enhance Ethernet PHY[0]: 0x001ccb00!\r\n'
b'[    2.774235] ambarella-eth e000e000.ethernet: CONFIG_PTP_1588_CLOCK is not set\r\n'
b'[    2.781684] ambarella-eth e000e000.ethernet: MAC Address[0a:c1:cb:d5:96:bc].\r\n'
b'modprobe: module ambarella_sd not found in modules.dep\r\n'
b'modprobe: module mmc_block not found in modules.dep\r\n'
b'[    2.858598] usbcore: registered new interface driver usbfs\r\n'
b'[    2.864230] usbcore: registered new interface driver hub\r\n'
b'[    2.869734] usbcore: registered new device driver usb\r\n'
b"[    2.890281] ehci_hcd: USB 2.0 'Enhanced' Host Controller (EHCI) Driver\r\n"
b'[    2.903838] ehci-ambarella: AMBARELLA-EHCI Host Controller driver\r\n'
b'[    2.910298] ambarella-ehci e001f000.ehci: EHCI Host Controller\r\n'
b'[    2.916172] ambarella-ehci e001f000.ehci: new USB bus registered, assigned bus number 1\r\n'
b'[    2.926699] ambarella-ehci e001f000.ehci: irq 26, io mem 0xe001f000\r\n'
b'[    2.937534] EXT4-fs (mmcblk0p8): Unrecognized mount option "flush" or missing value\r\n'
b'[    2.939831] ambarella-ehci e001f000.ehci: USB 2.0 started, EHCI 1.00\r\n'
b'[    2.951886] usb usb1: New USB device found, idVendor=1d6b, idProduct=0002\r\n'
b'[    2.958683] usb usb1: New USB device strings: Mfr=3, Product=2, SerialNumber=1\r\n'
b'[    2.965924] usb usb1: Product: EHCI Host Controller\r\n'
b'[    2.966083] FAT-fs (mmcblk1p1): Volume was not properly unmounted. Some data may be corrupt. Please run fsck.\r\n'
b'[    2.970814] usb usb1: Manufacturer: Linux 4.14.181 ehci_hcd\r\n'
b'[    2.970821] usb usb1: SerialNumber: AmbUSB\r\n'
b'[    2.971734] EXT4-fs (mmcblk0p7): Unrecognized mount option "flush" or missing value\r\n'
b'[    2.982213] hub 1-0:1.0: USB hub found\r\n'
b'[    3.001873] hub 1-0:1.0: 1 port detected\r\n'
b"[    3.014558] ohci_hcd: USB 1.1 'Open' Host Controller (OHCI) Driver\r\n"
b'[    3.021026] ambarella-ohci e001e000.ohci: Ambarella OHCI\r\n'
b'[    3.026347] ambarella-ohci e001e000.ohci: new USB bus registered, assigned bus number 2\r\n'
b'[    3.034397] ambarella-ohci e001e000.ohci: irq 25, io mem 0xe001e000\r\n'
b'[    3.096987] usb usb2: New USB device found, idVendor=1d6b, idProduct=0001\r\n'
b'[    3.103768] usb usb2: New USB device strings: Mfr=3, Product=2, SerialNumber=1\r\n'
b'[    3.110977] usb usb2: Product: Ambarella OHCI\r\n'
b'[    3.115323] usb usb2: Manufacturer: Linux 4.14.181 ohci_hcd\r\n'
