重启第 1 次
b'\r\r\n'
b'\r\n'
b'\rWelcome to Ambarella\r\n'
b'\rAmbarella login: \r\r\n'
b'\r\n'
b'\rWelcome to Ambarella\r\n'
b'\rAmbarella login: root\r\n'
b"login[329]: root login on 'ttyS0'\r\r\n"
b'# \r\n'
b'# reboot\r\n'
b'# [ 4850.756030] EXT4-fs (mmcblk0p9): re-mounted. Opts: (null)\r\n'
b'\rThe system is going down NOW!\r\n'
b'\rSent SIGTERM to all processes\r\n'
b'\rSent SIGKILL to all processes\r\n'
b'\rRequesting system reboot\r\n'
b'[ 4853.444760] hub 2-0:1.0: over-current condition\r\n'
b'[ 4853.482094] ambarella-wdt ec002000.wdt: ambarella_wdt_shutdown @ 5.\r\n'
b'[ 4853.488420] reboot: Restarting system\r\n'
b'\x1b[4l\r\n'
b'[    0.000000] Booting Linux on physical CPU 0x0\r\n'
b'[    0.000000] Linux version 4.14.181 (zy@zy-VirtualBox) (gcc version 8.2.1 20180802 (Linaro GCC 8.2-2018.08~dev)) #1 SMP PREEMPT Thu Oct 15 15:36:17 CST 2020\r\n'
b'[    0.000000] Boot CPU: AArch64 Processor [410fd034]\r\n'
b'[    0.000000] Machine model: Ambarella CV22 Walnut Board\r\n'
b'[    0.000000] Reserved memory: created CMA memory pool at 0x000000003cc00000, size 48 MiB\r\n'
b'[    0.000000] OF: reserved mem: initialized node linux,cma, compatible id shared-dma-pool\r\n'
b'[    0.000000] Reserved memory: created CMA memory pool at 0x0000000040000000, size 508 MiB\r\n'
b'[    0.000000] OF: reserved mem: initialized node iav@0x40000000, compatible id shared-dma-pool\r\n'
b'[    0.000000] Reserved memory: created CMA memory pool at 0x0000000060000000, size 508 MiB\r\n'
b'[    0.000000] OF: reserved mem: initialized node cavalry@0x60000000, compatible id shared-dma-pool\r\n'
b'[    0.000000] percpu: Embedded 19 pages/cpu s38552 r8192 d31080 u77824\r\n'
b'[    0.000000] Detected VIPT I-cache on CPU0\r\n'
b'[    0.000000] CPU features: enabling workaround for ARM erratum 845719\r\n'
b'[    0.000000] Built 1 zonelists, mobility grouping on.  Total pages: 515592\r\n'
b'[    0.000000] Kernel command line: console=ttyS0 noinitrd root=/dev/mmcblk0p9 rw rootfstype=ext4 init=/linuxrc rootwait\r\n'
b'[    0.000000] PID hash table entries: 4096 (order: 3, 32768 bytes)\r\n'
b'[    0.000000] Dentry cache hash table entries: 262144 (order: 9, 2097152 bytes)\r\n'
b'[    0.000000] Inode-cache hash table entries: 131072 (order: 8, 1048576 bytes)\r\n'
b'[    0.000000] Memory: 962048K/2095104K available (4670K kernel code, 432K rwdata, 1336K rodata, 320K init, 224K bss, 43520K reserved, 1089536K cma-reserved)\r\n'
b'[    0.000000] Virtual kernel memory layout:\r\n'
b'[    0.000000]     modules : 0xffffff8000000000 - 0xffffff8008000000   (   128 MB)\r\n'
b'[    0.000000]     vmalloc : 0xffffff8008000000 - 0xffffffbebfff0000   (   250 GB)\r\n'
b'[    0.000000]       .text : 0xffffff8008080000 - 0xffffff8008510000   (  4672 KB)\r\n'
b'[    0.000000]     .rodata : 0xffffff8008510000 - 0xffffff8008670000   (  1408 KB)\r\n'
b'[    0.000000]       .init : 0xffffff8008670000 - 0xffffff80086c0000   (   320 KB)\r\n'
b'[    0.000000]       .data : 0xffffff80086c0000 - 0xffffff800872c008   (   433 KB)\r\n'
b'[    0.000000]        .bss : 0xffffff800872c008 - 0xffffff8008764178   (   225 KB)\r\n'
b'[    0.000000]     fixed   : 0xffffffbefe7fb000 - 0xffffffbefec00000   (  4116 KB)\r\n'
b'[    0.000000]     PCI I/O : 0xffffffbefee00000 - 0xffffffbeffe00000   (    16 MB)\r\n'
b'[    0.000000]     vmemmap : 0xffffffbf00000000 - 0xffffffc000000000   (     4 GB maximum)\r\n'
b'[    0.000000]               0xffffffbf00008000 - 0xffffffbf02000000   (    31 MB actual)\r\n'
b'[    0.000000]     memory  : 0xffffffc000200000 - 0xffffffc080000000   (  2046 MB)\r\n'
b'[    0.000000] SLUB: HWalign=64, Order=0-3, MinObjects=0, CPUs=4, Nodes=1\r\n'
b'[    0.000000] Preemptible hierarchical RCU implementation.\r\n'
b'[    0.000000] \tTasks RCU enabled.\r\n'
b'[    0.000000] NR_IRQS: 64, nr_irqs: 64, preallocated irqs: 0\r\n'
b'[    0.000000] CPU features: GIC system register CPU interface present but disabled by higher exception level\r\n'
b'[    0.000000] arch_timer: cp15 timer(s) running at 47.25MHz (virt).\r\n'
b'[    0.000000] clocksource: arch_sys_counter: mask: 0xffffffffffffff max_cycles: 0xae5b54743, max_idle_ns: 440795204480 ns\r\n'
b'[    0.000005] sched_clock: 56 bits at 47MHz, resolution 21ns, wraps every 4398046511098ns\r\n'
b'[    0.000255] Console: colour dummy device 80x25\r\n'
b'[    0.297559] console [ttyS0] enabled\r\n'
b'[    0.301044] Calibrating delay loop (skipped), value calculated using timer frequency.. 94.50 BogoMIPS (lpj=47250)\r\n'
b'[    0.311284] pid_max: default: 32768 minimum: 301\r\n'
b'[    0.315986] Mount-cache hash table entries: 4096 (order: 3, 32768 bytes)\r\n'
b'[    0.322686] Mountpoint-cache hash table entries: 4096 (order: 3, 32768 bytes)\r\n'
b'[    0.333868] ASID allocator initialised with 32768 entries\r\n'
b'[    0.341278] Hierarchical SRCU implementation.\r\n'
b'[    0.349664] smp: Bringing up secondary CPUs ...\r\n'
b'[    0.361288] Detected VIPT I-cache on CPU1\r\n'
b'[    0.365317] CPU1: Booted secondary processor [410fd034]\r\n'
b'[    0.377377] Detected VIPT I-cache on CPU2\r\n'
b'[    0.381388] CPU2: Booted secondary processor [410fd034]\r\n'
b'[    0.393479] Detected VIPT I-cache on CPU3\r\n'
b'[    0.397491] CPU3: Booted secondary processor [410fd034]\r\n'
b'[    0.402769] smp: Brought up 1 node, 4 CPUs\r\n'
b'[    0.406865] SMP: Total of 4 processors activated.\r\n'
b'[    0.411556] CPU features: detected: 32-bit EL0 Support\r\n'
b'[    0.417178] CPU: All CPU(s) started at EL1\r\n'
b'[    0.421277] alternatives: patching kernel code\r\n'
b'[    0.426832] devtmpfs: initialized\r\n'
b'[    0.435922] random: get_random_u32 called from bucket_table_alloc+0x108/0x268 with crng_init=0\r\n'
b'[    0.444863] clocksource: jiffies: mask: 0xffffffff max_cycles: 0xffffffff, max_idle_ns: 1911260446275000 ns\r\n'
b'[    0.454591] futex hash table entries: 1024 (order: 5, 131072 bytes)\r\n'
b'[    0.502973] pinctrl core: initialized pinctrl subsystem\r\n'
b'[    0.508534] NET: Registered protocol family 16\r\n'
b'[    0.513667] vdso: 2 pages (1 code @ ffffff8008515000, 1 data @ ffffff80086c4000)\r\n'
b'[    0.528100] DMA: preallocated 256 KiB pool for atomic allocations\r\n'
b'[    0.537388] ambarella-pinctrl ec003000.pinctrl: Ambarella pinctrl driver registered\r\n'
b'[    0.545745] ambarella-gpio ec003000.pinctrl:gpio@0: Ambarella GPIO driver registered\r\n'
b'[    0.560359] HugeTLB registered 2.00 MiB page size, pre-allocated 0 pages\r\n'
b'[    0.568157] ambarella-dma e0020000.dma: Ambarella DMA Engine \r\n'
b'[    0.574485] ambarella-dma e0021000.dma: Ambarella DMA Engine \r\n'
b'[    0.580717] ambarella-i2c e4008000.i2c: Ambarella I2C adapter[0] probed, clock:100000!\r\n'
b'[    0.588827] ambarella-i2c e4009000.i2c: Ambarella I2C adapter[1] probed, clock:100000!\r\n'
b'[    0.596930] ambarella-i2c e400a000.i2c: Ambarella I2C adapter[2] probed, clock:100000!\r\n'
b'[    0.605031] ambarella-i2c e400b000.i2c: Ambarella I2C adapter[3] probed, clock:100000!\r\n'
b'[    0.613819] clocksource: Switched to clocksource arch_sys_counter\r\n'
b'[    0.626137] NET: Registered protocol family 2\r\n'
b'[    0.630937] TCP established hash table entries: 16384 (order: 5, 131072 bytes)\r\n'
b'[    0.638306] TCP bind hash table entries: 16384 (order: 6, 262144 bytes)\r\n'
b'[    0.645227] TCP: Hash tables configured (established 16384 bind 16384)\r\n'
b'[    0.651874] UDP hash table entries: 1024 (order: 3, 32768 bytes)\r\n'
b'[    0.657928] UDP-Lite hash table entries: 1024 (order: 3, 32768 bytes)\r\n'
b'[    0.664509] NET: Registered protocol family 1\r\n'
b'[    0.669161] RPC: Registered named UNIX socket transport module.\r\n'
b'[    0.675085] RPC: Registered udp transport module.\r\n'
b'[    0.679777] RPC: Registered tcp transport module.\r\n'
b'[    0.684466] RPC: Registered tcp NFSv4.1 backchannel transport module.\r\n'
b'[    0.694596] workingset: timestamp_bits=62 max_order=19 bucket_order=0\r\n'
b'[    0.706729] squashfs: version 4.0 (2009/01/31) Phillip Lougher\r\n'
b'[    0.717105] Block layer SCSI generic (bsg) driver version 0.4 loaded (major 251)\r\n'
b'[    0.724494] io scheduler noop registered\r\n'
b'[    0.728406] io scheduler deadline registered\r\n'
b'[    0.732761] io scheduler cfq registered (default)\r\n'
b'[    0.737454] io scheduler mq-deadline registered\r\n'
b'[    0.741976] io scheduler kyber registered\r\n'
b'[    0.746541] ambarella-gdma e000c000.gdma: Ambarella GDMA driver init\r\n'
b'[    0.753268] e4000000.uart: ttyS0 at MMIO 0xe4000000 (irq = 11, base_baud = 1500000) is a ambuart\r\n'
b'[    0.762347] e0017000.uart: ttyS1 at MMIO 0xe0017000 (irq = 32, base_baud = 1500000) is a ambuart\r\n'
b'[    0.771401] e001a000.uart: ttyS4 at MMIO 0xe001a000 (irq = 33, base_baud = 1500000) is a ambuart\r\n'
b'[    0.780475] cacheinfo: Unable to detect cache hierarchy for CPU 0\r\n'
b'[    0.787153] brd: module loaded\r\n'
b'[    0.796210] loop: module loaded\r\n'
b'[    0.799484] mousedev: PS/2 mouse device common for all mice\r\n'
b'[    0.805378] ambarella-rtc e8001000.rtc: rtc core: registered e8001000.rtc as rtc0\r\n'
b'[    0.812850] ambarella-rtc e8001000.rtc: Warning: RTC lost power.....\r\n'
b'[    0.824465] ambarella-wdt ec002000.wdt: Ambarella Watchdog Timer Probed.\r\n'
b'[    1.184895] ambarella-sd e0004000.sdmmc0: Max frequency is 120000000Hz\r\n'
b'[    1.570865] ambarella-sd e0005000.sdmmc1: Max frequency is 48000000Hz\r\n'
b'[    1.577581] Initializing XFRM netlink socket\r\n'
b'[    1.581857] NET: Registered protocol family 17\r\n'
b'[    1.586317] Key type dns_resolver registered\r\n'
b'[    1.596444] console [netcon0] enabled\r\n'
b'[    1.600118] netconsole: network logging started\r\n'
b'[    1.621559] ambarella-rtc e8001000.rtc: setting system clock to 1970-02-20 06:19:48 UTC (4342788)\r\n'
b'[    1.630806] Waiting for root device /dev/mmcblk0p9...\r\n'
b'[    1.750389] mmc0: new high speed MMC card at address 0001\r\n'
b'[    1.777104] mmcblk0: mmc0:0001 S0J57X 29.6 GiB \r\n'
b'[    1.804074] mmcblk0boot0: mmc0:0001 S0J57X partition 1 31.5 MiB\r\n'
b'[    1.810159] mmcblk0boot1: mmc0:0001 S0J57X partition 2 31.5 MiB\r\n'
b'[    1.826124] mmcblk0rpmb: mmc0:0001 S0J57X partition 3 4.00 MiB, chardev (250:0)\r\n'
b'[    1.845850]  (bst): 0x0000000000000000, 0x0000000000001000\r\n'
b'[    1.851328]  (bld): 0x0000000000001000, 0x0000000000100000\r\n'
b'[    1.856820]  (ptb): 0x0000000000101000, 0x00000000000e0000\r\n'
b'[    1.862307]  (atf): 0x00000000001e1000, 0x0000000000100000\r\n'
b'[    1.867796]  (pba): 0x00000000002e1000, 0x0000000001000000\r\n'
b'[    1.873284]  (pri): 0x00000000012e1000, 0x0000000001000000\r\n'
b'[    1.878771]  (sec): 0x00000000022e1000, 0x0000000040000000\r\n'
b'[    1.884248]  (dsp): 0x00000000422e1000, 0x0000000006400000\r\n'
b'[    1.889723]  (lnx): 0x00000000486e1000, 0x0000000026600000\r\n'
b'[    1.895210]  (add): 0x000000006ece1000, 0x0000000080000000\r\n'
b'[    1.900698]  (raw): 0x00000000eece1000, 0x000000067a31f000\r\n'
b'[    1.906183]  mmcblk0: p1(bst) p2(bld) p3(ptb) p4(atf) p5(pba) p6(pri) p7(sec) p8(dsp) p9(lnx) p10(add) p11(raw)\r\n'
b'[    1.931954] EXT4-fs (mmcblk0p9): mounted filesystem with ordered data mode. Opts: (null)\r\n'
b'[    1.940071] VFS: Mounted root (ext4 filesystem) on device 179:9.\r\n'
b'[    1.946898] devtmpfs: mounted\r\n'
b'[    1.950079] Freeing unused kernel memory: 320K\r\n'
b'[    1.958586] mmc1: new high speed SDHC card at address aaaa\r\n'
b'[    1.964352] mmcblk1: mmc1:aaaa SC32G 29.7 GiB \r\n'
b'[    1.970510] random: fast init done\r\n'
b'[    1.973949]  mmcblk1: p1\r\n'
b'[    2.081483] EXT4-fs (mmcblk0p9): re-mounted. Opts: errors=remount-ro,data=ordered\r\n'
b'net.core.wmem_default = 524288\r\n'
b'net.core.wmem_max = 1048576\r\n'
b'vm.laptop_mode = 0\r\n'
b'vm.min_free_kbytes = 8192\r\n'
b'vm.vfs_cache_pressure = 160\r\n'
b'vm.dirty_expire_centisecs = 600\r\n'
b'vm.dirty_writeback_centisecs = 200\r\n'
b'vm.dirty_ratio = 3\r\n'
b'vm.di[    2.150136] i2c /dev entries driver\r\n'
b'rty_background_ratio = 3\r\n'
b'[    2.162763] ambarella-spi e0011000.spi: Ambarella spi controller 0 created.\r\r\n'
b'[    2.209877] ambad: loading out-of-tree module taints kernel.\r\n'
b'[    2.216067] amba_debug_init 248:0.\r\n'
b'Populating cv22_bmap using udev: Starting version v242-1.amba\r\n'
b'Done\r\n'
b'Loading CV22 private driver: [    2.551044] pps_core: LinuxPPS API ver. 1 registered\r\n'
b'[    2.556063] pps_core: Software ver. 5.3.6 - Copyright 2005-2007 Rodolfo Giometti <giometti@linux.it>\r\n'
b'[    2.575396] pps pps0: new PPS source pps.-1\r\n'
b'[    2.579730] pps pps0: Registered IRQ 39 as PPS source\r\n'
b'[    2.673205] libphy: Fixed MDIO Bus: probed\r\n'
b'[    2.804884] libphy: Ambarella MDIO Bus: probed\r\n'
b'[    2.835158] rtl9000_probe id 1c\r\n'
b'[    2.838362] rtl9000_probe id cb00\r\n'
b'[    2.841784] ambarella-eth e000e000.ethernet: Enhance Ethernet PHY[0]: 0x001ccb00!\r\n'
b'[    2.852549] ambarella-eth e000e000.ethernet: CONFIG_PTP_1588_CLOCK is not set\r\n'
b'[    2.859712] ambarella-eth e000e000.ethernet: MAC Address[ba:7b:09:57:29:92].\r\n'
b'modprobe: module ambarella_sd not found in modules.dep\r\n'
b'modprobe: module mmc_block not found in modules.[    2.893174] EXT4-fs (mmcblk0p8): Unrecognized mount option "flush" or missing value\r\n'
b'dep\r\n'
b'[    2.925679] EXT4-fs (mmcblk0p7): Unrecognized mount option "flush" or missing value\r\n'
b'[    2.930989] usbcore: registered new interface driver usbfs\r\n'
b'[    2.939456] usbcore: registered new interface driver hub\r\n'
b'[    2.944932] usbcore: registered new device driver usb\r\n'
b"[    2.956011] ehci_hcd: USB 2.0 'Enhanced' Host Controller (EHCI) Driver\r\n"
b'[    2.967504] ehci-ambarella: AMBARELLA-EHCI Host Controller driver\r\n'
b'[    2.974310] ambarella-ehci e001f000.ehci: EHCI Host Controller\r\n'
b'[    2.980189] ambarella-ehci e001f000.ehci: new USB bus registered, assigned bus number 1\r\n'
b'[    2.989081] ambarella-ehci e001f000.ehci: irq 26, io mem 0xe001f000\r\n'
b'[    3.001843] ambarella-ehci e001f000.ehci: USB 2.0 started, EHCI 1.00\r\n'
b'[    3.004562] FAT-fs (mmcblk1p1): Volume was not properly unmounted. Some data may be corrupt. Please run fsck.\r\n'
b'[    3.008403] usb usb1: New USB device found, idVendor=1d6b, idProduct=0002\r\n'
b'[    3.024860] usb usb1: New USB device strings: Mfr=3, Product=2, SerialNumber=1\r\n'
b'[    3.032075] usb usb1: Product: EHCI Host Controller\r\n'
b'[    3.036943] usb usb1: Manufacturer: Linux 4.14.181 ehci_hcd\r\n'
b'[    3.042507] usb usb1: SerialNumber: AmbUSB\r\n'
b'[    3.047107] hub 1-0:1.0: USB hub found\r\n'
b'[    3.051678] hub 1-0:1.0: 1 port detected\r\n'
b"[    3.069134] ohci_hcd: USB 1.1 'Open' Host Controller (OHCI) Driver\r\n"
b'[    3.075575] ambarella-ohci e001e000.ohci: Ambarella OHCI\r\n'
b'[    3.080899] ambarella-ohci e001e000.ohci: new USB bus registered, assigned bus number 2\r\n'
b'[    3.088945] ambarella-ohci e001e000.ohci: irq 25, io mem 0xe001e000\r\n'
b'[    3.151020] usb usb2: New USB device found, idVendor=1d6b, idProduct=0001\r\n'
b'[    3.157800] usb usb2: New USB device strings: Mfr=3, Product=2, SerialNumber=1\r\n'
b'[    3.165009] usb usb2: Product: Ambarella OHCI\r\n'
b'[    3.169356] usb usb2: Manufacturer: Linux 4.14.181 ohci_hcd\r\n'
b'[    3.174916] usb usb2: SerialNumber: AmbUSB\r\n'
b'[    3.179452] hub 2-0:1.0: USB hub found\r\n'
b'[    3.183222] hub 2-0:1.0: 1 port detected\r\n'
b'[    3.197957] ambarella-udc e0006000.udc: ambarella_udc: version 21 Jan 2016\r\n'
b'[    3.233853] using random self ethernet address\r\n'
b'[    3.238317] using random host ethernet address\r\n'
b'[    3.243190] usb0: HOST MAC ba:7f:8a:4c:77:38\r\n'
b'[    3.247550] usb0: MAC 06:ab:50:be:8e:54\r\n'
b'[    3.251428] using random self ethernet address\r\n'
b'[    3.255877] using random host ethernet address\r\n'
b'[    3.260386] g_ether gadget: Ethernet Gadget, version: Memorial Day 2008\r\n'
b'[    3.266989] g_ether gadget: g_ether ready\r\n'
b'Install Auido...\r\n'
b'[    3.364875] usb usb1-port1: over-current condition\r\n'
b'[    3.459833] asoc-simple-card sound: nau8822-hifi <-> e001d000.i2s mapping ok\r\n'
b'[    3.467798] asoc-simple-card sound: amba_dummy_codec <-> e001d000.i2s mapping ok\r\n'
b'[    3.475528] g_ether gadget: high-speed config #2: RNDIS\r\n'
b'OK!\r\n'
b'Initializing random number generator... [    3.620359] random: dd: uninitialized urandom read (512 bytes read)\r\n'
b'done.\r\n'
b'Starting network...\r\n'
b'ip: RTNETLINK answers: File exists\r\n'
b'ifup: interface eth0 already configured\r\n'
b'Starting nginx: OK\r\n'
b'Starting fcgiwrap: OK\r\n'
b'[    3.720675] ambarella_fb bogus_bus:framebuffer@0: 720x480, argb1555, 16 bits per pixel, buf pitch = 1440\r\n'
b'[    3.732912] ambarella_fb bogus_bus:framebuffer@1: 720x480, argb1555, 16 bits per pixel, buf pitch = 1440\r\n'
b'\r\r\n'
b'\r\n'
b'\rWelcome to Ambarella\r\n'
b'\rAmbarella login: '
b''
重启第 2 次
b'\r\r\n'
b'\r\n'
b'\rWelcome to Ambarella\r\n'
b'\rAmbarella login: \r\r\n'
b'\r\n'
b'\rWelcome to Ambarella\r\n'
b'\rAmbarella login: root\r\n'
b"login[329]: root login on 'ttyS0'\r\r\n"
b'# \r\n'
b'# reboot\r\n'
b'# [   29.993012] EXT4-fs (mmcblk0p9): re-mounted. Opts: (null)\r\n'
b'\rThe system is going down NOW!\r\n'
b'\rSent SIGTERM to all processes\r\n'
b'\rSent SIGKILL to all processes\r\n'
b'\rRequesting system reboot\r\n'
b'[   32.700856] hub 2-0:1.0: over-current condition\r\n'
b'[   32.738189] ambarella-wdt ec002000.wdt: ambarella_wdt_shutdown @ 5.\r\n'
b'[   32.744516] reboot: Restarting system\r\n'
b'\x1b[4l\r\n'
b'[    0.000000] Booting Linux on physical CPU 0x0\r\n'
b'[    0.000000] Linux version 4.14.181 (zy@zy-VirtualBox) (gcc version 8.2.1 20180802 (Linaro GCC 8.2-2018.08~dev)) #1 SMP PREEMPT Thu Oct 15 15:36:17 CST 2020\r\n'
b'[    0.000000] Boot CPU: AArch64 Processor [410fd034]\r\n'
b'[    0.000000] Machine model: Ambarella CV22 Walnut Board\r\n'
b'[    0.000000] Reserved memory: created CMA memory pool at 0x000000003cc00000, size 48 MiB\r\n'
b'[    0.000000] OF: reserved mem: initialized node linux,cma, compatible id shared-dma-pool\r\n'
b'[    0.000000] Reserved memory: created CMA memory pool at 0x0000000040000000, size 508 MiB\r\n'
b'[    0.000000] OF: reserved mem: initialized node iav@0x40000000, compatible id shared-dma-pool\r\n'
b'[    0.000000] Reserved memory: created CMA memory pool at 0x0000000060000000, size 508 MiB\r\n'
b'[    0.000000] OF: reserved mem: initialized node cavalry@0x60000000, compatible id shared-dma-pool\r\n'
b'[    0.000000] percpu: Embedded 19 pages/cpu s38552 r8192 d31080 u77824\r\n'
b'[    0.000000] Detected VIPT I-cache on CPU0\r\n'
b'[    0.000000] CPU features: enabling workaround for ARM erratum 845719\r\n'
b'[    0.000000] Built 1 zonelists, mobility grouping on.  Total pages: 515592\r\n'
b'[    0.000000] Kernel command line: console=ttyS0 noinitrd root=/dev/mmcblk0p9 rw rootfstype=ext4 init=/linuxrc rootwait\r\n'
b'[    0.000000] PID hash table entries: 4096 (order: 3, 32768 bytes)\r\n'
b'[    0.000000] Dentry cache hash table entries: 262144 (order: 9, 2097152 bytes)\r\n'
b'[    0.000000] Inode-cache hash table entries: 131072 (order: 8, 1048576 bytes)\r\n'
b'[    0.000000] Memory: 962048K/2095104K available (4670K kernel code, 432K rwdata, 1336K rodata, 320K init, 224K bss, 43520K reserved, 1089536K cma-reserved)\r\n'
b'[    0.000000] Virtual kernel memory layout:\r\n'
b'[    0.000000]     modules : 0xffffff8000000000 - 0xffffff8008000000   (   128 MB)\r\n'
b'[    0.000000]     vmalloc : 0xffffff8008000000 - 0xffffffbebfff0000   (   250 GB)\r\n'
b'[    0.000000]       .text : 0xffffff8008080000 - 0xffffff8008510000   (  4672 KB)\r\n'
b'[    0.000000]     .rodata : 0xffffff8008510000 - 0xffffff8008670000   (  1408 KB)\r\n'
b'[    0.000000]       .init : 0xffffff8008670000 - 0xffffff80086c0000   (   320 KB)\r\n'
b'[    0.000000]       .data : 0xffffff80086c0000 - 0xffffff800872c008   (   433 KB)\r\n'
b'[    0.000000]        .bss : 0xffffff800872c008 - 0xffffff8008764178   (   225 KB)\r\n'
b'[    0.000000]     fixed   : 0xffffffbefe7fb000 - 0xffffffbefec00000   (  4116 KB)\r\n'
b'[    0.000000]     PCI I/O : 0xffffffbefee00000 - 0xffffffbeffe00000   (    16 MB)\r\n'
b'[    0.000000]     vmemmap : 0xffffffbf00000000 - 0xffffffc000000000   (     4 GB maximum)\r\n'
b'[    0.000000]               0xffffffbf00008000 - 0xffffffbf02000000   (    31 MB actual)\r\n'
b'[    0.000000]     memory  : 0xffffffc000200000 - 0xffffffc080000000   (  2046 MB)\r\n'
b'[    0.000000] SLUB: HWalign=64, Order=0-3, MinObjects=0, CPUs=4, Nodes=1\r\n'
b'[    0.000000] Preemptible hierarchical RCU implementation.\r\n'
b'[    0.000000] \tTasks RCU enabled.\r\n'
b'[    0.000000] NR_IRQS: 64, nr_irqs: 64, preallocated irqs: 0\r\n'
b'[    0.000000] CPU features: GIC system register CPU interface present but disabled by higher exception level\r\n'
b'[    0.000000] arch_timer: cp15 timer(s) running at 47.25MHz (virt).\r\n'
b'[    0.000000] clocksource: arch_sys_counter: mask: 0xffffffffffffff max_cycles: 0xae5b54743, max_idle_ns: 440795204480 ns\r\n'
b'[    0.000005] sched_clock: 56 bits at 47MHz, resolution 21ns, wraps every 4398046511098ns\r\n'
b'[    0.000255] Console: colour dummy device 80x25\r\n'
b'[    0.297562] console [ttyS0] enabled\r\n'
b'[    0.301047] Calibrating delay loop (skipped), value calculated using timer frequency.. 94.50 BogoMIPS (lpj=47250)\r\n'
b'[    0.311287] pid_max: default: 32768 minimum: 301\r\n'
b'[    0.315987] Mount-cache hash table entries: 4096 (order: 3, 32768 bytes)\r\n'
b'[    0.322687] Mountpoint-cache hash table entries: 4096 (order: 3, 32768 bytes)\r\n'
b'[    0.333870] ASID allocator initialised with 32768 entries\r\n'
b'[    0.341279] Hierarchical SRCU implementation.\r\n'
b'[    0.349665] smp: Bringing up secondary CPUs ...\r\n'
b'[    0.361288] Detected VIPT I-cache on CPU1\r\n'
b'[    0.365315] CPU1: Booted secondary processor [410fd034]\r\n'
b'[    0.377378] Detected VIPT I-cache on CPU2\r\n'
b'[    0.381389] CPU2: Booted secondary processor [410fd034]\r\n'
b'[    0.393480] Detected VIPT I-cache on CPU3\r\n'
b'[    0.397492] CPU3: Booted secondary processor [410fd034]\r\n'
b'[    0.402770] smp: Brought up 1 node, 4 CPUs\r\n'
b'[    0.406866] SMP: Total of 4 processors activated.\r\n'
b'[    0.411557] CPU features: detected: 32-bit EL0 Support\r\n'
b'[    0.417177] CPU: All CPU(s) started at EL1\r\n'
b'[    0.421277] alternatives: patching kernel code\r\n'
b'[    0.426832] devtmpfs: initialized\r\n'
b'[    0.435929] random: get_random_u32 called from bucket_table_alloc+0x108/0x268 with crng_init=0\r\n'
b'[    0.444867] clocksource: jiffies: mask: 0xffffffff max_cycles: 0xffffffff, max_idle_ns: 1911260446275000 ns\r\n'
b'[    0.454595] futex hash table entries: 1024 (order: 5, 131072 bytes)\r\n'
b'[    0.503014] pinctrl core: initialized pinctrl subsystem\r\n'
b'[    0.508573] NET: Registered protocol family 16\r\n'
b'[    0.513707] vdso: 2 pages (1 code @ ffffff8008515000, 1 data @ ffffff80086c4000)\r\n'
b'[    0.528110] DMA: preallocated 256 KiB pool for atomic allocations\r\n'
b'[    0.537400] ambarella-pinctrl ec003000.pinctrl: Ambarella pinctrl driver registered\r\n'
b'[    0.545755] ambarella-gpio ec003000.pinctrl:gpio@0: Ambarella GPIO driver registered\r\n'
b'[    0.560387] HugeTLB registered 2.00 MiB page size, pre-allocated 0 pages\r\n'
b'[    0.568195] ambarella-dma e0020000.dma: Ambarella DMA Engine \r\n'
b'[    0.574524] ambarella-dma e0021000.dma: Ambarella DMA Engine \r\n'
b'[    0.580754] ambarella-i2c e4008000.i2c: Ambarella I2C adapter[0] probed, clock:100000!\r\n'
b'[    0.588866] ambarella-i2c e4009000.i2c: Ambarella I2C adapter[1] probed, clock:100000!\r\n'
b'[    0.596970] ambarella-i2c e400a000.i2c: Ambarella I2C adapter[2] probed, clock:100000!\r\n'
b'[    0.605069] ambarella-i2c e400b000.i2c: Ambarella I2C adapter[3] probed, clock:100000!\r\n'
b'[    0.613856] clocksource: Switched to clocksource arch_sys_counter\r\n'
b'[    0.626143] NET: Registered protocol family 2\r\n'
b'[    0.630946] TCP established hash table entries: 16384 (order: 5, 131072 bytes)\r\n'
b'[    0.638315] TCP bind hash table entries: 16384 (order: 6, 262144 bytes)\r\n'
b'[    0.645247] TCP: Hash tables configured (established 16384 bind 16384)\r\n'
b'[    0.651893] UDP hash table entries: 1024 (order: 3, 32768 bytes)\r\n'
b'[    0.657945] UDP-Lite hash table entries: 1024 (order: 3, 32768 bytes)\r\n'
b'[    0.664526] NET: Registered protocol family 1\r\n'
b'[    0.669178] RPC: Registered named UNIX socket transport module.\r\n'
b'[    0.675102] RPC: Registered udp transport module.\r\n'
b'[    0.679793] RPC: Registered tcp transport module.\r\n'
b'[    0.684482] RPC: Registered tcp NFSv4.1 backchannel transport module.\r\n'
b'[    0.694564] workingset: timestamp_bits=62 max_order=19 bucket_order=0\r\n'
b'[    0.706655] squashfs: version 4.0 (2009/01/31) Phillip Lougher\r\n'
b'[    0.717017] Block layer SCSI generic (bsg) driver version 0.4 loaded (major 251)\r\n'
b'[    0.724404] io scheduler noop registered\r\n'
b'[    0.728316] io scheduler deadline registered\r\n'
b'[    0.732671] io scheduler cfq registered (default)\r\n'
b'[    0.737365] io scheduler mq-deadline registered\r\n'
b'[    0.741887] io scheduler kyber registered\r\n'
b'[    0.746446] ambarella-gdma e000c000.gdma: Ambarella GDMA driver init\r\n'
b'[    0.753185] e4000000.uart: ttyS0 at MMIO 0xe4000000 (irq = 11, base_baud = 1500000) is a ambuart\r\n'
b'[    0.762265] e0017000.uart: ttyS1 at MMIO 0xe0017000 (irq = 32, base_baud = 1500000) is a ambuart\r\n'
b'[    0.771316] e001a000.uart: ttyS4 at MMIO 0xe001a000 (irq = 33, base_baud = 1500000) is a ambuart\r\n'
b'[    0.780390] cacheinfo: Unable to detect cache hierarchy for CPU 0\r\n'
b'[    0.787071] brd: module loaded\r\n'
b'[    0.796103] loop: module loaded\r\n'
b'[    0.799372] mousedev: PS/2 mouse device common for all mice\r\n'
b'[    0.805265] ambarella-rtc e8001000.rtc: rtc core: registered e8001000.rtc as rtc0\r\n'
b'[    0.812736] ambarella-rtc e8001000.rtc: Warning: RTC lost power.....\r\n'
b'[    0.824504] ambarella-wdt ec002000.wdt: Ambarella Watchdog Timer Probed.\r\n'
b'[    1.184935] ambarella-sd e0004000.sdmmc0: Max frequency is 120000000Hz\r\n'
b'[    1.570903] ambarella-sd e0005000.sdmmc1: Max frequency is 48000000Hz\r\n'
b'[    1.577614] Initializing XFRM netlink socket\r\n'
b'[    1.581890] NET: Registered protocol family 17\r\n'
b'[    1.586350] Key type dns_resolver registered\r\n'
b'[    1.596483] console [netcon0] enabled\r\n'
b'[    1.600155] netconsole: network logging started\r\n'
b'[    1.621593] ambarella-rtc e8001000.rtc: setting system clock to 1970-02-20 06:19:48 UTC (4342788)\r\n'
b'[    1.630831] Waiting for root device /dev/mmcblk0p9...\r\n'
b'[    1.750431] mmc0: new high speed MMC card at address 0001\r\n'
b'[    1.777146] mmcblk0: mmc0:0001 S0J57X 29.6 GiB \r\n'
b'[    1.804115] mmcblk0boot0: mmc0:0001 S0J57X partition 1 31.5 MiB\r\n'
b'[    1.810200] mmcblk0boot1: mmc0:0001 S0J57X partition 2 31.5 MiB\r\n'
b'[    1.826165] mmcblk0rpmb: mmc0:0001 S0J57X partition 3 4.00 MiB, chardev (250:0)\r\n'
b'[    1.845888]  (bst): 0x0000000000000000, 0x0000000000001000\r\n'
b'[    1.851366]  (bld): 0x0000000000001000, 0x0000000000100000\r\n'
b'[    1.856858]  (ptb): 0x0000000000101000, 0x00000000000e0000\r\n'
b'[    1.862345]  (atf): 0x00000000001e1000, 0x0000000000100000\r\n'
b'[    1.867833]  (pba): 0x00000000002e1000, 0x0000000001000000\r\n'
b'[    1.873321]  (pri): 0x00000000012e1000, 0x0000000001000000\r\n'
b'[    1.878807]  (sec): 0x00000000022e1000, 0x0000000040000000\r\n'
b'[    1.884284]  (dsp): 0x00000000422e1000, 0x0000000006400000\r\n'
b'[    1.889759]  (lnx): 0x00000000486e1000, 0x0000000026600000\r\n'
b'[    1.895247]  (add): 0x000000006ece1000, 0x0000000080000000\r\n'
b'[    1.900735]  (raw): 0x00000000eece1000, 0x000000067a31f000\r\n'
b'[    1.906218]  mmcblk0: p1(bst) p2(bld) p3(ptb) p4(atf) p5(pba) p6(pri) p7(sec) p8(dsp) p9(lnx) p10(add) p11(raw)\r\n'
b'[    1.932033] EXT4-fs (mmcblk0p9): mounted filesystem with ordered data mode. Opts: (null)\r\n'
b'[    1.940149] VFS: Mounted root (ext4 filesystem) on device 179:9.\r\n'
b'[    1.946978] devtmpfs: mounted\r\n'
b'[    1.950159] Freeing unused kernel memory: 320K\r\n'
b'[    1.958630] mmc1: new high speed SDHC card at address aaaa\r\n'
b'[    1.964396] mmcblk1: mmc1:aaaa SC32G 29.7 GiB \r\n'
b'[    1.970546] random: fast init done\r\n'
b'[    1.973983]  mmcblk1: p1\r\n'
b'[    2.081814] EXT4-fs (mmcblk0p9): re-mounted. Opts: errors=remount-ro,data=ordered\r\n'
b'net.core.wmem_default = 524288\r\n'
b'net.core.wmem_max = 1048576\r\n'
b'vm.laptop_mode = 0\r\n'
b'vm.min_free_kbytes = 8192\r\n'
b'vm.vfs_cache_pressure = 160\r\n'
b'vm.dirty_expire_centisecs = 600\r\n'
b'vm.dirty_writeback_centisecs = 200\r\n'
b'vm.dirty_ratio = 3\r\n'
b'vm.di[    2.151008] i2c /dev entries driver\r\n'
b'rty_background_ratio = 3\r\n'
b'[    2.163579] ambarella-spi e0011000.spi: Ambarella spi controller 0 created.\r\r\n'
b'[    2.211750] ambad: loading out-of-tree module taints kernel.\r\n'
b'[    2.218055] amba_debug_init 248:0.\r\n'
b'Populating cv22_bmap using udev: Starting version v242-1.amba\r\n'
b'Done\r\n'
b'Loading CV22 private driver: [    2.539053] pps_core: LinuxPPS API ver. 1 registered\r\n'
b'[    2.544016] pps_core: Software ver. 5.3.6 - Copyright 2005-2007 Rodolfo Giometti <giometti@linux.it>\r\n'
b'[    2.562612] pps pps0: new PPS source pps.-1\r\n'
b'[    2.566947] pps pps0: Registered IRQ 39 as PPS source\r\n'
b'[    2.670056] libphy: Fixed MDIO Bus: probed\r\n'
b'[    2.808908] libphy: Ambarella MDIO Bus: probed\r\n'
b'[    2.821602] rtl9000_probe id 1c\r\n'
b'[    2.824823] rtl9000_probe id cb00\r\n'
b'[    2.828312] ambarella-eth e000e000.ethernet: Enhance Ethernet PHY[0]: 0x001ccb00!\r\n'
b'[    2.836387] ambarella-eth e000e000.ethernet: CONFIG_PTP_1588_CLOCK is not set\r\n'
b'[    2.843603] ambarella-eth e000e000.ethernet: MAC Address[ea:11:66:38:1c:90].\r\n'
b'modprobe: module ambarella_sd not found in modules.dep\r\n'
b'modprobe: module mmc_block not found in modules.dep\r\n'
b'[    2.916914] usbcore: registered new interface driver usbfs\r\n'
b'[    2.919201] EXT4-fs (mmcblk0p7): Unrecognized mount option "flush" or missing value\r\n'
b'[    2.922486] usbcore: registered new interface driver hub\r\n'
b'[    2.935478] usbcore: registered new device driver usb\r\n'
b"[    2.948571] ehci_hcd: USB 2.0 'Enhanced' Host Controller (EHCI) Driver\r\n"
b'[    2.960804] ehci-ambarella: AMBARELLA-EHCI Host Controller driver\r\n'
b'[    2.967183] ambarella-ehci e001f000.ehci: EHCI Host Controller\r\n'
b'[    2.971362] EXT4-fs (mmcblk0p8): Unrecognized mount option "flush" or missing value\r\n'
b'[    2.973065] ambarella-ehci e001f000.ehci: new USB bus registered, assigned bus number 1\r\n'
b'[    2.989504] ambarella-ehci e001f000.ehci: irq 26, io mem 0xe001f000\r\n'
b'[    3.001886] ambarella-ehci e001f000.ehci: USB 2.0 started, EHCI 1.00\r\n'
b'[    3.008447] usb usb1: New USB device found, idVendor=1d6b, idProduct=0002\r\n'
b'[    3.009146] FAT-fs (mmcblk1p1): Volume was not properly unmounted. Some data may be corrupt. Please run fsck.\r\n'
b'[    3.015227] usb usb1: New USB device strings: Mfr=3, Product=2, SerialNumber=1\r\n'
b'[    3.015234] usb usb1: Product: EHCI Host Controller\r\n'
b'[    3.037192] usb usb1: Manufacturer: Linux 4.14.181 ehci_hcd\r\n'
b'[    3.042756] usb usb1: SerialNumber: AmbUSB\r\n'
b'[    3.047383] hub 1-0:1.0: USB hub found\r\n'
b'[    3.051161] hub 1-0:1.0: 1 port detected\r\n'
b"[    3.069278] ohci_hcd: USB 1.1 'Open' Host Controller (OHCI) Driver\r\n"
b'[    3.075732] ambarella-ohci e001e000.ohci: Ambarella OHCI\r\n'
b'[    3.081068] ambarella-ohci e001e000.ohci: new USB bus registered, assigned bus number 2\r\n'
b'[    3.089127] ambarella-ohci e001e000.ohci: irq 25, io mem 0xe001e000\r\n'
b'[    3.152074] usb usb2: New USB device found, idVendor=1d6b, idProduct=0001\r\n'
b'[    3.158865] usb usb2: New USB device strings: Mfr=3, Product=2, SerialNumber=1\r\n'
b'[    3.166073] usb usb2: Product: Ambarella OHCI\r\n'
b'[    3.170420] usb usb2: Manufacturer: Linux 4.14.181 ohci_hcd\r\n'
b'[    3.175979] usb usb2: SerialNumber: AmbUSB\r\n'
b'[    3.180521] hub 2-0:1.0: USB hub found\r\n'
b'[    3.184304] hub 2-0:1.0: 1 port detected\r\n'
b'[    3.198843] ambarella-udc e0006000.udc: ambarella_udc: version 21 Jan 2016\r\n'
b'[    3.233963] using random self ethernet address\r\n'
b'[    3.238412] using random host ethernet address\r\n'
b'[    3.243258] usb0: HOST MAC 16:39:4f:64:04:61\r\n'
b'[    3.247606] usb0: MAC 5a:22:17:40:bb:ae\r\n'
b'[    3.251827] using random self ethernet address\r\n'
b'[    3.256268] using random host ethernet address\r\n'
b'[    3.260762] g_ether gadget: Ethernet Gadget, version: Memorial Day 2008\r\n'
b'[    3.267369] g_ether gadget: g_ether ready\r\n'
b'Install Auido...\r\n'
b'[    3.364912] usb usb1-port1: over-current condition\r\n'
b'[    3.461890] asoc-simple-card sound: nau8822-hifi <-> e001d000.i2s mapping ok\r\n'
b'[    3.464402] g_ether gadget: high-speed config #2: RNDIS\r\n'
b'[    3.469743] asoc-simple-card sound: amba_dummy_codec <-> e001d000.i2s mapping ok\r\n'
b'OK!\r\n'
b'Initializing random number generator... [    3.625494] random: dd: uninitialized urandom read (512 bytes read)\r\n'
b'done.\r\n'
b'Starting network...\r\n'
b'ip: RTNETLINK answers: File exists\r\n'
b'ifup: interface eth0 already configured\r\n'
b'Starting nginx: OK\r\n'
b'Starting fcgiwrap: OK\r\n'
b'[    3.723404] ambarella_fb bogus_bus:framebuffer@0: 720x480, argb1555, 16 bits per pixel, buf pitch = 1440\r\n'
b'[    3.736605] ambarella_fb bogus_bus:framebuffer@1: 720x480, argb1555, 16 bits per pixel, buf pitch = 1440\r\n'
b'\r\r\n'
b'\r\n'
b'\rWelcome to Ambarella\r\n'
b'\rAmbarella login: '
b''
重启第 3 次
b'\r\r\n'
b'\r\n'
b'\rWelcome to Ambarella\r\n'
b'\rAmbarella login: \r\r\n'
b'\r\n'
b'\rWelcome to Ambarella\r\n'
b'\rAmbarella login: root\r\n'
b"login[333]: root login on 'ttyS0'\r\r\n"
b'# \r\n'
b'# reboot\r\n'
b'# [   30.003292] EXT4-fs (mmcblk0p9): re-mounted. Opts: (null)\r\n'
b'\rThe system is going down NOW!\r\n'
b'\rSent SIGTERM to all processes\r\n'
b'\rSent SIGKILL to all processes\r\n'
b'\rRequesting system reboot\r\n'
b'[   32.708900] hub 2-0:1.0: over-current condition\r\n'
b'[   32.746229] ambarella-wdt ec002000.wdt: ambarella_wdt_shutdown @ 5.\r\n'
b'[   32.752556] reboot: Restarting system\r\n'
b'\x1b[4l\r\n'
b'[    0.000000] Booting Linux on physical CPU 0x0\r\n'
b'[    0.000000] Linux version 4.14.181 (zy@zy-VirtualBox) (gcc version 8.2.1 20180802 (Linaro GCC 8.2-2018.08~dev)) #1 SMP PREEMPT Thu Oct 15 15:36:17 CST 2020\r\n'
b'[    0.000000] Boot CPU: AArch64 Processor [410fd034]\r\n'
b'[    0.000000] Machine model: Ambarella CV22 Walnut Board\r\n'
b'[    0.000000] Reserved memory: created CMA memory pool at 0x000000003cc00000, size 48 MiB\r\n'
b'[    0.000000] OF: reserved mem: initialized node linux,cma, compatible id shared-dma-pool\r\n'
b'[    0.000000] Reserved memory: created CMA memory pool at 0x0000000040000000, size 508 MiB\r\n'
b'[    0.000000] OF: reserved mem: initialized node iav@0x40000000, compatible id shared-dma-pool\r\n'
b'[    0.000000] Reserved memory: created CMA memory pool at 0x0000000060000000, size 508 MiB\r\n'
b'[    0.000000] OF: reserved mem: initialized node cavalry@0x60000000, compatible id shared-dma-pool\r\n'
b'[    0.000000] percpu: Embedded 19 pages/cpu s38552 r8192 d31080 u77824\r\n'
b'[    0.000000] Detected VIPT I-cache on CPU0\r\n'
b'[    0.000000] CPU features: enabling workaround for ARM erratum 845719\r\n'
b'[    0.000000] Built 1 zonelists, mobility grouping on.  Total pages: 515592\r\n'
b'[    0.000000] Kernel command line: console=ttyS0 noinitrd root=/dev/mmcblk0p9 rw rootfstype=ext4 init=/linuxrc rootwait\r\n'
b'[    0.000000] PID hash table entries: 4096 (order: 3, 32768 bytes)\r\n'
b'[    0.000000] Dentry cache hash table entries: 262144 (order: 9, 2097152 bytes)\r\n'
b'[    0.000000] Inode-cache hash table entries: 131072 (order: 8, 1048576 bytes)\r\n'
b'[    0.000000] Memory: 962048K/2095104K available (4670K kernel code, 432K rwdata, 1336K rodata, 320K init, 224K bss, 43520K reserved, 1089536K cma-reserved)\r\n'
b'[    0.000000] Virtual kernel memory layout:\r\n'
b'[    0.000000]     modules : 0xffffff8000000000 - 0xffffff8008000000   (   128 MB)\r\n'
b'[    0.000000]     vmalloc : 0xffffff8008000000 - 0xffffffbebfff0000   (   250 GB)\r\n'
b'[    0.000000]       .text : 0xffffff8008080000 - 0xffffff8008510000   (  4672 KB)\r\n'
b'[    0.000000]     .rodata : 0xffffff8008510000 - 0xffffff8008670000   (  1408 KB)\r\n'
b'[    0.000000]       .init : 0xffffff8008670000 - 0xffffff80086c0000   (   320 KB)\r\n'
b'[    0.000000]       .data : 0xffffff80086c0000 - 0xffffff800872c008   (   433 KB)\r\n'
b'[    0.000000]        .bss : 0xffffff800872c008 - 0xffffff8008764178   (   225 KB)\r\n'
b'[    0.000000]     fixed   : 0xffffffbefe7fb000 - 0xffffffbefec00000   (  4116 KB)\r\n'
b'[    0.000000]     PCI I/O : 0xffffffbefee00000 - 0xffffffbeffe00000   (    16 MB)\r\n'
b'[    0.000000]     vmemmap : 0xffffffbf00000000 - 0xffffffc000000000   (     4 GB maximum)\r\n'
b'[    0.000000]               0xffffffbf00008000 - 0xffffffbf02000000   (    31 MB actual)\r\n'
b'[    0.000000]     memory  : 0xffffffc000200000 - 0xffffffc080000000   (  2046 MB)\r\n'
b'[    0.000000] SLUB: HWalign=64, Order=0-3, MinObjects=0, CPUs=4, Nodes=1\r\n'
b'[    0.000000] Preemptible hierarchical RCU implementation.\r\n'
b'[    0.000000] \tTasks RCU enabled.\r\n'
b'[    0.000000] NR_IRQS: 64, nr_irqs: 64, preallocated irqs: 0\r\n'
b'[    0.000000] CPU features: GIC system register CPU interface present but disabled by higher exception level\r\n'
b'[    0.000000] arch_timer: cp15 timer(s) running at 47.25MHz (virt).\r\n'
b'[    0.000000] clocksource: arch_sys_counter: mask: 0xffffffffffffff max_cycles: 0xae5b54743, max_idle_ns: 440795204480 ns\r\n'
b'[    0.000005] sched_clock: 56 bits at 47MHz, resolution 21ns, wraps every 4398046511098ns\r\n'
b'[    0.000255] Console: colour dummy device 80x25\r\n'
b'[    0.297562] console [ttyS0] enabled\r\n'
b'[    0.301046] Calibrating delay loop (skipped), value calculated using timer frequency.. 94.50 BogoMIPS (lpj=47250)\r\n'
b'[    0.311285] pid_max: default: 32768 minimum: 301\r\n'
b'[    0.315986] Mount-cache hash table entries: 4096 (order: 3, 32768 bytes)\r\n'
b'[    0.322686] Mountpoint-cache hash table entries: 4096 (order: 3, 32768 bytes)\r\n'
b'[    0.333871] ASID allocator initialised with 32768 entries\r\n'
b'[    0.341280] Hierarchical SRCU implementation.\r\n'
b'[    0.349666] smp: Bringing up secondary CPUs ...\r\n'
b'[    0.361288] Detected VIPT I-cache on CPU1\r\n'
b'[    0.365317] CPU1: Booted secondary processor [410fd034]\r\n'
b'[    0.377379] Detected VIPT I-cache on CPU2\r\n'
b'[    0.381390] CPU2: Booted secondary processor [410fd034]\r\n'
b'[    0.393482] Detected VIPT I-cache on CPU3\r\n'
b'[    0.397493] CPU3: Booted secondary processor [410fd034]\r\n'
b'[    0.402771] smp: Brought up 1 node, 4 CPUs\r\n'
b'[    0.406867] SMP: Total of 4 processors activated.\r\n'
b'[    0.411559] CPU features: detected: 32-bit EL0 Support\r\n'
b'[    0.417183] CPU: All CPU(s) started at EL1\r\n'
b'[    0.421283] alternatives: patching kernel code\r\n'
b'[    0.426836] devtmpfs: initialized\r\n'
b'[    0.435940] random: get_random_u32 called from bucket_table_alloc+0x108/0x268 with crng_init=0\r\n'
b'[    0.444880] clocksource: jiffies: mask: 0xffffffff max_cycles: 0xffffffff, max_idle_ns: 1911260446275000 ns\r\n'
b'[    0.454608] futex hash table entries: 1024 (order: 5, 131072 bytes)\r\n'
b'[    0.503135] pinctrl core: initialized pinctrl subsystem\r\n'
b'[    0.508694] NET: Registered protocol family 16\r\n'
b'[    0.513823] vdso: 2 pages (1 code @ ffffff8008515000, 1 data @ ffffff80086c4000)\r\n'
b'[    0.528107] DMA: preallocated 256 KiB pool for atomic allocations\r\n'
b'[    0.537394] ambarella-pinctrl ec003000.pinctrl: Ambarella pinctrl driver registered\r\n'
b'[    0.545752] ambarella-gpio ec003000.pinctrl:gpio@0: Ambarella GPIO driver registered\r\n'
b'[    0.560377] HugeTLB registered 2.00 MiB page size, pre-allocated 0 pages\r\n'
b'[    0.568174] ambarella-dma e0020000.dma: Ambarella DMA Engine \r\n'
b'[    0.574501] ambarella-dma e0021000.dma: Ambarella DMA Engine \r\n'
b'[    0.580734] ambarella-i2c e4008000.i2c: Ambarella I2C adapter[0] probed, clock:100000!\r\n'
b'[    0.588843] ambarella-i2c e4009000.i2c: Ambarella I2C adapter[1] probed, clock:100000!\r\n'
b'[    0.596947] ambarella-i2c e400a000.i2c: Ambarella I2C adapter[2] probed, clock:100000!\r\n'
b'[    0.605045] ambarella-i2c e400b000.i2c: Ambarella I2C adapter[3] probed, clock:100000!\r\n'
b'[    0.613828] clocksource: Switched to clocksource arch_sys_counter\r\n'
b'[    0.626109] NET: Registered protocol family 2\r\n'
b'[    0.630907] TCP established hash table entries: 16384 (order: 5, 131072 bytes)\r\n'
b'[    0.638277] TCP bind hash table entries: 16384 (order: 6, 262144 bytes)\r\n'
b'[    0.645209] TCP: Hash tables configured (established 16384 bind 16384)\r\n'
b'[    0.651853] UDP hash table entries: 1024 (order: 3, 32768 bytes)\r\n'
b'[    0.657905] UDP-Lite hash table entries: 1024 (order: 3, 32768 bytes)\r\n'
b'[    0.664487] NET: Registered protocol family 1\r\n'
b'[    0.669139] RPC: Registered named UNIX socket transport module.\r\n'
b'[    0.675063] RPC: Registered udp transport module.\r\n'
b'[    0.679754] RPC: Registered tcp transport module.\r\n'
b'[    0.684443] RPC: Registered tcp NFSv4.1 backchannel transport module.\r\n'
b'[    0.694548] workingset: timestamp_bits=62 max_order=19 bucket_order=0\r\n'
b'[    0.706672] squashfs: version 4.0 (2009/01/31) Phillip Lougher\r\n'
b'[    0.717121] Block layer SCSI generic (bsg) driver version 0.4 loaded (major 251)\r\n'
b'[    0.724510] io scheduler noop registered\r\n'
b'[    0.728422] io scheduler deadline registered\r\n'
b'[    0.732779] io scheduler cfq registered (default)\r\n'
b'[    0.737473] io scheduler mq-deadline registered\r\n'
b'[    0.741995] io scheduler kyber registered\r\n'
b'[    0.746560] ambarella-gdma e000c000.gdma: Ambarella GDMA driver init\r\n'
b'[    0.753285] e4000000.uart: ttyS0 at MMIO 0xe4000000 (irq = 11, base_baud = 1500000) is a ambuart\r\n'
b'[    0.762370] e0017000.uart: ttyS1 at MMIO 0xe0017000 (irq = 32, base_baud = 1500000) is a ambuart\r\n'
b'[    0.771421] e001a000.uart: ttyS4 at MMIO 0xe001a000 (irq = 33, base_baud = 1500000) is a ambuart\r\n'
b'[    0.780497] cacheinfo: Unable to detect cache hierarchy for CPU 0\r\n'
b'[    0.787169] brd: module loaded\r\n'
b'[    0.796195] loop: module loaded\r\n'
b'[    0.799469] mousedev: PS/2 mouse device common for all mice\r\n'
b'[    0.805364] ambarella-rtc e8001000.rtc: rtc core: registered e8001000.rtc as rtc0\r\n'
b'[    0.812837] ambarella-rtc e8001000.rtc: Warning: RTC lost power.....\r\n'
b'[    0.824474] ambarella-wdt ec002000.wdt: Ambarella Watchdog Timer Probed.\r\n'
b'[    1.184904] ambarella-sd e0004000.sdmmc0: Max frequency is 120000000Hz\r\n'
b'[    1.570873] ambarella-sd e0005000.sdmmc1: Max frequency is 48000000Hz\r\n'
b'[    1.577583] Initializing XFRM netlink socket\r\n'
b'[    1.581859] NET: Registered protocol family 17\r\n'
b'[    1.586320] Key type dns_resolver registered\r\n'
b'[    1.596449] console [netcon0] enabled\r\n'
b'[    1.600122] netconsole: network logging started\r\n'
b'[    1.621563] ambarella-rtc e8001000.rtc: setting system clock to 1970-02-20 06:19:48 UTC (4342788)\r\n'
b'[    1.630808] Waiting for root device /dev/mmcblk0p9...\r\n'
b'[    1.750380] mmc0: new high speed MMC card at address 0001\r\n'
b'[    1.777094] mmcblk0: mmc0:0001 S0J57X 29.6 GiB \r\n'
b'[    1.804064] mmcblk0boot0: mmc0:0001 S0J57X partition 1 31.5 MiB\r\n'
b'[    1.810149] mmcblk0boot1: mmc0:0001 S0J57X partition 2 31.5 MiB\r\n'
b'[    1.826114] mmcblk0rpmb: mmc0:0001 S0J57X partition 3 4.00 MiB, chardev (250:0)\r\n'
b'[    1.845857]  (bst): 0x0000000000000000, 0x0000000000001000\r\n'
b'[    1.851336]  (bld): 0x0000000000001000, 0x0000000000100000\r\n'
b'[    1.856828]  (ptb): 0x0000000000101000, 0x00000000000e0000\r\n'
b'[    1.862316]  (atf): 0x00000000001e1000, 0x0000000000100000\r\n'
b'[    1.867805]  (pba): 0x00000000002e1000, 0x0000000001000000\r\n'
b'[    1.873293]  (pri): 0x00000000012e1000, 0x0000000001000000\r\n'
b'[    1.878779]  (sec): 0x00000000022e1000, 0x0000000040000000\r\n'
b'[    1.884255]  (dsp): 0x00000000422e1000, 0x0000000006400000\r\n'
b'[    1.889730]  (lnx): 0x00000000486e1000, 0x0000000026600000\r\n'
b'[    1.895218]  (add): 0x000000006ece1000, 0x0000000080000000\r\n'
b'[    1.900706]  (raw): 0x00000000eece1000, 0x000000067a31f000\r\n'
b'[    1.906190]  mmcblk0: p1(bst) p2(bld) p3(ptb) p4(atf) p5(pba) p6(pri) p7(sec) p8(dsp) p9(lnx) p10(add) p11(raw)\r\n'
b'[    1.931230] EXT4-fs (mmcblk0p9): mounted filesystem with ordered data mode. Opts: (null)\r\n'
b'[    1.939348] VFS: Mounted root (ext4 filesystem) on device 179:9.\r\n'
b'[    1.946238] devtmpfs: mounted\r\n'
b'[    1.949427] Freeing unused kernel memory: 320K\r\n'
b'[    1.958085] mmc1: new high speed SDHC card at address aaaa\r\n'
b'[    1.963873] mmcblk1: mmc1:aaaa SC32G 29.7 GiB \r\n'
b'[    1.970127] random: fast init done\r\n'
b'[    1.973578]  mmcblk1: p1\r\n'
b'[    2.083879] EXT4-fs (mmcblk0p9): re-mounted. Opts: errors=remount-ro,data=ordered\r\n'
b'net.core.wmem_default = 524288\r\n'
b'net.core.wmem_max = 1048576\r\n'
b'vm.laptop_mode = 0\r\n'
b'vm.min_free_kbytes = 8192\r\n'
b'vm.vfs_cache_pressure = 160\r\n'
b'vm.dirty_expire_centisecs = 600\r\n'
b'vm.dirty_writeback_centisecs = 200\r\n'
b'vm.dirty_ratio = 3\r\n'
b'vm.di[    2.152658] i2c /dev entries driver\r\n'
b'rty_background_ratio = 3\r\n'
b'[    2.165122] ambarella-spi e0011000.spi: Ambarella spi controller 0 created.\r\r\n'
b'[    2.212568] ambad: loading out-of-tree module taints kernel.\r\n'
b'[    2.218780] amba_debug_init 248:0.\r\n'
b'Populating cv22_bmap using udev: Starting version v242-1.amba\r\n'
b'Done\r\n'
b'Loading CV22 private driver: [    2.562338] pps_core: LinuxPPS API ver. 1 registered\r\n'
b'[    2.567313] pps_core: Software ver. 5.3.6 - Copyright 2005-2007 Rodolfo Giometti <giometti@linux.it>\r\n'
b'[    2.584558] pps pps0: new PPS source pps.-1\r\n'
b'[    2.588857] pps pps0: Registered IRQ 39 as PPS source\r\n'
b'[    2.708651] libphy: Fixed MDIO Bus: probed\r\n'
b'[    2.877857] libphy: Ambarella MDIO Bus: probed\r\n'
b'[    2.890944] rtl9000_probe id 1c\r\n'
b'[    2.894222] rtl9000_probe id cb00\r\n'
b'[    2.897776] ambarella-eth e000e000.ethernet: Enhance Ethernet PHY[0]: 0x001ccb00!\r\n'
b'[    2.905371] EXT4-fs (mmcblk0p8): Unrecognized mount option "flush" or missing value\r\n'
b'[    2.905915] ambarella-eth e000e000.ethernet: CONFIG_PTP_1588_CLOCK is not set\r\n'
b'[    2.920168] ambarella-eth e000e000.ethernet: MAC Address[92:ba:a6:72:5d:3c].\r\n'
b'modprobe: module ambarella_sd not found in modules.dep\r\n'
b'[    2.946217] EXT4-fs (mmcblk0p7): Unrecognized mount option "flush" or missing value\r\n'
b'modprobe: module mmc_block not found in modules.dep\r\n'
b'[    2.981782] usbcore: registered new interface driver usbfs\r\n'
b'[    2.987329] usbcore: registered new interface driver hub\r\n'
b'[    2.992747] usbcore: registered new device driver usb\r\n'
b"[    3.004013] ehci_hcd: USB 2.0 'Enhanced' Host Controller (EHCI) Driver\r\n"
b'[    3.009716] FAT-fs (mmcblk1p1): Volume was not properly unmounted. Some data may be corrupt. Please run fsck.\r\n'
b'[    3.015296] ehci-ambarella: AMBARELLA-EHCI Host Controller driver\r\n'
b'[    3.026782] ambarella-ehci e001f000.ehci: EHCI Host Controller\r\n'
b'[    3.032630] ambarella-ehci e001f000.ehci: new USB bus registered, assigned bus number 1\r\n'
b'[    3.041486] ambarella-ehci e001f000.ehci: irq 26, io mem 0xe001f000\r\n'
b'[    3.053852] ambarella-ehci e001f000.ehci: USB 2.0 started, EHCI 1.00\r\n'
b'[    3.060397] usb usb1: New USB device found, idVendor=1d6b, idProduct=0002\r\n'
b'[    3.067180] usb usb1: New USB device strings: Mfr=3, Product=2, SerialNumber=1\r\n'
b'[    3.074390] usb usb1: Product: EHCI Host Controller\r\n'
b'[    3.079257] usb usb1: Manufacturer: Linux 4.14.181 ehci_hcd\r\n'
b'[    3.084824] usb usb1: SerialNumber: AmbUSB\r\n'
b'[    3.089387] hub 1-0:1.0: USB hub found\r\n'
b'[    3.093159] hub 1-0:1.0: 1 port detected\r\n'
b"[    3.107950] ohci_hcd: USB 1.1 'Open' Host Controller (OHCI) Driver\r\n"
b'[    3.114387] ambarella-ohci e001e000.ohci: Ambarella OHCI\r\n'
b'[    3.119717] ambarella-ohci e001e000.ohci: new USB bus registered, assigned bus number 2\r\n'
b'[    3.127766] ambarella-ohci e001e000.ohci: irq 25, io mem 0xe001e000\r\n'
b'[    3.190026] usb usb2: New USB device found, idVendor=1d6b, idProduct=0001\r\n'
b'[    3.196808] usb usb2: New USB device strings: Mfr=3, Product=2, SerialNumber=1\r\n'
b'[    3.204016] usb usb2: Product: Ambarella OHCI\r\n'
b'[    3.208363] usb usb2: Manufacturer: Linux 4.14.181 ohci_hcd\r\n'
b'[    3.213923] usb usb2: SerialNumber: AmbUSB\r\n'
b'[    3.218451] hub 2-0:1.0: USB hub found\r\n'
b'[    3.222220] hub 2-0:1.0: 1 port detected\r\n'
b'[    3.236815] ambarella-udc e0006000.udc: ambarella_udc: version 21 Jan 2016\r\n'
b'[    3.272901] using random self ethernet address\r\n'
b'[    3.277350] using random host ethernet address\r\n'
b'[    3.282204] usb0: HOST MAC c2:3a:50:66:58:6f\r\n'
b'[    3.286543] usb0: MAC 66:ac:c6:7f:54:3c\r\n'
b'[    3.290409] using random self ethernet address\r\n'
b'[    3.294844] using random host ethernet address\r\n'
b'[    3.299338] g_ether gadget: Ethernet Gadget, version: Memorial Day 2008\r\n'
b'[    3.305945] g_ether gadget: g_ether ready\r\n'
b'Install Auido...\r\n'
b'[    3.412882] usb usb1-port1: over-current condition\r\n'
b'[    3.496466] asoc-simple-card sound: nau8822-hifi <-> e001d000.i2s mapping ok\r\n'
b'[    3.504331] asoc-simple-card sound: amba_dummy_codec <-> e001d000.i2s mapping ok\r\n'
b'[    3.506135] g_ether gadget: high-speed config #2: RNDIS\r\n'
b'OK!\r\n'
b'Initializing random number generator... [    3.660189] random: dd: uninitialized urandom read (512 bytes read)\r\n'
b'done.\r\n'
b'Starting network...\r\n'
b'ip: RTNETLINK answers: File exists\r\n'
b'ifup: interface eth0 already configured\r\n'
b'Starting nginx: OK\r\n'
b'Starting fcgiwrap: OK\r\n'
b'[    3.760705] ambarella_fb bogus_bus:framebuffer@0: 720x480, argb1555, 16 bits per pixel, buf pitch = 1440\r\n'
b'[    3.773281] ambarella_fb bogus_bus:framebuffer@1: 720x480, argb1555, 16 bits per pixel, buf pitch = 1440\r\n'
b'\r\r\n'
b'\r\n'
b'\rWelcome to Ambarella\r\n'
b'\rAmbarella login: '
b''
重启第 4 次
b'\r\r\n'
b'\r\n'
b'\rWelcome to Ambarella\r\n'
b'\rAmbarella login: \r\r\n'
b'\r\n'
b'\rWelcome to Ambarella\r\n'
b'\rAmbarella login: root\r\n'
b"login[334]: root login on 'ttyS0'\r\r\n"
b'# \r\n'
b'# reboot\r\n'
b'# [   30.046329] EXT4-fs (mmcblk0p9): re-mounted. Opts: (null)\r\n'
b'\rThe system is going down NOW!\r\n'
b'\rSent SIGTERM to all processes\r\n'
b'\rSent SIGKILL to all processes\r\n'
b'\rRequesting system reboot\r\n'
b'[   32.748863] hub 2-0:1.0: over-current condition\r\n'
b'[   32.786196] ambarella-wdt ec002000.wdt: ambarella_wdt_shutdown @ 5.\r\n'
b'[   32.792524] reboot: Restarting system\r\n'
b'\x1b[4l\r\n'
b'[    0.000000] Booting Linux on physical CPU 0x0\r\n'
b'[    0.000000] Linux version 4.14.181 (zy@zy-VirtualBox) (gcc version 8.2.1 20180802 (Linaro GCC 8.2-2018.08~dev)) #1 SMP PREEMPT Thu Oct 15 15:36:17 CST 2020\r\n'
b'[    0.000000] Boot CPU: AArch64 Processor [410fd034]\r\n'
b'[    0.000000] Machine model: Ambarella CV22 Walnut Board\r\n'
b'[    0.000000] Reserved memory: created CMA memory pool at 0x000000003cc00000, size 48 MiB\r\n'
b'[    0.000000] OF: reserved mem: initialized node linux,cma, compatible id shared-dma-pool\r\n'
b'[    0.000000] Reserved memory: created CMA memory pool at 0x0000000040000000, size 508 MiB\r\n'
b'[    0.000000] OF: reserved mem: initialized node iav@0x40000000, compatible id shared-dma-pool\r\n'
b'[    0.000000] Reserved memory: created CMA memory pool at 0x0000000060000000, size 508 MiB\r\n'
b'[    0.000000] OF: reserved mem: initialized node cavalry@0x60000000, compatible id shared-dma-pool\r\n'
b'[    0.000000] percpu: Embedded 19 pages/cpu s38552 r8192 d31080 u77824\r\n'
b'[    0.000000] Detected VIPT I-cache on CPU0\r\n'
b'[    0.000000] CPU features: enabling workaround for ARM erratum 845719\r\n'
b'[    0.000000] Built 1 zonelists, mobility grouping on.  Total pages: 515592\r\n'
b'[    0.000000] Kernel command line: console=ttyS0 noinitrd root=/dev/mmcblk0p9 rw rootfstype=ext4 init=/linuxrc rootwait\r\n'
b'[    0.000000] PID hash table entries: 4096 (order: 3, 32768 bytes)\r\n'
b'[    0.000000] Dentry cache hash table entries: 262144 (order: 9, 2097152 bytes)\r\n'
b'[    0.000000] Inode-cache hash table entries: 131072 (order: 8, 1048576 bytes)\r\n'
b'[    0.000000] Memory: 962048K/2095104K available (4670K kernel code, 432K rwdata, 1336K rodata, 320K init, 224K bss, 43520K reserved, 1089536K cma-reserved)\r\n'
b'[    0.000000] Virtual kernel memory layout:\r\n'
b'[    0.000000]     modules : 0xffffff8000000000 - 0xffffff8008000000   (   128 MB)\r\n'
b'[    0.000000]     vmalloc : 0xffffff8008000000 - 0xffffffbebfff0000   (   250 GB)\r\n'
b'[    0.000000]       .text : 0xffffff8008080000 - 0xffffff8008510000   (  4672 KB)\r\n'
b'[    0.000000]     .rodata : 0xffffff8008510000 - 0xffffff8008670000   (  1408 KB)\r\n'
b'[    0.000000]       .init : 0xffffff8008670000 - 0xffffff80086c0000   (   320 KB)\r\n'
b'[    0.000000]       .data : 0xffffff80086c0000 - 0xffffff800872c008   (   433 KB)\r\n'
b'[    0.000000]        .bss : 0xffffff800872c008 - 0xffffff8008764178   (   225 KB)\r\n'
b'[    0.000000]     fixed   : 0xffffffbefe7fb000 - 0xffffffbefec00000   (  4116 KB)\r\n'
b'[    0.000000]     PCI I/O : 0xffffffbefee00000 - 0xffffffbeffe00000   (    16 MB)\r\n'
b'[    0.000000]     vmemmap : 0xffffffbf00000000 - 0xffffffc000000000   (     4 GB maximum)\r\n'
b'[    0.000000]               0xffffffbf00008000 - 0xffffffbf02000000   (    31 MB actual)\r\n'
b'[    0.000000]     memory  : 0xffffffc000200000 - 0xffffffc080000000   (  2046 MB)\r\n'
b'[    0.000000] SLUB: HWalign=64, Order=0-3, MinObjects=0, CPUs=4, Nodes=1\r\n'
b'[    0.000000] Preemptible hierarchical RCU implementation.\r\n'
b'[    0.000000] \tTasks RCU enabled.\r\n'
b'[    0.000000] NR_IRQS: 64, nr_irqs: 64, preallocated irqs: 0\r\n'
b'[    0.000000] CPU features: GIC system register CPU interface present but disabled by higher exception level\r\n'
b'[    0.000000] arch_timer: cp15 timer(s) running at 47.25MHz (virt).\r\n'
b'[    0.000000] clocksource: arch_sys_counter: mask: 0xffffffffffffff max_cycles: 0xae5b54743, max_idle_ns: 440795204480 ns\r\n'
b'[    0.000005] sched_clock: 56 bits at 47MHz, resolution 21ns, wraps every 4398046511098ns\r\n'
b'[    0.000255] Console: colour dummy device 80x25\r\n'
b'[    0.297563] console [ttyS0] enabled\r\n'
b'[    0.301048] Calibrating delay loop (skipped), value calculated using timer frequency.. 94.50 BogoMIPS (lpj=47250)\r\n'
b'[    0.311287] pid_max: default: 32768 minimum: 301\r\n'
b'[    0.315989] Mount-cache hash table entries: 4096 (order: 3, 32768 bytes)\r\n'
b'[    0.322689] Mountpoint-cache hash table entries: 4096 (order: 3, 32768 bytes)\r\n'
b'[    0.333872] ASID allocator initialised with 32768 entries\r\n'
b'[    0.341282] Hierarchical SRCU implementation.\r\n'
b'[    0.349667] smp: Bringing up secondary CPUs ...\r\n'
b'[    0.361289] Detected VIPT I-cache on CPU1\r\n'
b'[    0.365318] CPU1: Booted secondary processor [410fd034]\r\n'
b'[    0.377380] Detected VIPT I-cache on CPU2\r\n'
b'[    0.381392] CPU2: Booted secondary processor [410fd034]\r\n'
b'[    0.393483] Detected VIPT I-cache on CPU3\r\n'
b'[    0.397495] CPU3: Booted secondary processor [410fd034]\r\n'
b'[    0.402773] smp: Brought up 1 node, 4 CPUs\r\n'
b'[    0.406869] SMP: Total of 4 processors activated.\r\n'
b'[    0.411561] CPU features: detected: 32-bit EL0 Support\r\n'
b'[    0.417182] CPU: All CPU(s) started at EL1\r\n'
b'[    0.421282] alternatives: patching kernel code\r\n'
b'[    0.426826] devtmpfs: initialized\r\n'
b'[    0.435931] random: get_random_u32 called from bucket_table_alloc+0x108/0x268 with crng_init=0\r\n'
b'[    0.444866] clocksource: jiffies: mask: 0xffffffff max_cycles: 0xffffffff, max_idle_ns: 1911260446275000 ns\r\n'
b'[    0.454594] futex hash table entries: 1024 (order: 5, 131072 bytes)\r\n'
b'[    0.502903] pinctrl core: initialized pinctrl subsystem\r\n'
b'[    0.508467] NET: Registered protocol family 16\r\n'
b'[    0.513595] vdso: 2 pages (1 code @ ffffff8008515000, 1 data @ ffffff80086c4000)\r\n'
b'[    0.528114] DMA: preallocated 256 KiB pool for atomic allocations\r\n'
b'[    0.537402] ambarella-pinctrl ec003000.pinctrl: Ambarella pinctrl driver registered\r\n'
b'[    0.545760] ambarella-gpio ec003000.pinctrl:gpio@0: Ambarella GPIO driver registered\r\n'
b'[    0.560370] HugeTLB registered 2.00 MiB page size, pre-allocated 0 pages\r\n'
b'[    0.568178] ambarella-dma e0020000.dma: Ambarella DMA Engine \r\n'
b'[    0.574507] ambarella-dma e0021000.dma: Ambarella DMA Engine \r\n'
b'[    0.580739] ambarella-i2c e4008000.i2c: Ambarella I2C adapter[0] probed, clock:100000!\r\n'
b'[    0.588850] ambarella-i2c e4009000.i2c: Ambarella I2C adapter[1] probed, clock:100000!\r\n'
b'[    0.596954] ambarella-i2c e400a000.i2c: Ambarella I2C adapter[2] probed, clock:100000!\r\n'
b'[    0.605053] ambarella-i2c e400b000.i2c: Ambarella I2C adapter[3] probed, clock:100000!\r\n'
b'[    0.613841] clocksource: Switched to clocksource arch_sys_counter\r\n'
b'[    0.626159] NET: Registered protocol family 2\r\n'
b'[    0.630961] TCP established hash table entries: 16384 (order: 5, 131072 bytes)\r\n'
b'[    0.638331] TCP bind hash table entries: 16384 (order: 6, 262144 bytes)\r\n'
b'[    0.645260] TCP: Hash tables configured (established 16384 bind 16384)\r\n'
b'[    0.651906] UDP hash table entries: 1024 (order: 3, 32768 bytes)\r\n'
b'[    0.657959] UDP-Lite hash table entries: 1024 (order: 3, 32768 bytes)\r\n'
b'[    0.664540] NET: Registered protocol family 1\r\n'
b'[    0.669188] RPC: Registered named UNIX socket transport module.\r\n'
b'[    0.675111] RPC: Registered udp transport module.\r\n'
b'[    0.679803] RPC: Registered tcp transport module.\r\n'
b'[    0.684493] RPC: Registered tcp NFSv4.1 backchannel transport module.\r\n'
b'[    0.694564] workingset: timestamp_bits=62 max_order=19 bucket_order=0\r\n'
b'[    0.706694] squashfs: version 4.0 (2009/01/31) Phillip Lougher\r\n'
b'[    0.717079] Block layer SCSI generic (bsg) driver version 0.4 loaded (major 251)\r\n'
b'[    0.724463] io scheduler noop registered\r\n'
b'[    0.728380] io scheduler deadline registered\r\n'
b'[    0.732732] io scheduler cfq registered (default)\r\n'
b'[    0.737430] io scheduler mq-deadline registered\r\n'
b'[    0.741948] io scheduler kyber registered\r\n'
b'[    0.746509] ambarella-gdma e000c000.gdma: Ambarella GDMA driver init\r\n'
b'[    0.753230] e4000000.uart: ttyS0 at MMIO 0xe4000000 (irq = 11, base_baud = 1500000) is a ambuart\r\n'
b'[    0.762310] e0017000.uart: ttyS1 at MMIO 0xe0017000 (irq = 32, base_baud = 1500000) is a ambuart\r\n'
b'[    0.771364] e001a000.uart: ttyS4 at MMIO 0xe001a000 (irq = 33, base_baud = 1500000) is a ambuart\r\n'
b'[    0.780441] cacheinfo: Unable to detect cache hierarchy for CPU 0\r\n'
b'[    0.787127] brd: module loaded\r\n'
b'[    0.796177] loop: module loaded\r\n'
b'[    0.799448] mousedev: PS/2 mouse device common for all mice\r\n'
b'[    0.805337] ambarella-rtc e8001000.rtc: rtc core: registered e8001000.rtc as rtc0\r\n'
b'[    0.812808] ambarella-rtc e8001000.rtc: Warning: RTC lost power.....\r\n'
b'[    0.824490] ambarella-wdt ec002000.wdt: Ambarella Watchdog Timer Probed.\r\n'
b'[    1.183918] ambarella-sd e0004000.sdmmc0: Max frequency is 120000000Hz\r\n'
b'[    1.569886] ambarella-sd e0005000.sdmmc1: Max frequency is 48000000Hz\r\n'
b'[    1.576598] Initializing XFRM netlink socket\r\n'
b'[    1.580874] NET: Registered protocol family 17\r\n'
b'[    1.585337] Key type dns_resolver registered\r\n'
b'[    1.595478] console [netcon0] enabled\r\n'
b'[    1.599150] netconsole: network logging started\r\n'
b'[    1.620577] ambarella-rtc e8001000.rtc: setting system clock to 1970-02-20 06:19:48 UTC (4342788)\r\n'
b'[    1.629828] Waiting for root device /dev/mmcblk0p9...\r\n'
b'[    1.749397] mmc0: new high speed MMC card at address 0001\r\n'
b'[    1.776113] mmcblk0: mmc0:0001 S0J57X 29.6 GiB \r\n'
b'[    1.803084] mmcblk0boot0: mmc0:0001 S0J57X partition 1 31.5 MiB\r\n'
b'[    1.809168] mmcblk0boot1: mmc0:0001 S0J57X partition 2 31.5 MiB\r\n'
b'[    1.825133] mmcblk0rpmb: mmc0:0001 S0J57X partition 3 4.00 MiB, chardev (250:0)\r\n'
b'[    1.844871]  (bst): 0x0000000000000000, 0x0000000000001000\r\n'
b'[    1.850350]  (bld): 0x0000000000001000, 0x0000000000100000\r\n'
b'[    1.855842]  (ptb): 0x0000000000101000, 0x00000000000e0000\r\n'
b'[    1.861329]  (atf): 0x00000000001e1000, 0x0000000000100000\r\n'
b'[    1.866818]  (pba): 0x00000000002e1000, 0x0000000001000000\r\n'
b'[    1.872307]  (pri): 0x00000000012e1000, 0x0000000001000000\r\n'
b'[    1.877793]  (sec): 0x00000000022e1000, 0x0000000040000000\r\n'
b'[    1.883268]  (dsp): 0x00000000422e1000, 0x0000000006400000\r\n'
b'[    1.888743]  (lnx): 0x00000000486e1000, 0x0000000026600000\r\n'
b'[    1.894230]  (add): 0x000000006ece1000, 0x0000000080000000\r\n'
b'[    1.899718]  (raw): 0x00000000eece1000, 0x000000067a31f000\r\n'
b'[    1.905202]  mmcblk0: p1(bst) p2(bld) p3(ptb) p4(atf) p5(pba) p6(pri) p7(sec) p8(dsp) p9(lnx) p10(add) p11(raw)\r\n'
b'[    1.930966] EXT4-fs (mmcblk0p9): mounted filesystem with ordered data mode. Opts: (null)\r\n'
b'[    1.939081] VFS: Mounted root (ext4 filesystem) on device 179:9.\r\n'
b'[    1.945963] devtmpfs: mounted\r\n'
b'[    1.949143] Freeing unused kernel memory: 320K\r\n'
b'[    1.957447] mmc1: new high speed SDHC card at address aaaa\r\n'
b'[    1.963213] mmcblk1: mmc1:aaaa SC32G 29.7 GiB \r\n'
b'[    1.969632] random: fast init done\r\n'
b'[    1.973082]  mmcblk1: p1\r\n'
b'[    2.083250] EXT4-fs (mmcblk0p9): re-mounted. Opts: errors=remount-ro,data=ordered\r\n'
b'net.core.wmem_default = 524288\r\n'
b'net.core.wmem_max = 1048576\r\n'
b'vm.laptop_mode = 0\r\n'
b'vm.min_free_kbytes = 8192\r\n'
b'vm.vfs_cache_pressure = 160\r\n'
b'vm.dirty_expire_centisecs = 600\r\n'
b'vm.dirty_writeback_centisecs = 200\r\n'
b'vm.dirty_ratio = 3\r\n'
b'vm.di[    2.151600] i2c /dev entries driver\r\n'
b'rty_background_ratio = 3\r\n'
b'[    2.164202] ambarella-spi e0011000.spi: Ambarella spi controller 0 created.\r\r\n'
b'[    2.211718] ambad: loading out-of-tree module taints kernel.\r\n'
b'[    2.217910] amba_debug_init 248:0.\r\n'
b'Populating cv22_bmap using udev: Starting version v242-1.amba\r\n'
b'Done\r\n'
b'Loading CV22 private driver: [    2.545160] pps_core: LinuxPPS API ver. 1 registered\r\n'
b'[    2.550131] pps_core: Software ver. 5.3.6 - Copyright 2005-2007 Rodolfo Giometti <giometti@linux.it>\r\n'
b'[    2.572323] pps pps0: new PPS source pps.-1\r\n'
b'[    2.576598] pps pps0: Registered IRQ 39 as PPS source\r\n'
b'[    2.663701] libphy: Fixed MDIO Bus: probed\r\n'
b'[    2.798884] libphy: Ambarella MDIO Bus: probed\r\n'
b'[    2.812660] rtl9000_probe id 1c\r\n'
b'[    2.815875] rtl9000_probe id cb00\r\n'
b'[    2.819277] ambarella-eth e000e000.ethernet: Enhance Ethernet PHY[0]: 0x001ccb00!\r\n'
b'[    2.827312] ambarella-eth e000e000.ethernet: CONFIG_PTP_1588_CLOCK is not set\r\n'
b'[    2.834505] ambarella-eth e000e000.ethernet: MAC Address[56:cf:12:7b:d6:91].\r\n'
b'modprobe: module ambarella_sd not found in modules.dep\r\n'
b'modprobe: module mmc_block not found in modules.dep\r\n'
b'[    2.908322] usbcore: registered new interface driver usbfs\r\n'
b'[    2.909828] EXT4-fs (mmcblk0p8): Unrecognized mount option "flush" or missing value\r\n'
b'[    2.913886] usbcore: registered new interface driver hub\r\n'
b'[    2.926896] usbcore: registered new device driver usb\r\n'
b"[    2.938235] ehci_hcd: USB 2.0 'Enhanced' Host Controller (EHCI) Driver\r\n"
b'[    2.942687] EXT4-fs (mmcblk0p7): Unrecognized mount option "flush" or missing value\r\n'
b'[    2.957023] ehci-ambarella: AMBARELLA-EHCI Host Controller driver\r\n'
b'[    2.963565] ambarella-ehci e001f000.ehci: EHCI Host Controller\r\n'
b'[    2.969453] ambarella-ehci e001f000.ehci: new USB bus registered, assigned bus number 1\r\n'
b'[    2.970354] FAT-fs (mmcblk1p1): Volume was not properly unmounted. Some data may be corrupt. Please run fsck.\r\n'
b'[    2.987972] ambarella-ehci e001f000.ehci: irq 26, io mem 0xe001f000\r\n'
b'[    3.001859] ambarella-ehci e001f000.ehci: USB 2.0 started, EHCI 1.00\r\n'
b'[    3.008383] usb usb1: New USB device found, idVendor=1d6b, idProduct=0002\r\n'
b'[    3.015166] usb usb1: New USB device strings: Mfr=3, Product=2, SerialNumber=1\r\n'
b'[    3.022404] usb usb1: Product: EHCI Host Controller\r\n'
b'[    3.027273] usb usb1: Manufacturer: Linux 4.14.181 ehci_hcd\r\n'
b'[    3.032840] usb usb1: SerialNumber: AmbUSB\r\n'
b'[    3.037440] hub 1-0:1.0: USB hub found\r\n'
b'[    3.041216] hub 1-0:1.0: 1 port detected\r\n'
b"[    3.055997] ohci_hcd: USB 1.1 'Open' Host Controller (OHCI) Driver\r\n"
b'[    3.062436] ambarella-ohci e001e000.ohci: Ambarella OHCI\r\n'
b'[    3.067759] ambarella-ohci e001e000.ohci: new USB bus registered, assigned bus number 2\r\n'
b'[    3.075803] ambarella-ohci e001e000.ohci: irq 25, io mem 0xe001e000\r\n'
b'[    3.138017] usb usb2: New USB device found, idVendor=1d6b, idProduct=0001\r\n'
b'[    3.144815] usb usb2: New USB device strings: Mfr=3, Product=2, SerialNumber=1\r\n'
b'[    3.152025] usb usb2: Product: Ambarella OHCI\r\n'
b'[    3.156372] usb usb2: Manufacturer: Linux 4.14.181 ohci_hcd\r\n'
b'[    3.161931] usb usb2: SerialNumber: AmbUSB\r\n'
b'[    3.166473] hub 2-0:1.0: USB hub found\r\n'
b'[    3.170242] hub 2-0:1.0: 1 port detected\r\n'
b'[    3.184755] ambarella-udc e0006000.udc: ambarella_udc: version 21 Jan 2016\r\n'
b'[    3.219124] using random self ethernet address\r\n'
b'[    3.223573] using random host ethernet address\r\n'
b'[    3.228427] usb0: HOST MAC ea:db:0c:dc:de:62\r\n'
b'[    3.232770] usb0: MAC 5e:d8:93:97:c7:77\r\n'
b'[    3.237009] using random self ethernet address\r\n'
b'[    3.241448] using random host ethernet address\r\n'
b'[    3.245941] g_ether gadget: Ethernet Gadget, version: Memorial Day 2008\r\n'
b'[    3.252553] g_ether gadget: g_ether ready\r\n'
b'Install Auido...\r\n'
b'[    3.355903] usb usb1-port1: over-current condition\r\n'
b'[    3.446927] asoc-simple-card sound: nau8822-hifi <-> e001d000.i2s mapping ok\r\n'
b'[    3.452358] g_ether gadget: high-speed config #2: RNDIS\r\n'
b'[    3.454774] asoc-simple-card sound: amba_dummy_codec <-> e001d000.i2s mapping ok\r\n'
b'OK!\r\n'
b'Initializing random number generator... [    3.610661] random: dd: uninitialized urandom read (512 bytes read)\r\n'
b'done.\r\n'
b'Starting network...\r\n'
b'ip: RTNETLINK answers: File exists\r\n'
b'ifup: interface eth0 already configured\r\n'
b'Starting nginx: OK\r\n'
b'Starting fcgiwrap: OK\r\n'
b'[    3.710914] ambarella_fb bogus_bus:framebuffer@0: 720x480, argb1555, 16 bits per pixel, buf pitch = 1440\r\n'
b'[    3.724300] ambarella_fb bogus_bus:framebuffer@1: 720x480, argb1555, 16 bits per pixel, buf pitch = 1440\r\n'
b'\r\r\n'
b'\r\n'
b'\rWelcome to Ambarella\r\n'
b'\rAmbarella login: '
b''
重启第 5 次
b'\r\r\n'
b'\r\n'
b'\rWelcome to Ambarella\r\n'
b'\rAmbarella login: \r\r\n'
b'\r\n'
b'\rWelcome to Ambarella\r\n'
b'\rAmbarella login: root\r\n'
b"login[331]: root login on 'ttyS0'\r\r\n"
b'# \r\n'
b'# reboot\r\n'
b'# [   29.989312] EXT4-fs (mmcblk0p9): re-mounted. Opts: (null)\r\n'
b'\rThe system is going down NOW!\r\n'
b'\rSent SIGTERM to all processes\r\n'
b'\rSent SIGKILL to all processes\r\n'
b'\rRequesting system reboot\r\n'
b'[   32.683879] hub 2-0:1.0: over-current condition\r\n'
b'[   32.721213] ambarella-wdt ec002000.wdt: ambarella_wdt_shutdown @ 5.\r\n'
b'[   32.727514] reboot: Restarting system\r\n'
b'\x1b[4l\r\n'
b'[    0.000000] Booting Linux on physical CPU 0x0\r\n'
b'[    0.000000] Linux version 4.14.181 (zy@zy-VirtualBox) (gcc version 8.2.1 20180802 (Linaro GCC 8.2-2018.08~dev)) #1 SMP PREEMPT Thu Oct 15 15:36:17 CST 2020\r\n'
b'[    0.000000] Boot CPU: AArch64 Processor [410fd034]\r\n'
b'[    0.000000] Machine model: Ambarella CV22 Walnut Board\r\n'
b'[    0.000000] Reserved memory: created CMA memory pool at 0x000000003cc00000, size 48 MiB\r\n'
b'[    0.000000] OF: reserved mem: initialized node linux,cma, compatible id shared-dma-pool\r\n'
b'[    0.000000] Reserved memory: created CMA memory pool at 0x0000000040000000, size 508 MiB\r\n'
b'[    0.000000] OF: reserved mem: initialized node iav@0x40000000, compatible id shared-dma-pool\r\n'
b'[    0.000000] Reserved memory: created CMA memory pool at 0x0000000060000000, size 508 MiB\r\n'
b'[    0.000000] OF: reserved mem: initialized node cavalry@0x60000000, compatible id shared-dma-pool\r\n'
b'[    0.000000] percpu: Embedded 19 pages/cpu s38552 r8192 d31080 u77824\r\n'
b'[    0.000000] Detected VIPT I-cache on CPU0\r\n'
b'[    0.000000] CPU features: enabling workaround for ARM erratum 845719\r\n'
b'[    0.000000] Built 1 zonelists, mobility grouping on.  Total pages: 515592\r\n'
b'[    0.000000] Kernel command line: console=ttyS0 noinitrd root=/dev/mmcblk0p9 rw rootfstype=ext4 init=/linuxrc rootwait\r\n'
b'[    0.000000] PID hash table entries: 4096 (order: 3, 32768 bytes)\r\n'
b'[    0.000000] Dentry cache hash table entries: 262144 (order: 9, 2097152 bytes)\r\n'
b'[    0.000000] Inode-cache hash table entries: 131072 (order: 8, 1048576 bytes)\r\n'
b'[    0.000000] Memory: 962048K/2095104K available (4670K kernel code, 432K rwdata, 1336K rodata, 320K init, 224K bss, 43520K reserved, 1089536K cma-reserved)\r\n'
b'[    0.000000] Virtual kernel memory layout:\r\n'
b'[    0.000000]     modules : 0xffffff8000000000 - 0xffffff8008000000   (   128 MB)\r\n'
b'[    0.000000]     vmalloc : 0xffffff8008000000 - 0xffffffbebfff0000   (   250 GB)\r\n'
b'[    0.000000]       .text : 0xffffff8008080000 - 0xffffff8008510000   (  4672 KB)\r\n'
b'[    0.000000]     .rodata : 0xffffff8008510000 - 0xffffff8008670000   (  1408 KB)\r\n'
b'[    0.000000]       .init : 0xffffff8008670000 - 0xffffff80086c0000   (   320 KB)\r\n'
b'[    0.000000]       .data : 0xffffff80086c0000 - 0xffffff800872c008   (   433 KB)\r\n'
b'[    0.000000]        .bss : 0xffffff800872c008 - 0xffffff8008764178   (   225 KB)\r\n'
b'[    0.000000]     fixed   : 0xffffffbefe7fb000 - 0xffffffbefec00000   (  4116 KB)\r\n'
b'[    0.000000]     PCI I/O : 0xffffffbefee00000 - 0xffffffbeffe00000   (    16 MB)\r\n'
b'[    0.000000]     vmemmap : 0xffffffbf00000000 - 0xffffffc000000000   (     4 GB maximum)\r\n'
b'[    0.000000]               0xffffffbf00008000 - 0xffffffbf02000000   (    31 MB actual)\r\n'
b'[    0.000000]     memory  : 0xffffffc000200000 - 0xffffffc080000000   (  2046 MB)\r\n'
b'[    0.000000] SLUB: HWalign=64, Order=0-3, MinObjects=0, CPUs=4, Nodes=1\r\n'
b'[    0.000000] Preemptible hierarchical RCU implementation.\r\n'
b'[    0.000000] \tTasks RCU enabled.\r\n'
b'[    0.000000] NR_IRQS: 64, nr_irqs: 64, preallocated irqs: 0\r\n'
b'[    0.000000] CPU features: GIC system register CPU interface present but disabled by higher exception level\r\n'
b'[    0.000000] arch_timer: cp15 timer(s) running at 47.25MHz (virt).\r\n'
b'[    0.000000] clocksource: arch_sys_counter: mask: 0xffffffffffffff max_cycles: 0xae5b54743, max_idle_ns: 440795204480 ns\r\n'
b'[    0.000005] sched_clock: 56 bits at 47MHz, resolution 21ns, wraps every 4398046511098ns\r\n'
b'[    0.000254] Console: colour dummy device 80x25\r\n'
b'[    0.297557] console [ttyS0] enabled\r\n'
b'[    0.301041] Calibrating delay loop (skipped), value calculated using timer frequency.. 94.50 BogoMIPS (lpj=47250)\r\n'
b'[    0.311281] pid_max: default: 32768 minimum: 301\r\n'
b'[    0.315981] Mount-cache hash table entries: 4096 (order: 3, 32768 bytes)\r\n'
b'[    0.322681] Mountpoint-cache hash table entries: 4096 (order: 3, 32768 bytes)\r\n'
b'[    0.333864] ASID allocator initialised with 32768 entries\r\n'
b'[    0.341273] Hierarchical SRCU implementation.\r\n'
b'[    0.349658] smp: Bringing up secondary CPUs ...\r\n'
b'[    0.361281] Detected VIPT I-cache on CPU1\r\n'
b'[    0.365311] CPU1: Booted secondary processor [410fd034]\r\n'
b'[    0.377370] Detected VIPT I-cache on CPU2\r\n'
b'[    0.381382] CPU2: Booted secondary processor [410fd034]\r\n'
b'[    0.393473] Detected VIPT I-cache on CPU3\r\n'
b'[    0.397484] CPU3: Booted secondary processor [410fd034]\r\n'
b'[    0.402763] smp: Brought up 1 node, 4 CPUs\r\n'
b'[    0.406859] SMP: Total of 4 processors activated.\r\n'
b'[    0.411551] CPU features: detected: 32-bit EL0 Support\r\n'
b'[    0.417172] CPU: All CPU(s) started at EL1\r\n'
b'[    0.421272] alternatives: patching kernel code\r\n'
b'[    0.426817] devtmpfs: initialized\r\n'
b'[    0.435923] random: get_random_u32 called from bucket_table_alloc+0x108/0x268 with crng_init=0\r\n'
b'[    0.444860] clocksource: jiffies: mask: 0xffffffff max_cycles: 0xffffffff, max_idle_ns: 1911260446275000 ns\r\n'
b'[    0.454589] futex hash table entries: 1024 (order: 5, 131072 bytes)\r\n'
b'[    0.503006] pinctrl core: initialized pinctrl subsystem\r\n'
b'[    0.508560] NET: Registered protocol family 16\r\n'
b'[    0.513695] vdso: 2 pages (1 code @ ffffff8008515000, 1 data @ ffffff80086c4000)\r\n'
b'[    0.528099] DMA: preallocated 256 KiB pool for atomic allocations\r\n'
b'[    0.537390] ambarella-pinctrl ec003000.pinctrl: Ambarella pinctrl driver registered\r\n'
b'[    0.545747] ambarella-gpio ec003000.pinctrl:gpio@0: Ambarella GPIO driver registered\r\n'
b'[    0.560383] HugeTLB registered 2.00 MiB page size, pre-allocated 0 pages\r\n'
b'[    0.568179] ambarella-dma e0020000.dma: Ambarella DMA Engine \r\n'
b'[    0.574509] ambarella-dma e0021000.dma: Ambarella DMA Engine \r\n'
b'[    0.580738] ambarella-i2c e4008000.i2c: Ambarella I2C adapter[0] probed, clock:100000!\r\n'
b'[    0.588849] ambarella-i2c e4009000.i2c: Ambarella I2C adapter[1] probed, clock:100000!\r\n'
b'[    0.596951] ambarella-i2c e400a000.i2c: Ambarella I2C adapter[2] probed, clock:100000!\r\n'
b'[    0.605052] ambarella-i2c e400b000.i2c: Ambarella I2C adapter[3] probed, clock:100000!\r\n'
b'[    0.613842] clocksource: Switched to clocksource arch_sys_counter\r\n'
b'[    0.626169] NET: Registered protocol family 2\r\n'
b'[    0.630968] TCP established hash table entries: 16384 (order: 5, 131072 bytes)\r\n'
b'[    0.638338] TCP bind hash table entries: 16384 (order: 6, 262144 bytes)\r\n'
b'[    0.645267] TCP: Hash tables configured (established 16384 bind 16384)\r\n'
b'[    0.651913] UDP hash table entries: 1024 (order: 3, 32768 bytes)\r\n'
b'[    0.657966] UDP-Lite hash table entries: 1024 (order: 3, 32768 bytes)\r\n'
b'[    0.664546] NET: Registered protocol family 1\r\n'
b'[    0.669198] RPC: Registered named UNIX socket transport module.\r\n'
b'[    0.675122] RPC: Registered udp transport module.\r\n'
b'[    0.679813] RPC: Registered tcp transport module.\r\n'
b'[    0.684504] RPC: Registered tcp NFSv4.1 backchannel transport module.\r\n'
b'[    0.694576] workingset: timestamp_bits=62 max_order=19 bucket_order=0\r\n'
b'[    0.706662] squashfs: version 4.0 (2009/01/31) Phillip Lougher\r\n'
b'[    0.717122] Block layer SCSI generic (bsg) driver version 0.4 loaded (major 251)\r\n'
b'[    0.724505] io scheduler noop registered\r\n'
b'[    0.728421] io scheduler deadline registered\r\n'
b'[    0.732774] io scheduler cfq registered (default)\r\n'
b'[    0.737471] io scheduler mq-deadline registered\r\n'
b'[    0.741989] io scheduler kyber registered\r\n'
b'[    0.746554] ambarella-gdma e000c000.gdma: Ambarella GDMA driver init\r\n'
b'[    0.753276] e4000000.uart: ttyS0 at MMIO 0xe4000000 (irq = 11, base_baud = 1500000) is a ambuart\r\n'
b'[    0.762356] e0017000.uart: ttyS1 at MMIO 0xe0017000 (irq = 32, base_baud = 1500000) is a ambuart\r\n'
b'[    0.771409] e001a000.uart: ttyS4 at MMIO 0xe001a000 (irq = 33, base_baud = 1500000) is a ambuart\r\n'
b'[    0.780482] cacheinfo: Unable to detect cache hierarchy for CPU 0\r\n'
b'[    0.787163] brd: module loaded\r\n'
b'[    0.796188] loop: module loaded\r\n'
b'[    0.799466] mousedev: PS/2 mouse device common for all mice\r\n'
b'[    0.805356] ambarella-rtc e8001000.rtc: rtc core: registered e8001000.rtc as rtc0\r\n'
b'[    0.812827] ambarella-rtc e8001000.rtc: Warning: RTC lost power.....\r\n'
b'[    0.824492] ambarella-wdt ec002000.wdt: Ambarella Watchdog Timer Probed.\r\n'
b'[    1.184920] ambarella-sd e0004000.sdmmc0: Max frequency is 120000000Hz\r\n'
b'[    1.570887] ambarella-sd e0005000.sdmmc1: Max frequency is 48000000Hz\r\n'
b'[    1.577597] Initializing XFRM netlink socket\r\n'
b'[    1.581872] NET: Registered protocol family 17\r\n'
b'[    1.586338] Key type dns_resolver registered\r\n'
b'[    1.596474] console [netcon0] enabled\r\n'
b'[    1.600147] netconsole: network logging started\r\n'
b'[    1.621582] ambarella-rtc e8001000.rtc: setting system clock to 1970-02-20 06:19:48 UTC (4342788)\r\n'
b'[    1.630821] Waiting for root device /dev/mmcblk0p9...\r\n'
b'[    1.750398] mmc0: new high speed MMC card at address 0001\r\n'
b'[    1.777112] mmcblk0: mmc0:0001 S0J57X 29.6 GiB \r\n'
b'[    1.804081] mmcblk0boot0: mmc0:0001 S0J57X partition 1 31.5 MiB\r\n'
b'[    1.810167] mmcblk0boot1: mmc0:0001 S0J57X partition 2 31.5 MiB\r\n'
b'[    1.826131] mmcblk0rpmb: mmc0:0001 S0J57X partition 3 4.00 MiB, chardev (250:0)\r\n'
b'[    1.845872]  (bst): 0x0000000000000000, 0x0000000000001000\r\n'
b'[    1.851351]  (bld): 0x0000000000001000, 0x0000000000100000\r\n'
b'[    1.856843]  (ptb): 0x0000000000101000, 0x00000000000e0000\r\n'
b'[    1.862329]  (atf): 0x00000000001e1000, 0x0000000000100000\r\n'
b'[    1.867818]  (pba): 0x00000000002e1000, 0x0000000001000000\r\n'
b'[    1.873307]  (pri): 0x00000000012e1000, 0x0000000001000000\r\n'
b'[    1.878794]  (sec): 0x00000000022e1000, 0x0000000040000000\r\n'
b'[    1.884270]  (dsp): 0x00000000422e1000, 0x0000000006400000\r\n'
b'[    1.889745]  (lnx): 0x00000000486e1000, 0x0000000026600000\r\n'
b'[    1.895232]  (add): 0x000000006ece1000, 0x0000000080000000\r\n'
b'[    1.900720]  (raw): 0x00000000eece1000, 0x000000067a31f000\r\n'
b'[    1.906204]  mmcblk0: p1(bst) p2(bld) p3(ptb) p4(atf) p5(pba) p6(pri) p7(sec) p8(dsp) p9(lnx) p10(add) p11(raw)\r\n'
b'[    1.933261] EXT4-fs (mmcblk0p9): mounted filesystem with ordered data mode. Opts: (null)\r\n'
b'[    1.941363] VFS: Mounted root (ext4 filesystem) on device 179:9.\r\n'
b'[    1.948241] devtmpfs: mounted\r\n'
b'[    1.951436] Freeing unused kernel memory: 320K\r\n'
b'[    1.958617] mmc1: new high speed SDHC card at address aaaa\r\n'
b'[    1.964395] mmcblk1: mmc1:aaaa SC32G 29.7 GiB \r\n'
b'[    1.972258] random: fast init done\r\n'
b'[    1.975710]  mmcblk1: p1\r\n'
b'[    2.085403] EXT4-fs (mmcblk0p9): re-mounted. Opts: errors=remount-ro,data=ordered\r\n'
b'net.core.wmem_default = 524288\r\n'
b'net.core.wmem_max = 1048576\r\n'
b'vm.laptop_mode = 0\r\n'
b'vm.min_free_kbytes = 8192\r\n'
b'vm.vfs_cache_pressure = 160\r\n'
b'vm.dirty_expire_centisecs = 600\r\n'
b'vm.dirty_writeback_centisecs = 200\r\n'
b'vm.dirty_ratio = 3\r\n'
b'vm.di[    2.153939] i2c /dev entries driver\r\n'
b'rty_background_ratio = 3\r\n'
b'[    2.166691] ambarella-spi e0011000.spi: Ambarella spi controller 0 created.\r\r\n'
b'[    2.214407] ambad: loading out-of-tree module taints kernel.\r\n'
b'[    2.220565] amba_debug_init 248:0.\r\n'
b'Populating cv22_bmap using udev: Starting version v242-1.amba\r\n'
b'Done\r\n'
b'Loading CV22 private driver: [    2.552458] pps_core: LinuxPPS API ver. 1 registered\r\n'
b'[    2.557467] pps_core: Software ver. 5.3.6 - Copyright 2005-2007 Rodolfo Giometti <giometti@linux.it>\r\n'
b'[    2.578624] pps pps0: new PPS source pps.-1\r\n'
b'[    2.582917] pps pps0: Registered IRQ 39 as PPS source\r\n'
b'[    2.692682] libphy: Fixed MDIO Bus: probed\r\n'
b'[    2.845873] libphy: Ambarella MDIO Bus: probed\r\n'
b'[    2.868211] rtl9000_probe id 1c\r\n'
b'[    2.871417] rtl9000_probe id cb00\r\n'
b'[    2.874892] ambarella-eth e000e000.ethernet: Enhance Ethernet PHY[0]: 0x001ccb00!\r\n'
b'[    2.882987] ambarella-eth e000e000.ethernet: CONFIG_PTP_1588_CLOCK is not set\r\n'
b'[    2.884648] EXT4-fs (mmcblk0p7): Unrecognized mount option "flush" or missing value\r\n'
b'[    2.890814] ambarella-eth e000e000.ethernet: MAC Address[02:e5:87:61:95:c5].\r\n'
b'modprobe: module ambarella_sd not found in modul[    2.920952] EXT4-fs (mmcblk0p8): Unrecognized mount option "flush" or missing value\r\n'
b'es.dep\r\n'
b'modprobe: module mmc_block not found in modules.dep\r\n'
b'[    2.959870] usbcore: registered new interface driver usbfs\r\n'
b'[    2.965784] usbcore: registered new interface driver hub\r\n'
b'[    2.971522] usbcore: registered new device driver usb\r\n'
b"[    2.982735] ehci_hcd: USB 2.0 'Enhanced' Host Controller (EHCI) Driver\r\n"
b'[    2.988338] FAT-fs (mmcblk1p1): Volume was not properly unmounted. Some data may be corrupt. Please run fsck.\r\n'
b'[    2.994103] ehci-ambarella: AMBARELLA-EHCI Host Controller driver\r\n'
b'[    3.005527] ambarella-ehci e001f000.ehci: EHCI Host Controller\r\n'
b'[    3.011380] ambarella-ehci e001f000.ehci: new USB bus registered, assigned bus number 1\r\n'
b'[    3.020243] ambarella-ehci e001f000.ehci: irq 26, io mem 0xe001f000\r\n'
b'[    3.032856] ambarella-ehci e001f000.ehci: USB 2.0 started, EHCI 1.00\r\n'
b'[    3.039388] usb usb1: New USB device found, idVendor=1d6b, idProduct=0002\r\n'
b'[    3.046167] usb usb1: New USB device strings: Mfr=3, Product=2, SerialNumber=1\r\n'
b'[    3.053376] usb usb1: Product: EHCI Host Controller\r\n'
b'[    3.058243] usb usb1: Manufacturer: Linux 4.14.181 ehci_hcd\r\n'
b'[    3.063803] usb usb1: SerialNumber: AmbUSB\r\n'
b'[    3.068345] hub 1-0:1.0: USB hub found\r\n'
b'[    3.072116] hub 1-0:1.0: 1 port detected\r\n'
b"[    3.087206] ohci_hcd: USB 1.1 'Open' Host Controller (OHCI) Driver\r\n"
b'[    3.093657] ambarella-ohci e001e000.ohci: Ambarella OHCI\r\n'
b'[    3.098999] ambarella-ohci e001e000.ohci: new USB bus registered, assigned bus number 2\r\n'
b'[    3.107059] ambarella-ohci e001e000.ohci: irq 25, io mem 0xe001e000\r\n'
b'[    3.169032] usb usb2: New USB device found, idVendor=1d6b, idProduct=0001\r\n'
b'[    3.175814] usb usb2: New USB device strings: Mfr=3, Product=2, SerialNumber=1\r\n'
b'[    3.183121] usb usb2: Product: Ambarella OHCI\r\n'
b'[    3.187473] usb usb2: Manufacturer: Linux 4.14.181 ohci_hcd\r\n'
b'[    3.193034] usb usb2: SerialNumber: AmbUSB\r\n'
b'[    3.197589] hub 2-0:1.0: USB hub found\r\n'
b'[    3.201361] hub 2-0:1.0: 1 port detected\r\n'
b'[    3.216343] ambarella-udc e0006000.udc: ambarella_udc: version 21 Jan 2016\r\n'
b'[    3.251076] using random self ethernet address\r\n'
b'[    3.255526] using random host ethernet address\r\n'
b'[    3.260375] usb0: HOST MAC 86:a5:87:16:ba:59\r\n'
b'[    3.264719] usb0: MAC 46:47:16:25:27:7e\r\n'
b'[    3.268580] using random self ethernet address\r\n'
b'[    3.273027] using random host ethernet address\r\n'
b'[    3.277522] g_ether gadget: Ethernet Gadget, version: Memorial Day 2008\r\n'
b'[    3.284129] g_ether gadget: g_ether ready\r\n'
b'Install Auido...\r\n'
b'[    3.388896] usb usb1-port1: over-current condition\r\n'
b'[    3.479439] asoc-simple-card sound: nau8822-hifi <-> e001d000.i2s mapping ok\r\n'
b'[    3.486862] g_ether gadget: high-speed config #2: RNDIS\r\n'
b'[    3.493020] asoc-simple-card sound: amba_dummy_codec <-> e001d000.i2s mapping ok\r\n'
b'OK!\r\n'
b'Initializing random number generator... [    3.644567] random: dd: uninitialized urandom read (512 bytes read)\r\n'
b'done.\r\n'
b'Starting network...\r\n'
b'ip: RTNETLINK answers: File exists\r\n'
b'ifup: interface eth0 already configured\r\n'
b'Starting nginx: OK\r\n'
b'Starting fcgiwrap: OK\r\n'
b'[    3.743557] ambarella_fb bogus_bus:framebuffer@0: 720x480, argb1555, 16 bits per pixel, buf pitch = 1440\r\n'
b'[    3.755819] ambarella_fb bogus_bus:framebuffer@1: 720x480, argb1555, 16 bits per pixel, buf pitch = 1440\r\n'
b'\r\r\n'
b'\r\n'
b'\rWelcome to Ambarella\r\n'
b'\rAmbarella login: '
b''
重启第 6 次
b'\r\r\n'
b'\r\n'
b'\rWelcome to Ambarella\r\n'
b'\rAmbarella login: \r\r\n'
b'\r\n'
b'\rWelcome to Ambarella\r\n'
b'\rAmbarella login: root\r\n'
b"login[332]: root login on 'ttyS0'\r\r\n"
b'# \r\n'
b'# reboot\r\n'
b'# [   30.017392] EXT4-fs (mmcblk0p9): re-mounted. Opts: (null)\r\n'
b'\rThe system is going down NOW!\r\n'
b'\rSent SIGTERM to all processes\r\n'
b'\rSent SIGKILL to all processes\r\n'
b'\rRequesting system reboot\r\n'
b'[   32.716880] hub 2-0:1.0: over-current condition\r\n'
b'[   32.754212] ambarella-wdt ec002000.wdt: ambarella_wdt_shutdown @ 5.\r\n'
b'[   32.760539] reboot: Restarting system\r\n'
b'\x1b[4l\r\n'
b'[    0.000000] Booting Linux on physical CPU 0x0\r\n'
b'[    0.000000] Linux version 4.14.181 (zy@zy-VirtualBox) (gcc version 8.2.1 20180802 (Linaro GCC 8.2-2018.08~dev)) #1 SMP PREEMPT Thu Oct 15 15:36:17 CST 2020\r\n'
b'[    0.000000] Boot CPU: AArch64 Processor [410fd034]\r\n'
b'[    0.000000] Machine model: Ambarella CV22 Walnut Board\r\n'
b'[    0.000000] Reserved memory: created CMA memory pool at 0x000000003cc00000, size 48 MiB\r\n'
b'[    0.000000] OF: reserved mem: initialized node linux,cma, compatible id shared-dma-pool\r\n'
b'[    0.000000] Reserved memory: created CMA memory pool at 0x0000000040000000, size 508 MiB\r\n'
b'[    0.000000] OF: reserved mem: initialized node iav@0x40000000, compatible id shared-dma-pool\r\n'
b'[    0.000000] Reserved memory: created CMA memory pool at 0x0000000060000000, size 508 MiB\r\n'
b'[    0.000000] OF: reserved mem: initialized node cavalry@0x60000000, compatible id shared-dma-pool\r\n'
b'[    0.000000] percpu: Embedded 19 pages/cpu s38552 r8192 d31080 u77824\r\n'
b'[    0.000000] Detected VIPT I-cache on CPU0\r\n'
b'[    0.000000] CPU features: enabling workaround for ARM erratum 845719\r\n'
b'[    0.000000] Built 1 zonelists, mobility grouping on.  Total pages: 515592\r\n'
b'[    0.000000] Kernel command line: console=ttyS0 noinitrd root=/dev/mmcblk0p9 rw rootfstype=ext4 init=/linuxrc rootwait\r\n'
b'[    0.000000] PID hash table entries: 4096 (order: 3, 32768 bytes)\r\n'
b'[    0.000000] Dentry cache hash table entries: 262144 (order: 9, 2097152 bytes)\r\n'
b'[    0.000000] Inode-cache hash table entries: 131072 (order: 8, 1048576 bytes)\r\n'
b'[    0.000000] Memory: 962048K/2095104K available (4670K kernel code, 432K rwdata, 1336K rodata, 320K init, 224K bss, 43520K reserved, 1089536K cma-reserved)\r\n'
b'[    0.000000] Virtual kernel memory layout:\r\n'
b'[    0.000000]     modules : 0xffffff8000000000 - 0xffffff8008000000   (   128 MB)\r\n'
b'[    0.000000]     vmalloc : 0xffffff8008000000 - 0xffffffbebfff0000   (   250 GB)\r\n'
b'[    0.000000]       .text : 0xffffff8008080000 - 0xffffff8008510000   (  4672 KB)\r\n'
b'[    0.000000]     .rodata : 0xffffff8008510000 - 0xffffff8008670000   (  1408 KB)\r\n'
b'[    0.000000]       .init : 0xffffff8008670000 - 0xffffff80086c0000   (   320 KB)\r\n'
b'[    0.000000]       .data : 0xffffff80086c0000 - 0xffffff800872c008   (   433 KB)\r\n'
b'[    0.000000]        .bss : 0xffffff800872c008 - 0xffffff8008764178   (   225 KB)\r\n'
b'[    0.000000]     fixed   : 0xffffffbefe7fb000 - 0xffffffbefec00000   (  4116 KB)\r\n'
b'[    0.000000]     PCI I/O : 0xffffffbefee00000 - 0xffffffbeffe00000   (    16 MB)\r\n'
b'[    0.000000]     vmemmap : 0xffffffbf00000000 - 0xffffffc000000000   (     4 GB maximum)\r\n'
b'[    0.000000]               0xffffffbf00008000 - 0xffffffbf02000000   (    31 MB actual)\r\n'
b'[    0.000000]     memory  : 0xffffffc000200000 - 0xffffffc080000000   (  2046 MB)\r\n'
b'[    0.000000] SLUB: HWalign=64, Order=0-3, MinObjects=0, CPUs=4, Nodes=1\r\n'
b'[    0.000000] Preemptible hierarchical RCU implementation.\r\n'
b'[    0.000000] \tTasks RCU enabled.\r\n'
b'[    0.000000] NR_IRQS: 64, nr_irqs: 64, preallocated irqs: 0\r\n'
b'[    0.000000] CPU features: GIC system register CPU interface present but disabled by higher exception level\r\n'
b'[    0.000000] arch_timer: cp15 timer(s) running at 47.25MHz (virt).\r\n'
b'[    0.000000] clocksource: arch_sys_counter: mask: 0xffffffffffffff max_cycles: 0xae5b54743, max_idle_ns: 440795204480 ns\r\n'
b'[    0.000005] sched_clock: 56 bits at 47MHz, resolution 21ns, wraps every 4398046511098ns\r\n'
b'[    0.000254] Console: colour dummy device 80x25\r\n'
b'[    0.297559] console [ttyS0] enabled\r\n'
b'[    0.301044] Calibrating delay loop (skipped), value calculated using timer frequency.. 94.50 BogoMIPS (lpj=47250)\r\n'
b'[    0.311284] pid_max: default: 32768 minimum: 301\r\n'
b'[    0.315986] Mount-cache hash table entries: 4096 (order: 3, 32768 bytes)\r\n'
b'[    0.322686] Mountpoint-cache hash table entries: 4096 (order: 3, 32768 bytes)\r\n'
b'[    0.333869] ASID allocator initialised with 32768 entries\r\n'
b'[    0.341278] Hierarchical SRCU implementation.\r\n'
b'[    0.349663] smp: Bringing up secondary CPUs ...\r\n'
b'[    0.361286] Detected VIPT I-cache on CPU1\r\n'
b'[    0.365313] CPU1: Booted secondary processor [410fd034]\r\n'
b'[    0.377377] Detected VIPT I-cache on CPU2\r\n'
b'[    0.381389] CPU2: Booted secondary processor [410fd034]\r\n'
b'[    0.393480] Detected VIPT I-cache on CPU3\r\n'
b'[    0.397492] CPU3: Booted secondary processor [410fd034]\r\n'
b'[    0.402770] smp: Brought up 1 node, 4 CPUs\r\n'
b'[    0.406866] SMP: Total of 4 processors activated.\r\n'
b'[    0.411558] CPU features: detected: 32-bit EL0 Support\r\n'
b'[    0.417179] CPU: All CPU(s) started at EL1\r\n'
b'[    0.421279] alternatives: patching kernel code\r\n'
b'[    0.426829] devtmpfs: initialized\r\n'
b'[    0.435920] random: get_random_u32 called from bucket_table_alloc+0x108/0x268 with crng_init=0\r\n'
b'[    0.444859] clocksource: jiffies: mask: 0xffffffff max_cycles: 0xffffffff, max_idle_ns: 1911260446275000 ns\r\n'
b'[    0.454587] futex hash table entries: 1024 (order: 5, 131072 bytes)\r\n'
b'[    0.503202] pinctrl core: initialized pinctrl subsystem\r\n'
b'[    0.508750] NET: Registered protocol family 16\r\n'
b'[    0.513885] vdso: 2 pages (1 code @ ffffff8008515000, 1 data @ ffffff80086c4000)\r\n'
b'[    0.528117] DMA: preallocated 256 KiB pool for atomic allocations\r\n'
b'[    0.537414] ambarella-pinctrl ec003000.pinctrl: Ambarella pinctrl driver registered\r\n'
b'[    0.545771] ambarella-gpio ec003000.pinctrl:gpio@0: Ambarella GPIO driver registered\r\n'
b'[    0.560319] HugeTLB registered 2.00 MiB page size, pre-allocated 0 pages\r\n'
b'[    0.568114] ambarella-dma e0020000.dma: Ambarella DMA Engine \r\n'
b'[    0.574444] ambarella-dma e0021000.dma: Ambarella DMA Engine \r\n'
b'[    0.580676] ambarella-i2c e4008000.i2c: Ambarella I2C adapter[0] probed, clock:100000!\r\n'
b'[    0.588784] ambarella-i2c e4009000.i2c: Ambarella I2C adapter[1] probed, clock:100000!\r\n'
b'[    0.596887] ambarella-i2c e400a000.i2c: Ambarella I2C adapter[2] probed, clock:100000!\r\n'
b'[    0.604986] ambarella-i2c e400b000.i2c: Ambarella I2C adapter[3] probed, clock:100000!\r\n'
b'[    0.613772] clocksource: Switched to clocksource arch_sys_counter\r\n'
b'[    0.626090] NET: Registered protocol family 2\r\n'
b'[    0.630890] TCP established hash table entries: 16384 (order: 5, 131072 bytes)\r\n'
b'[    0.638259] TCP bind hash table entries: 16384 (order: 6, 262144 bytes)\r\n'
b'[    0.645184] TCP: Hash tables configured (established 16384 bind 16384)\r\n'
b'[    0.651830] UDP hash table entries: 1024 (order: 3, 32768 bytes)\r\n'
b'[    0.657882] UDP-Lite hash table entries: 1024 (order: 3, 32768 bytes)\r\n'
b'[    0.664464] NET: Registered protocol family 1\r\n'
b'[    0.669113] RPC: Registered named UNIX socket transport module.\r\n'
b'[    0.675037] RPC: Registered udp transport module.\r\n'
b'[    0.679729] RPC: Registered tcp transport module.\r\n'
b'[    0.684419] RPC: Registered tcp NFSv4.1 backchannel transport module.\r\n'
b'[    0.694580] workingset: timestamp_bits=62 max_order=19 bucket_order=0\r\n'
b'[    0.706697] squashfs: version 4.0 (2009/01/31) Phillip Lougher\r\n'
b'[    0.717071] Block layer SCSI generic (bsg) driver version 0.4 loaded (major 251)\r\n'
b'[    0.724461] io scheduler noop registered\r\n'
b'[    0.728373] io scheduler deadline registered\r\n'
b'[    0.732729] io scheduler cfq registered (default)\r\n'
b'[    0.737422] io scheduler mq-deadline registered\r\n'
b'[    0.741944] io scheduler kyber registered\r\n'
b'[    0.746503] ambarella-gdma e000c000.gdma: Ambarella GDMA driver init\r\n'
b'[    0.753218] e4000000.uart: ttyS0 at MMIO 0xe4000000 (irq = 11, base_baud = 1500000) is a ambuart\r\n'
b'[    0.762298] e0017000.uart: ttyS1 at MMIO 0xe0017000 (irq = 32, base_baud = 1500000) is a ambuart\r\n'
b'[    0.771355] e001a000.uart: ttyS4 at MMIO 0xe001a000 (irq = 33, base_baud = 1500000) is a ambuart\r\n'
b'[    0.780435] cacheinfo: Unable to detect cache hierarchy for CPU 0\r\n'
b'[    0.787102] brd: module loaded\r\n'
b'[    0.796123] loop: module loaded\r\n'
b'[    0.799395] mousedev: PS/2 mouse device common for all mice\r\n'
b'[    0.805283] ambarella-rtc e8001000.rtc: rtc core: registered e8001000.rtc as rtc0\r\n'
b'[    0.812754] ambarella-rtc e8001000.rtc: Warning: RTC lost power.....\r\n'
b'[    0.824412] ambarella-wdt ec002000.wdt: Ambarella Watchdog Timer Probed.\r\n'
b'[    1.183852] ambarella-sd e0004000.sdmmc0: Max frequency is 120000000Hz\r\n'
b'[    1.561830] ambarella-sd e0005000.sdmmc1: Max frequency is 48000000Hz\r\n'
b'[    1.568542] Initializing XFRM netlink socket\r\n'
b'[    1.572817] NET: Registered protocol family 17\r\n'
b'[    1.577279] Key type dns_resolver registered\r\n'
b'[    1.587448] console [netcon0] enabled\r\n'
b'[    1.591121] netconsole: network logging started\r\n'
b'[    1.612521] ambarella-rtc e8001000.rtc: setting system clock to 1970-02-20 06:19:48 UTC (4342788)\r\n'
b'[    1.621762] Waiting for root device /dev/mmcblk0p9...\r\n'
b'[    1.741327] mmc0: new high speed MMC card at address 0001\r\n'
b'[    1.747040] mmcblk0: mmc0:0001 S0J57X 29.6 GiB \r\n'
b'[    1.767998] mmcblk0boot0: mmc0:0001 S0J57X partition 1 31.5 MiB\r\n'
b'[    1.774077] mmcblk0boot1: mmc0:0001 S0J57X partition 2 31.5 MiB\r\n'
b'[    1.780086] mmcblk0rpmb: mmc0:0001 S0J57X partition 3 4.00 MiB, chardev (250:0)\r\n'
b'[    1.804803]  (bst): 0x0000000000000000, 0x0000000000001000\r\n'
b'[    1.810282]  (bld): 0x0000000000001000, 0x0000000000100000\r\n'
b'[    1.815773]  (ptb): 0x0000000000101000, 0x00000000000e0000\r\n'
b'[    1.821261]  (atf): 0x00000000001e1000, 0x0000000000100000\r\n'
b'[    1.826747]  (pba): 0x00000000002e1000, 0x0000000001000000\r\n'
b'[    1.841778]  (pri): 0x00000000012e1000, 0x0000000001000000\r\n'
b'[    1.847254]  (sec): 0x00000000022e1000, 0x0000000040000000\r\n'
b'[    1.852736]  (dsp): 0x00000000422e1000, 0x0000000006400000\r\n'
b'[    1.858222]  (lnx): 0x00000000486e1000, 0x0000000026600000\r\n'
b'[    1.863711]  (add): 0x000000006ece1000, 0x0000000080000000\r\n'
b'[    1.869198]  (raw): 0x00000000eece1000, 0x000000067a31f000\r\n'
b'[    1.874677]  mmcblk0: p1(bst) p2(bld) p3(ptb) p4(atf) p5(pba) p6(pri) p7(sec) p8(dsp) p9(lnx) p10(add) p11(raw)\r\n'
b'[    1.893852] EXT4-fs (mmcblk0p9): mounted filesystem with ordered data mode. Opts: (null)\r\n'
b'[    1.901964] VFS: Mounted root (ext4 filesystem) on device 179:9.\r\n'
b'[    1.908821] devtmpfs: mounted\r\n'
b'[    1.912001] Freeing unused kernel memory: 320K\r\n'
b'[    1.927343] mmc1: new high speed SDHC card at address aaaa\r\n'
b'[    1.932419] random: fast init done\r\n'
b'[    1.933138] mmcblk1: mmc1:aaaa SC32G 29.7 GiB \r\n'
b'[    1.944308]  mmcblk1: p1\r\n'
b'[    2.045996] EXT4-fs (mmcblk0p9): re-mounted. Opts: errors=remount-ro,data=ordered\r\n'
b'net.core.wmem_default = 524288\r\n'
b'net.core.wmem_max = 1048576\r\n'
b'vm.laptop_mode = 0\r\n'
b'vm.min_free_kbytes = 8192\r\n'
b'vm.vfs_cache_pressure = 160\r\n'
b'vm.dirty_expire_centisecs = 600\r\n'
b'vm.dirty_writeback_centisecs = 200\r\n'
b'vm.dirty_ratio = 3\r\n'
b'vm.di[    2.114149] i2c /dev entries driver\r\n'
b'rty_background_ratio = 3\r\n'
b'[    2.126647] ambarella-spi e0011000.spi: Ambarella spi controller 0 created.\r\r\n'
b'[    2.173850] ambad: loading out-of-tree module taints kernel.\r\n'
b'[    2.180063] amba_debug_init 248:0.\r\n'
b'Populating cv22_bmap using udev: Starting version v242-1.amba\r\n'
b'Done\r\n'
b'Loading CV22 private driver: [    2.508162] pps_core: LinuxPPS API ver. 1 registered\r\n'
b'[    2.513145] pps_core: Software ver. 5.3.6 - Copyright 2005-2007 Rodolfo Giometti <giometti@linux.it>\r\n'
b'[    2.528500] pps pps0: new PPS source pps.-1\r\n'
b'[    2.532802] pps pps0: Registered IRQ 39 as PPS source\r\n'
b'[    2.649713] libphy: Fixed MDIO Bus: probed\r\n'
b'[    2.814802] libphy: Ambarella MDIO Bus: probed\r\n'
b'[    2.830929] rtl9000_probe id 1c\r\n'
b'[    2.834115] rtl9000_probe id cb00\r\n'
b'[    2.837601] ambarella-eth e000e000.ethernet: Enhance Ethernet PHY[0]: 0x001ccb00!\r\n'
b'[    2.844337] EXT4-fs (mmcblk0p7): Unrecognized mount option "flush" or missing value\r\n'
b'[    2.845625] ambarella-eth e000e000.ethernet: CONFIG_PTP_1588_CLOCK is not set\r\n'
b'[    2.860508] ambarella-eth e000e000.ethernet: MAC Address[d6:12:15:a6:04:84].\r\n'
b'modprobe: module ambarella_sd not found in modul[    2.881845] EXT4-fs (mmcblk0p8): Unrecognized mount option "flush" or missing value\r\n'
b'es.dep\r\n'
b'modprobe: module mmc_block not found in modules.dep\r\n'
b'[    2.926620] usbcore: registered new interface driver usbfs\r\n'
b'[    2.932205] usbcore: registered new interface driver hub\r\n'
b'[    2.937627] usbcore: registered new device driver usb\r\n'
b"[    2.948883] ehci_hcd: USB 2.0 'Enhanced' Host Controller (EHCI) Driver\r\n"
b'[    2.961438] ehci-ambarella: AMBARELLA-EHCI Host Controller driver\r\n'
b'[    2.968313] ambarella-ehci e001f000.ehci: EHCI Host Controller\r\n'
b'[    2.974182] ambarella-ehci e001f000.ehci: new USB bus registered, assigned bus number 1\r\n'
b'[    2.976895] FAT-fs (mmcblk1p1): Volume was not properly unmounted. Some data may be corrupt. Please run fsck.\r\n'
b'[    2.992692] ambarella-ehci e001f000.ehci: irq 26, io mem 0xe001f000\r\n'
b'[    3.007783] ambarella-ehci e001f000.ehci: USB 2.0 started, EHCI 1.00\r\n'
b'[    3.014308] usb usb1: New USB device found, idVendor=1d6b, idProduct=0002\r\n'
b'[    3.021091] usb usb1: New USB device strings: Mfr=3, Product=2, SerialNumber=1\r\n'
b'[    3.028305] usb usb1: Product: EHCI Host Controller\r\n'
b'[    3.033174] usb usb1: Manufacturer: Linux 4.14.181 ehci_hcd\r\n'
b'[    3.038735] usb usb1: SerialNumber: AmbUSB\r\n'
b'[    3.043319] hub 1-0:1.0: USB hub found\r\n'
b'[    3.047091] hub 1-0:1.0: 1 port detected\r\n'
b"[    3.061856] ohci_hcd: USB 1.1 'Open' Host Controller (OHCI) Driver\r\n"
b'[    3.068306] ambarella-ohci e001e000.ohci: Ambarella OHCI\r\n'
b'[    3.073649] ambarella-ohci e001e000.ohci: new USB bus registered, assigned bus number 2\r\n'
b'[    3.081711] ambarella-ohci e001e000.ohci: irq 25, io mem 0xe001e000\r\n'
b'[    3.143974] usb usb2: New USB device found, idVendor=1d6b, idProduct=0001\r\n'
b'[    3.150756] usb usb2: New USB device strings: Mfr=3, Product=2, SerialNumber=1\r\n'
b'[    3.158063] usb usb2: Product: Ambarella OHCI\r\n'
b'[    3.162415] usb usb2: Manufacturer: Linux 4.14.181 ohci_hcd\r\n'
