重启第 1 次
b'\r\r\n'
b'\r\n'
b'\rWelcome to Ambarella\r\n'
b'\rAmbarella login: \r\r\n'
b'\r\n'
b'\rWelcome to Ambarella\r\n'
b'\rAmbarella login: root\r\n'
b"login[330]: root login on 'ttyS0'\r\r\n"
b'# \r\n'
b'# reboot\r\n'
b'# [   23.223521] EXT4-fs (mmcblk0p9): re-mounted. Opts: (null)\r\n'
b'\rThe system is going down NOW!\r\n'
b'\rSent SIGTERM to all processes\r\n'
b'\rSent SIGKILL to all processes\r\n'
b'\rRequesting system reboot\r\n'
b'[   25.942507] hub 2-0:1.0: over-current condition\r\n'
b'[   25.979840] ambarella-wdt ec002000.wdt: ambarella_wdt_shutdown @ 5.\r\n'
b'[   25.986167] reboot: R\x1b[4l\r\n'
b'[    0.000000] Booting Linux on physical CPU 0x0\r\n'
b'[    0.000000] Linux version 4.14.181 (zy@zy-VirtualBox) (gcc version 8.2.1 20180802 (Linaro GCC 8.2-2018.08~dev)) #1 SMP PREEMPT Thu Oct 15 15:36:17 CST 2020\r\n'
b'[    0.000000] Boot CPU: AArch64 Processor [410fd034]\r\n'
b'[    0.000000] Machine model: Ambarella CV22 Walnut Board\r\n'
b'[    0.000000] Reserved memory: created CMA memory pool at 0x000000003cc00000, size 48 MiB\r\n'
b'[    0.000000] OF: reserved mem: initialized node linux,cma, compatible id shared-dma-pool\r\n'
b'[    0.000000] Reserved memory: created CMA memory pool at 0x0000000040000000, size 508 MiB\r\n'
b'[    0.000000] OF: reserved mem: initialized node iav@0x40000000, compatible id shared-dma-pool\r\n'
b'[    0.000000] Reserved memory: created CMA memory pool at 0x0000000060000000, size 508 MiB\r\n'
b'[    0.000000] OF: reserved mem: initialized node cavalry@0x60000000, compatible id shared-dma-pool\r\n'
b'[    0.000000] percpu: Embedded 19 pages/cpu s38552 r8192 d31080 u77824\r\n'
b'[    0.000000] Detected VIPT I-cache on CPU0\r\n'
b'[    0.000000] CPU features: enabling workaround for ARM erratum 845719\r\n'
b'[    0.000000] Built 1 zonelists, mobility grouping on.  Total pages: 515592\r\n'
b'[    0.000000] Kernel command line: console=ttyS0 noinitrd root=/dev/mmcblk0p9 rw rootfstype=ext4 init=/linuxrc rootwait\r\n'
b'[    0.000000] PID hash table entries: 4096 (order: 3, 32768 bytes)\r\n'
b'[    0.000000] Dentry cache hash table entries: 262144 (order: 9, 2097152 bytes)\r\n'
b'[    0.000000] Inode-cache hash table entries: 131072 (order: 8, 1048576 bytes)\r\n'
b'[    0.000000] Memory: 962048K/2095104K available (4670K kernel code, 432K rwdata, 1336K rodata, 320K init, 224K bss, 43520K reserved, 1089536K cma-reserved)\r\n'
b'[    0.000000] Virtual kernel memory layout:\r\n'
b'[    0.000000]     modules : 0xffffff8000000000 - 0xffffff8008000000   (   128 MB)\r\n'
b'[    0.000000]     vmalloc : 0xffffff8008000000 - 0xffffffbebfff0000   (   250 GB)\r\n'
b'[    0.000000]       .text : 0xffffff8008080000 - 0xffffff8008510000   (  4672 KB)\r\n'
b'[    0.000000]     .rodata : 0xffffff8008510000 - 0xffffff8008670000   (  1408 KB)\r\n'
b'[    0.000000]       .init : 0xffffff8008670000 - 0xffffff80086c0000   (   320 KB)\r\n'
b'[    0.000000]       .data : 0xffffff80086c0000 - 0xffffff800872c008   (   433 KB)\r\n'
b'[    0.000000]        .bss : 0xffffff800872c008 - 0xffffff8008764178   (   225 KB)\r\n'
b'[    0.000000]     fixed   : 0xffffffbefe7fb000 - 0xffffffbefec00000   (  4116 KB)\r\n'
b'[    0.000000]     PCI I/O : 0xffffffbefee00000 - 0xffffffbeffe00000   (    16 MB)\r\n'
b'[    0.000000]     vmemmap : 0xffffffbf00000000 - 0xffffffc000000000   (     4 GB maximum)\r\n'
b'[    0.000000]               0xffffffbf00008000 - 0xffffffbf02000000   (    31 MB actual)\r\n'
b'[    0.000000]     memory  : 0xffffffc000200000 - 0xffffffc080000000   (  2046 MB)\r\n'
b'[    0.000000] SLUB: HWalign=64, Order=0-3, MinObjects=0, CPUs=4, Nodes=1\r\n'
b'[    0.000000] Preemptible hierarchical RCU implementation.\r\n'
b'[    0.000000] \tTasks RCU enabled.\r\n'
b'[    0.000000] NR_IRQS: 64, nr_irqs: 64, preallocated irqs: 0\r\n'
b'[    0.000000] CPU features: GIC system register CPU interface present but disabled by higher exception level\r\n'
b'[    0.000000] arch_timer: cp15 timer(s) running at 47.25MHz (virt).\r\n'
b'[    0.000000] clocksource: arch_sys_counter: mask: 0xffffffffffffff max_cycles: 0xae5b54743, max_idle_ns: 440795204480 ns\r\n'
b'[    0.000005] sched_clock: 56 bits at 47MHz, resolution 21ns, wraps every 4398046511098ns\r\n'
b'[    0.000255] Console: colour dummy device 80x25\r\n'
b'[    0.297561] console [ttyS0] enabled\r\n'
b'[    0.301046] Calibrating delay loop (skipped), value calculated using timer frequency.. 94.50 BogoMIPS (lpj=47250)\r\n'
b'[    0.311285] pid_max: default: 32768 minimum: 301\r\n'
b'[    0.315986] Mount-cache hash table entries: 4096 (order: 3, 32768 bytes)\r\n'
b'[    0.322686] Mountpoint-cache hash table entries: 4096 (order: 3, 32768 bytes)\r\n'
b'[    0.333870] ASID allocator initialised with 32768 entries\r\n'
b'[    0.341279] Hierarchical SRCU implementation.\r\n'
b'[    0.349663] smp: Bringing up secondary CPUs ...\r\n'
b'[    0.361287] Detected VIPT I-cache on CPU1\r\n'
b'[    0.365316] CPU1: Booted secondary processor [410fd034]\r\n'
b'[    0.377378] Detected VIPT I-cache on CPU2\r\n'
b'[    0.381389] CPU2: Booted secondary processor [410fd034]\r\n'
b'[    0.393481] Detected VIPT I-cache on CPU3\r\n'
b'[    0.397492] CPU3: Booted secondary processor [410fd034]\r\n'
b'[    0.402770] smp: Brought up 1 node, 4 CPUs\r\n'
b'[    0.406867] SMP: Total of 4 processors activated.\r\n'
b'[    0.411558] CPU features: detected: 32-bit EL0 Support\r\n'
b'[    0.417179] CPU: All CPU(s) started at EL1\r\n'
b'[    0.421278] alternatives: patching kernel code\r\n'
b'[    0.426833] devtmpfs: initialized\r\n'
b'[    0.435932] random: get_random_u32 called from bucket_table_alloc+0x108/0x268 with crng_init=0\r\n'
b'[    0.444868] clocksource: jiffies: mask: 0xffffffff max_cycles: 0xffffffff, max_idle_ns: 1911260446275000 ns\r\n'
b'[    0.454597] futex hash table entries: 1024 (order: 5, 131072 bytes)\r\n'
b'[    0.503093] pinctrl core: initialized pinctrl subsystem\r\n'
b'[    0.508651] NET: Registered protocol family 16\r\n'
b'[    0.513783] vdso: 2 pages (1 code @ ffffff8008515000, 1 data @ ffffff80086c4000)\r\n'
b'[    0.528120] DMA: preallocated 256 KiB pool for atomic allocations\r\n'
b'[    0.537406] ambarella-pinctrl ec003000.pinctrl: Ambarella pinctrl driver registered\r\n'
b'[    0.545765] ambarella-gpio ec003000.pinctrl:gpio@0: Ambarella GPIO driver registered\r\n'
b'[    0.560373] HugeTLB registered 2.00 MiB page size, pre-allocated 0 pages\r\n'
b'[    0.568176] ambarella-dma e0020000.dma: Ambarella DMA Engine \r\n'
b'[    0.574503] ambarella-dma e0021000.dma: Ambarella DMA Engine \r\n'
b'[    0.580734] ambarella-i2c e4008000.i2c: Ambarella I2C adapter[0] probed, clock:100000!\r\n'
b'[    0.588841] ambarella-i2c e4009000.i2c: Ambarella I2C adapter[1] probed, clock:100000!\r\n'
b'[    0.596945] ambarella-i2c e400a000.i2c: Ambarella I2C adapter[2] probed, clock:100000!\r\n'
b'[    0.605042] ambarella-i2c e400b000.i2c: Ambarella I2C adapter[3] probed, clock:100000!\r\n'
b'[    0.613836] clocksource: Switched to clocksource arch_sys_counter\r\n'
b'[    0.626133] NET: Registered protocol family 2\r\n'
b'[    0.630934] TCP established hash table entries: 16384 (order: 5, 131072 bytes)\r\n'
b'[    0.638302] TCP bind hash table entries: 16384 (order: 6, 262144 bytes)\r\n'
b'[    0.645230] TCP: Hash tables configured (established 16384 bind 16384)\r\n'
b'[    0.651877] UDP hash table entries: 1024 (order: 3, 32768 bytes)\r\n'
b'[    0.657930] UDP-Lite hash table entries: 1024 (order: 3, 32768 bytes)\r\n'
b'[    0.664511] NET: Registered protocol family 1\r\n'
b'[    0.669161] RPC: Registered named UNIX socket transport module.\r\n'
b'[    0.675085] RPC: Registered udp transport module.\r\n'
b'[    0.679777] RPC: Registered tcp transport module.\r\n'
b'[    0.684467] RPC: Registered tcp NFSv4.1 backchannel transport module.\r\n'
b'[    0.694568] workingset: timestamp_bits=62 max_order=19 bucket_order=0\r\n'
b'[    0.706700] squashfs: version 4.0 (2009/01/31) Phillip Lougher\r\n'
b'[    0.717069] Block layer SCSI generic (bsg) driver version 0.4 loaded (major 251)\r\n'
b'[    0.724459] io scheduler noop registered\r\n'
b'[    0.728371] io scheduler deadline registered\r\n'
b'[    0.732728] io scheduler cfq registered (default)\r\n'
b'[    0.737421] io scheduler mq-deadline registered\r\n'
b'[    0.741943] io scheduler kyber registered\r\n'
b'[    0.746508] ambarella-gdma e000c000.gdma: Ambarella GDMA driver init\r\n'
b'[    0.753236] e4000000.uart: ttyS0 at MMIO 0xe4000000 (irq = 11, base_baud = 1500000) is a ambuart\r\n'
b'[    0.762321] e0017000.uart: ttyS1 at MMIO 0xe0017000 (irq = 32, base_baud = 1500000) is a ambuart\r\n'
b'[    0.771375] e001a000.uart: ttyS4 at MMIO 0xe001a000 (irq = 33, base_baud = 1500000) is a ambuart\r\n'
b'[    0.780451] cacheinfo: Unable to detect cache hierarchy for CPU 0\r\n'
b'[    0.787133] brd: module loaded\r\n'
b'[    0.796176] loop: module loaded\r\n'
b'[    0.799448] mousedev: PS/2 mouse device common for all mice\r\n'
b'[    0.805336] ambarella-rtc e8001000.rtc: rtc core: registered e8001000.rtc as rtc0\r\n'
b'[    0.812807] ambarella-rtc e8001000.rtc: Warning: RTC lost power.....\r\n'
b'[    0.824486] ambarella-wdt ec002000.wdt: Ambarella Watchdog Timer Probed.\r\n'
b'[    1.184912] ambarella-sd e0004000.sdmmc0: Max frequency is 120000000Hz\r\n'
b'[    1.570881] ambarella-sd e0005000.sdmmc1: Max frequency is 48000000Hz\r\n'
b'[    1.577591] Initializing XFRM netlink socket\r\n'
b'[    1.581867] NET: Registered protocol family 17\r\n'
b'[    1.586332] Key type dns_resolver registered\r\n'
b'[    1.596461] console [netcon0] enabled\r\n'
b'[    1.600133] netconsole: network logging started\r\n'
b'[    1.621573] ambarella-rtc e8001000.rtc: setting system clock to 1970-02-20 06:19:48 UTC (4342788)\r\n'
b'[    1.630813] Waiting for root device /dev/mmcblk0p9...\r\n'
b'[    1.750401] mmc0: new high speed MMC card at address 0001\r\n'
b'[    1.777115] mmcblk0: mmc0:0001 S0J57X 29.6 GiB \r\n'
b'[    1.804084] mmcblk0boot0: mmc0:0001 S0J57X partition 1 31.5 MiB\r\n'
b'[    1.810167] mmcblk0boot1: mmc0:0001 S0J57X partition 2 31.5 MiB\r\n'
b'[    1.826133] mmcblk0rpmb: mmc0:0001 S0J57X partition 3 4.00 MiB, chardev (250:0)\r\n'
b'[    1.845865]  (bst): 0x0000000000000000, 0x0000000000001000\r\n'
b'[    1.851343]  (bld): 0x0000000000001000, 0x0000000000100000\r\n'
b'[    1.856836]  (ptb): 0x0000000000101000, 0x00000000000e0000\r\n'
b'[    1.862322]  (atf): 0x00000000001e1000, 0x0000000000100000\r\n'
b'[    1.867811]  (pba): 0x00000000002e1000, 0x0000000001000000\r\n'
b'[    1.873298]  (pri): 0x00000000012e1000, 0x0000000001000000\r\n'
b'[    1.878786]  (sec): 0x00000000022e1000, 0x0000000040000000\r\n'
b'[    1.884262]  (dsp): 0x00000000422e1000, 0x0000000006400000\r\n'
b'[    1.889737]  (lnx): 0x00000000486e1000, 0x0000000026600000\r\n'
b'[    1.895224]  (add): 0x000000006ece1000, 0x0000000080000000\r\n'
b'[    1.900711]  (raw): 0x00000000eece1000, 0x000000067a31f000\r\n'
b'[    1.906196]  mmcblk0: p1(bst) p2(bld) p3(ptb) p4(atf) p5(pba) p6(pri) p7(sec) p8(dsp) p9(lnx) p10(add) p11(raw)\r\n'
b'[    1.931999] EXT4-fs (mmcblk0p9): mounted filesystem with ordered data mode. Opts: (null)\r\n'
b'[    1.940115] VFS: Mounted root (ext4 filesystem) on device 179:9.\r\n'
b'[    1.946944] devtmpfs: mounted\r\n'
b'[    1.950124] Freeing unused kernel memory: 320K\r\n'
b'[    1.958085] mmc1: new high speed SDHC card at address aaaa\r\n'
b'[    1.963870] mmcblk1: mmc1:aaaa SC32G 29.7 GiB \r\n'
b'[    1.970543] random: fast init done\r\n'
b'[    1.973980]  mmcblk1: p1\r\n'
b'[    2.081347] EXT4-fs (mmcblk0p9): re-mounted. Opts: errors=remount-ro,data=ordered\r\n'
b'net.core.wmem_default = 524288\r\n'
b'net.core.wmem_max = 1048576\r\n'
b'vm.laptop_mode = 0\r\n'
b'vm.min_free_kbytes = 8192\r\n'
b'vm.vfs_cache_pressure = 160\r\n'
b'vm.dirty_expire_centisecs = 600\r\n'
b'vm.dirty_writeback_centisecs = 200\r\n'
b'vm.dirty_ratio = 3\r\n'
b'vm.di[    2.149894] i2c /dev entries driver\r\n'
b'rty_background_ratio = 3\r\n'
b'[    2.162285] ambarella-spi e0011000.spi: Ambarella spi controller 0 created.\r\r\n'
b'[    2.209794] ambad: loading out-of-tree module taints kernel.\r\n'
b'[    2.216038] amba_debug_init 248:0.\r\n'
b'Populating cv22_bmap using udev: Starting version v242-1.amba\r\n'
b'Done\r\n'
b'Loading CV22 private driver: [    2.576931] pps_core: LinuxPPS API ver. 1 registered\r\n'
b'[    2.581906] pps_core: Software ver. 5.3.6 - Copyright 2005-2007 Rodolfo Giometti <giometti@linux.it>\r\n'
b'[    2.652892] pps pps0: new PPS source pps.-1\r\n'
b'[    2.657217] pps pps0: Registered IRQ 39 as PPS source\r\n'
b'[    2.694682] libphy: Fixed MDIO Bus: probed\r\n'
b'[    2.852870] libphy: Ambarella MDIO Bus: probed\r\n'
b'[    2.865046] rtl9000_probe id 1c\r\n'
b'[    2.868567] rtl9000_probe id cb00\r\n'
b'[    2.872008] ambarella-eth e000e000.ethernet: Enhance Ethernet PHY[0]: 0x001ccb00!\r\n'
b'[    2.877951] EXT4-fs (mmcblk0p7): Unrecognized mount option "flush" or missing value\r\n'
b'[    2.880067] ambarella-eth e000e000.ethernet: CONFIG_PTP_1588_CLOCK is not set\r\n'
b'[    2.894285] ambarella-eth e000e000.ethernet: MAC Address[4a:9d:27:b3:e0:21].\r\n'
b'[    2.914801] EXT4-fs (mmcblk0p8): Unrecognized mount option "flush" or missing value\r\n'
b'modprobe: module ambarella_sd not found in modules.dep\r\n'
b'modprobe: module mmc_block not found in modules.dep\r\n'
b'[    2.955775] usbcore: registered new interface driver usbfs\r\n'
b'[    2.961334] usbcore: registered new interface driver hub\r\n'
b'[    2.966758] usbcore: registered new device driver usb\r\n'
b"[    2.978557] ehci_hcd: USB 2.0 'Enhanced' Host Controller (EHCI) Driver\r\n"
b'[    2.990192] ehci-ambarella: AMBARELLA-EHCI Host Controller driver\r\n'
b'[    2.996576] ambarella-ehci e001f000.ehci: EHCI Host Controller\r\n'
b'[    2.997324] FAT-fs (mmcblk1p1): Volume was not properly unmounted. Some data may be corrupt. Please run fsck.\r\n'
b'[    3.002429] ambarella-ehci e001f000.ehci: new USB bus registered, assigned bus number 1\r\n'
b'[    3.021163] ambarella-ehci e001f000.ehci: irq 26, io mem 0xe001f000\r\n'
b'[    3.033860] ambarella-ehci e001f000.ehci: USB 2.0 started, EHCI 1.00\r\n'
b'[    3.040377] usb usb1: New USB device found, idVendor=1d6b, idProduct=0002\r\n'
b'[    3.047158] usb usb1: New USB device strings: Mfr=3, Product=2, SerialNumber=1\r\n'
b'[    3.054371] usb usb1: Product: EHCI Host Controller\r\n'
b'[    3.059241] usb usb1: Manufacturer: Linux 4.14.181 ehci_hcd\r\n'
b'[    3.064807] usb usb1: SerialNumber: AmbUSB\r\n'
b'[    3.069379] hub 1-0:1.0: USB hub found\r\n'
b'[    3.073150] hub 1-0:1.0: 1 port detected\r\n'
b"[    3.088262] ohci_hcd: USB 1.1 'Open' Host Controller (OHCI) Driver\r\n"
b'[    3.094690] ambarella-ohci e001e000.ohci: Ambarella OHCI\r\n'
b'[    3.100014] ambarella-ohci e001e000.ohci: new USB bus registered, assigned bus number 2\r\n'
b'[    3.108057] ambarella-ohci e001e000.ohci: irq 25, io mem 0xe001e000\r\n'
b'[    3.170026] usb usb2: New USB device found, idVendor=1d6b, idProduct=0001\r\n'
b'[    3.176807] usb usb2: New USB device strings: Mfr=3, Product=2, SerialNumber=1\r\n'
b'[    3.184016] usb usb2: Product: Ambarella OHCI\r\n'
b'[    3.188363] usb usb2: Manufacturer: Linux 4.14.181 ohci_hcd\r\n'
b'[    3.193923] usb usb2: SerialNumber: AmbUSB\r\n'
b'[    3.198465] hub 2-0:1.0: USB hub found\r\n'
b'[    3.202235] hub 2-0:1.0: 1 port detected\r\n'
b'[    3.216792] ambarella-udc e0006000.udc: ambarella_udc: version 21 Jan 2016\r\n'
b'[    3.252017] using random self ethernet address\r\n'
b'[    3.256479] using random host ethernet address\r\n'
b'[    3.261339] usb0: HOST MAC 76:cf:6f:81:3f:01\r\n'
b'[    3.266064] usb0: MAC 12:a7:9d:ae:6c:04\r\n'
b'[    3.269927] using random self ethernet address\r\n'
b'[    3.274366] using random host ethernet address\r\n'
b'[    3.278881] g_ether gadget: Ethernet Gadget, version: Memorial Day 2008\r\n'
b'[    3.285538] g_ether gadget: g_ether ready\r\n'
b'Install Auido...\r\n'
b'[    3.388889] usb usb1-port1: over-current condition\r\n'
b'[    3.475670] asoc-simple-card sound: nau8822-hifi <-> e001d000.i2s mapping ok\r\n'
b'[    3.483505] asoc-simple-card sound: amba_dummy_codec <-> e001d000.i2s mapping ok\r\n'
b'[    3.485428] g_ether gadget: high-speed config #2: RNDIS\r\n'
b'OK!\r\n'
b'Initializing random number generator... [    3.638762] random: dd: uninitialized urandom read (512 bytes read)\r\n'
b'done.\r\n'
b'Starting network...\r\n'
b'ip: RTNETLINK answers: File exists\r\n'
b'ifup: interface eth0 already configured\r\n'
b'Starting nginx: OK\r\n'
b'Starting fcgiwrap: OK\r\n'
b'[    3.736182] ambarella_fb bogus_bus:framebuffer@0: 720x480, argb1555, 16 bits per pixel, buf pitch = 1440\r\n'
b'[    3.748411] ambarella_fb bogus_bus:framebuffer@1: 720x480, argb1555, 16 bits per pixel, buf pitch = 1440\r\n'
b'\r\r\n'
b'\r\n'
b'\rWelcome to Ambarella\r\n'
b'\rAmbarella login: '
b''
重启第 2 次
b'\r\r\n'
b'\r\n'
b'\rWelcome to Ambarella\r\n'
b'\rAmbarella login: \r\r\n'
b'\r\n'
b'\rWelcome to Ambarella\r\n'
b'\rAmbarella login: root\r\n'
b"login[330]: root login on 'ttyS0'\r\r\n"
b'# \r\n'
b'# reboot\r\n'
b'# [   30.008174] EXT4-fs (mmcblk0p9): re-mounted. Opts: (null)\r\n'
b'\rThe system is going down NOW!\r\n'
b'\rSent SIGTERM to all processes\r\n'
b'\rSent SIGKILL to all processes\r\n'
b'\rRequesting system reboot\r\n'
b'[   32.660872] hub 2-0:1.0: over-current condition\r\n'
b'[   32.698205] ambarella-wdt ec002000.wdt: ambarella_wdt_shutdown @ 5.\r\n'
b'[   32.704533] reboot: Restarting system\r\n'
b'\x1b[4l\r\n'
b'[    0.000000] Booting Linux on physical CPU 0x0\r\n'
b'[    0.000000] Linux version 4.14.181 (zy@zy-VirtualBox) (gcc version 8.2.1 20180802 (Linaro GCC 8.2-2018.08~dev)) #1 SMP PREEMPT Thu Oct 15 15:36:17 CST 2020\r\n'
b'[    0.000000] Boot CPU: AArch64 Processor [410fd034]\r\n'
b'[    0.000000] Machine model: Ambarella CV22 Walnut Board\r\n'
b'[    0.000000] Reserved memory: created CMA memory pool at 0x000000003cc00000, size 48 MiB\r\n'
b'[    0.000000] OF: reserved mem: initialized node linux,cma, compatible id shared-dma-pool\r\n'
b'[    0.000000] Reserved memory: created CMA memory pool at 0x0000000040000000, size 508 MiB\r\n'
b'[    0.000000] OF: reserved mem: initialized node iav@0x40000000, compatible id shared-dma-pool\r\n'
b'[    0.000000] Reserved memory: created CMA memory pool at 0x0000000060000000, size 508 MiB\r\n'
b'[    0.000000] OF: reserved mem: initialized node cavalry@0x60000000, compatible id shared-dma-pool\r\n'
b'[    0.000000] percpu: Embedded 19 pages/cpu s38552 r8192 d31080 u77824\r\n'
b'[    0.000000] Detected VIPT I-cache on CPU0\r\n'
b'[    0.000000] CPU features: enabling workaround for ARM erratum 845719\r\n'
b'[    0.000000] Built 1 zonelists, mobility grouping on.  Total pages: 515592\r\n'
b'[    0.000000] Kernel command line: console=ttyS0 noinitrd root=/dev/mmcblk0p9 rw rootfstype=ext4 init=/linuxrc rootwait\r\n'
b'[    0.000000] PID hash table entries: 4096 (order: 3, 32768 bytes)\r\n'
b'[    0.000000] Dentry cache hash table entries: 262144 (order: 9, 2097152 bytes)\r\n'
b'[    0.000000] Inode-cache hash table entries: 131072 (order: 8, 1048576 bytes)\r\n'
b'[    0.000000] Memory: 962048K/2095104K available (4670K kernel code, 432K rwdata, 1336K rodata, 320K init, 224K bss, 43520K reserved, 1089536K cma-reserved)\r\n'
b'[    0.000000] Virtual kernel memory layout:\r\n'
b'[    0.000000]     modules : 0xffffff8000000000 - 0xffffff8008000000   (   128 MB)\r\n'
b'[    0.000000]     vmalloc : 0xffffff8008000000 - 0xffffffbebfff0000   (   250 GB)\r\n'
b'[    0.000000]       .text : 0xffffff8008080000 - 0xffffff8008510000   (  4672 KB)\r\n'
b'[    0.000000]     .rodata : 0xffffff8008510000 - 0xffffff8008670000   (  1408 KB)\r\n'
b'[    0.000000]       .init : 0xffffff8008670000 - 0xffffff80086c0000   (   320 KB)\r\n'
b'[    0.000000]       .data : 0xffffff80086c0000 - 0xffffff800872c008   (   433 KB)\r\n'
b'[    0.000000]        .bss : 0xffffff800872c008 - 0xffffff8008764178   (   225 KB)\r\n'
b'[    0.000000]     fixed   : 0xffffffbefe7fb000 - 0xffffffbefec00000   (  4116 KB)\r\n'
b'[    0.000000]     PCI I/O : 0xffffffbefee00000 - 0xffffffbeffe00000   (    16 MB)\r\n'
b'[    0.000000]     vmemmap : 0xffffffbf00000000 - 0xffffffc000000000   (     4 GB maximum)\r\n'
b'[    0.000000]               0xffffffbf00008000 - 0xffffffbf02000000   (    31 MB actual)\r\n'
b'[    0.000000]     memory  : 0xffffffc000200000 - 0xffffffc080000000   (  2046 MB)\r\n'
b'[    0.000000] SLUB: HWalign=64, Order=0-3, MinObjects=0, CPUs=4, Nodes=1\r\n'
b'[    0.000000] Preemptible hierarchical RCU implementation.\r\n'
b'[    0.000000] \tTasks RCU enabled.\r\n'
b'[    0.000000] NR_IRQS: 64, nr_irqs: 64, preallocated irqs: 0\r\n'
b'[    0.000000] CPU features: GIC system register CPU interface present but disabled by higher exception level\r\n'
b'[    0.000000] arch_timer: cp15 timer(s) running at 47.25MHz (virt).\r\n'
b'[    0.000000] clocksource: arch_sys_counter: mask: 0xffffffffffffff max_cycles: 0xae5b54743, max_idle_ns: 440795204480 ns\r\n'
b'[    0.000005] sched_clock: 56 bits at 47MHz, resolution 21ns, wraps every 4398046511098ns\r\n'
b'[    0.000254] Console: colour dummy device 80x25\r\n'
b'[    0.297554] console [ttyS0] enabled\r\n'
b'[    0.301038] Calibrating delay loop (skipped), value calculated using timer frequency.. 94.50 BogoMIPS (lpj=47250)\r\n'
b'[    0.311278] pid_max: default: 32768 minimum: 301\r\n'
b'[    0.315978] Mount-cache hash table entries: 4096 (order: 3, 32768 bytes)\r\n'
b'[    0.322678] Mountpoint-cache hash table entries: 4096 (order: 3, 32768 bytes)\r\n'
b'[    0.333861] ASID allocator initialised with 32768 entries\r\n'
b'[    0.341270] Hierarchical SRCU implementation.\r\n'
b'[    0.349656] smp: Bringing up secondary CPUs ...\r\n'
b'[    0.361279] Detected VIPT I-cache on CPU1\r\n'
b'[    0.365305] CPU1: Booted secondary processor [410fd034]\r\n'
b'[    0.377370] Detected VIPT I-cache on CPU2\r\n'
b'[    0.381381] CPU2: Booted secondary processor [410fd034]\r\n'
b'[    0.393472] Detected VIPT I-cache on CPU3\r\n'
b'[    0.397484] CPU3: Booted secondary processor [410fd034]\r\n'
b'[    0.402762] smp: Brought up 1 node, 4 CPUs\r\n'
b'[    0.406858] SMP: Total of 4 processors activated.\r\n'
b'[    0.411550] CPU features: detected: 32-bit EL0 Support\r\n'
b'[    0.417173] CPU: All CPU(s) started at EL1\r\n'
b'[    0.421272] alternatives: patching kernel code\r\n'
b'[    0.426821] devtmpfs: initialized\r\n'
b'[    0.435930] random: get_random_u32 called from bucket_table_alloc+0x108/0x268 with crng_init=0\r\n'
b'[    0.444868] clocksource: jiffies: mask: 0xffffffff max_cycles: 0xffffffff, max_idle_ns: 1911260446275000 ns\r\n'
b'[    0.454596] futex hash table entries: 1024 (order: 5, 131072 bytes)\r\n'
b'[    0.502980] pinctrl core: initialized pinctrl subsystem\r\n'
b'[    0.508539] NET: Registered protocol family 16\r\n'
b'[    0.513674] vdso: 2 pages (1 code @ ffffff8008515000, 1 data @ ffffff80086c4000)\r\n'
b'[    0.528117] DMA: preallocated 256 KiB pool for atomic allocations\r\n'
b'[    0.537409] ambarella-pinctrl ec003000.pinctrl: Ambarella pinctrl driver registered\r\n'
b'[    0.545765] ambarella-gpio ec003000.pinctrl:gpio@0: Ambarella GPIO driver registered\r\n'
b'[    0.560337] HugeTLB registered 2.00 MiB page size, pre-allocated 0 pages\r\n'
b'[    0.568133] ambarella-dma e0020000.dma: Ambarella DMA Engine \r\n'
b'[    0.574460] ambarella-dma e0021000.dma: Ambarella DMA Engine \r\n'
b'[    0.580691] ambarella-i2c e4008000.i2c: Ambarella I2C adapter[0] probed, clock:100000!\r\n'
b'[    0.588799] ambarella-i2c e4009000.i2c: Ambarella I2C adapter[1] probed, clock:100000!\r\n'
b'[    0.596902] ambarella-i2c e400a000.i2c: Ambarella I2C adapter[2] probed, clock:100000!\r\n'
b'[    0.605000] ambarella-i2c e400b000.i2c: Ambarella I2C adapter[3] probed, clock:100000!\r\n'
b'[    0.613782] clocksource: Switched to clocksource arch_sys_counter\r\n'
b'[    0.626099] NET: Registered protocol family 2\r\n'
b'[    0.630899] TCP established hash table entries: 16384 (order: 5, 131072 bytes)\r\n'
b'[    0.638269] TCP bind hash table entries: 16384 (order: 6, 262144 bytes)\r\n'
b'[    0.645193] TCP: Hash tables configured (established 16384 bind 16384)\r\n'
b'[    0.651839] UDP hash table entries: 1024 (order: 3, 32768 bytes)\r\n'
b'[    0.657893] UDP-Lite hash table entries: 1024 (order: 3, 32768 bytes)\r\n'
b'[    0.664474] NET: Registered protocol family 1\r\n'
b'[    0.669126] RPC: Registered named UNIX socket transport module.\r\n'
b'[    0.675049] RPC: Registered udp transport module.\r\n'
b'[    0.679741] RPC: Registered tcp transport module.\r\n'
b'[    0.684431] RPC: Registered tcp NFSv4.1 backchannel transport module.\r\n'
b'[    0.694535] workingset: timestamp_bits=62 max_order=19 bucket_order=0\r\n'
b'[    0.706664] squashfs: version 4.0 (2009/01/31) Phillip Lougher\r\n'
b'[    0.717088] Block layer SCSI generic (bsg) driver version 0.4 loaded (major 251)\r\n'
b'[    0.724477] io scheduler noop registered\r\n'
b'[    0.728389] io scheduler deadline registered\r\n'
b'[    0.732745] io scheduler cfq registered (default)\r\n'
b'[    0.737439] io scheduler mq-deadline registered\r\n'
b'[    0.741961] io scheduler kyber registered\r\n'
b'[    0.746525] ambarella-gdma e000c000.gdma: Ambarella GDMA driver init\r\n'
b'[    0.753253] e4000000.uart: ttyS0 at MMIO 0xe4000000 (irq = 11, base_baud = 1500000) is a ambuart\r\n'
b'[    0.762335] e0017000.uart: ttyS1 at MMIO 0xe0017000 (irq = 32, base_baud = 1500000) is a ambuart\r\n'
b'[    0.771387] e001a000.uart: ttyS4 at MMIO 0xe001a000 (irq = 33, base_baud = 1500000) is a ambuart\r\n'
b'[    0.780462] cacheinfo: Unable to detect cache hierarchy for CPU 0\r\n'
b'[    0.787147] brd: module loaded\r\n'
b'[    0.796199] loop: module loaded\r\n'
b'[    0.799473] mousedev: PS/2 mouse device common for all mice\r\n'
b'[    0.805365] ambarella-rtc e8001000.rtc: rtc core: registered e8001000.rtc as rtc0\r\n'
b'[    0.812837] ambarella-rtc e8001000.rtc: Warning: RTC lost power.....\r\n'
b'[    0.824426] ambarella-wdt ec002000.wdt: Ambarella Watchdog Timer Probed.\r\n'
b'[    1.183859] ambarella-sd e0004000.sdmmc0: Max frequency is 120000000Hz\r\n'
b'[    1.569828] ambarella-sd e0005000.sdmmc1: Max frequency is 48000000Hz\r\n'
b'[    1.576540] Initializing XFRM netlink socket\r\n'
b'[    1.580817] NET: Registered protocol family 17\r\n'
b'[    1.585286] Key type dns_resolver registered\r\n'
b'[    1.595415] console [netcon0] enabled\r\n'
b'[    1.599087] netconsole: network logging started\r\n'
b'[    1.620528] ambarella-rtc e8001000.rtc: setting system clock to 1970-02-20 06:19:48 UTC (4342788)\r\n'
b'[    1.629766] Waiting for root device /dev/mmcblk0p9...\r\n'
b'[    1.749343] mmc0: new high speed MMC card at address 0001\r\n'
b'[    1.776058] mmcblk0: mmc0:0001 S0J57X 29.6 GiB \r\n'
b'[    1.803027] mmcblk0boot0: mmc0:0001 S0J57X partition 1 31.5 MiB\r\n'
b'[    1.809112] mmcblk0boot1: mmc0:0001 S0J57X partition 2 31.5 MiB\r\n'
b'[    1.825076] mmcblk0rpmb: mmc0:0001 S0J57X partition 3 4.00 MiB, chardev (250:0)\r\n'
b'[    1.844811]  (bst): 0x0000000000000000, 0x0000000000001000\r\n'
b'[    1.850290]  (bld): 0x0000000000001000, 0x0000000000100000\r\n'
b'[    1.855782]  (ptb): 0x0000000000101000, 0x00000000000e0000\r\n'
b'[    1.861269]  (atf): 0x00000000001e1000, 0x0000000000100000\r\n'
b'[    1.866758]  (pba): 0x00000000002e1000, 0x0000000001000000\r\n'
b'[    1.872245]  (pri): 0x00000000012e1000, 0x0000000001000000\r\n'
b'[    1.877731]  (sec): 0x00000000022e1000, 0x0000000040000000\r\n'
b'[    1.883207]  (dsp): 0x00000000422e1000, 0x0000000006400000\r\n'
b'[    1.888682]  (lnx): 0x00000000486e1000, 0x0000000026600000\r\n'
b'[    1.894169]  (add): 0x000000006ece1000, 0x0000000080000000\r\n'
b'[    1.899656]  (raw): 0x00000000eece1000, 0x000000067a31f000\r\n'
b'[    1.905139]  mmcblk0: p1(bst) p2(bld) p3(ptb) p4(atf) p5(pba) p6(pri) p7(sec) p8(dsp) p9(lnx) p10(add) p11(raw)\r\n'
b'[    1.930877] EXT4-fs (mmcblk0p9): mounted filesystem with ordered data mode. Opts: (null)\r\n'
b'[    1.938993] VFS: Mounted root (ext4 filesystem) on device 179:9.\r\n'
b'[    1.945825] devtmpfs: mounted\r\n'
b'[    1.949018] Freeing unused kernel memory: 320K\r\n'
b'[    1.957373] mmc1: new high speed SDHC card at address aaaa\r\n'
b'[    1.963145] mmcblk1: mmc1:aaaa SC32G 29.7 GiB \r\n'
b'[    1.969786] random: fast init done\r\n'
b'[    1.973267]  mmcblk1: p1\r\n'
b'[    2.083063] EXT4-fs (mmcblk0p9): re-mounted. Opts: errors=remount-ro,data=ordered\r\n'
b'net.core.wmem_default = 524288\r\n'
b'net.core.wmem_max = 1048576\r\n'
b'vm.laptop_mode = 0\r\n'
b'vm.min_free_kbytes = 8192\r\n'
b'vm.vfs_cache_pressure = 160\r\n'
b'vm.dirty_expire_centisecs = 600\r\n'
b'vm.dirty_writeback_centisecs = 200\r\n'
b'vm.dirty_ratio = 3\r\n'
b'vm.dir[    2.151875] i2c /dev entries driver\r\n'
b'ty_background_ratio = 3\r\n'
b'[    2.164407] ambarella-spi e0011000.spi: Ambarella spi controller 0 created.\r\r\n'
b'[    2.211903] ambad: loading out-of-tree module taints kernel.\r\n'
b'[    2.218058] amba_debug_init 248:0.\r\n'
b'Populating cv22_bmap using udev: Starting version v242-1.amba\r\n'
b'Done\r\n'
b'Loading CV22 private driver: [    2.527821] pps_core: LinuxPPS API ver. 1 registered\r\n'
b'[    2.532783] pps_core: Software ver. 5.3.6 - Copyright 2005-2007 Rodolfo Giometti <giometti@linux.it>\r\n'
b'[    2.549675] pps pps0: new PPS source pps.-1\r\n'
b'[    2.553940] pps pps0: Registered IRQ 39 as PPS source\r\n'
b'[    2.585158] libphy: Fixed MDIO Bus: probed\r\n'
b'[    2.720824] libphy: Ambarella MDIO Bus: probed\r\n'
b'[    2.746306] rtl9000_probe id 1c\r\n'
b'[    2.749529] rtl9000_probe id cb00\r\n'
b'[    2.753120] ambarella-eth e000e000.ethernet: Enhance Ethernet PHY[0]: 0x001ccb00!\r\n'
b'[    2.761344] ambarella-eth e000e000.ethernet: CONFIG_PTP_1588_CLOCK is not set\r\n'
b'[    2.768524] ambarella-eth e000e000.ethernet: MAC Address[62:96:46:83:9b:3b].\r\n'
b'modprobe: module ambarella_sd not found in modules.dep\r\n'
b'modprobe: module mmc_block not found in modules.dep\r\n'
b'[    2.839947] usbcore: registered new interface driver usbfs\r\n'
b'[    2.845519] usbcore: registered new interface driver hub\r\n'
b'[    2.850964] usbcore: registered new device driver usb\r\n'
b"[    2.867626] ehci_hcd: USB 2.0 'Enhanced' Host Controller (EHCI) Driver\r\n"
b'[    2.890181] ehci-ambarella: AMBARELLA-EHCI Host Controller driver\r\n'
b'[    2.896625] ambarella-ehci e001f000.ehci: EHCI Host Controller\r\n'
b'[    2.902511] ambarella-ehci e001f000.ehci: new USB bus registered, assigned bus number 1\r\n'
b'[    2.911436] ambarella-ehci e001f000.ehci: irq 26, io mem 0xe001f000\r\n'
b'[    2.921503] EXT4-fs (mmcblk0p8): Unrecognized mount option "flush" or missing value\r\n'
b'[    2.923814] ambarella-ehci e001f000.ehci: USB 2.0 started, EHCI 1.00\r\n'
b'[    2.935764] usb usb1: New USB device found, idVendor=1d6b, idProduct=0002\r\n'
b'[    2.942573] usb usb1: New USB device strings: Mfr=3, Product=2, SerialNumber=1\r\n'
b'[    2.949816] usb usb1: Product: EHCI Host Controller\r\n'
b'[    2.954492] EXT4-fs (mmcblk0p7): Unrecognized mount option "flush" or missing value\r\n'
b'[    2.954813] usb usb1: Manufacturer: Linux 4.14.181 ehci_hcd\r\n'
b'[    2.968710] usb usb1: SerialNumber: AmbUSB\r\n'
b'[    2.973405] hub 1-0:1.0: USB hub found\r\n'
b'[    2.977184] hub 1-0:1.0: 1 port detected\r\n'
b"[    2.990185] ohci_hcd: USB 1.1 'Open' Host Controller (OHCI) Driver\r\n"
b'[    2.996693] ambarella-ohci e001e000.ohci: Ambarella OHCI\r\n'
b'[    3.002033] ambarella-ohci e001e000.ohci: new USB bus registered, assigned bus number 2\r\n'
b'[    3.002133] FAT-fs (mmcblk1p1): Volume was not properly unmounted. Some data may be corrupt. Please run fsck.\r\n'
b'[    3.010088] ambarella-ohci e001e000.ohci: irq 25, io mem 0xe001e000\r\n'
b'[    3.081974] usb usb2: New USB device found, idVendor=1d6b, idProduct=0001\r\n'
b'[    3.088867] usb usb2: New USB device strings: Mfr=3, Product=2, SerialNumber=1\r\n'
b'[    3.096080] usb usb2: Product: Ambarella OHCI\r\n'
b'[    3.100427] usb usb2: Manufacturer: Linux 4.14.181 ohci_hcd\r\n'
b'[    3.105989] usb usb2: SerialNumber: AmbUSB\r\n'
b'[    3.110564] hub 2-0:1.0: USB hub found\r\n'
b'[    3.114334] hub 2-0:1.0: 1 port detected\r\n'
b'[    3.128922] ambarella-udc e0006000.udc: ambarella_udc: version 21 Jan 2016\r\n'
b'[    3.165193] using random self ethernet address\r\n'
b'[    3.169643] using random host ethernet address\r\n'
b'[    3.174480] usb0: HOST MAC 06:5a:54:69:28:96\r\n'
b'[    3.178835] usb0: MAC 82:78:0b:b2:78:ef\r\n'
b'[    3.182691] using random self ethernet address\r\n'
b'[    3.187129] using random host ethernet address\r\n'
b'[    3.191625] g_ether gadget: Ethernet Gadget, version: Memorial Day 2008\r\n'
b'[    3.198232] g_ether gadget: g_ether ready\r\n'
b'Install Auido...\r\n'
b'[    3.299837] usb usb1-port1: over-current condition\r\n'
b'[    3.391621] asoc-simple-card sound: nau8822-hifi <-> e001d000.i2s mapping ok\r\n'
b'[    3.398998] g_ether gadget: high-speed config #2: RNDIS\r\n'
b'[    3.405210] asoc-simple-card sound: amba_dummy_codec <-> e001d000.i2s mapping ok\r\n'
b'OK!\r\n'
b'Initializing random number generator... [    3.552166] random: dd: uninitialized urandom read (512 bytes read)\r\n'
b'done.\r\n'
b'Starting network...\r\n'
b'ip: RTNETLINK answers: File exists\r\n'
b'ifup: interface eth0 already configured\r\n'
b'Starting nginx: OK\r\n'
b'Starting fcgiwrap: OK\r\n'
b'[    3.652525] ambarella_fb bogus_bus:framebuffer@0: 720x480, argb1555, 16 bits per pixel, buf pitch = 1440\r\n'
b'[    3.664995] ambarella_fb bogus_bus:framebuffer@1: 720x480, argb1555, 16 bits per pixel, buf pitch = 1440\r\n'
b'\r\r\n'
b'\r\n'
b'\rWelcome to Ambarella\r\n'
b'\rAmbarella login: '
b''
重启第 3 次
b'\r\r\n'
b'\r\n'
b'\rWelcome to Ambarella\r\n'
b'\rAmbarella login: \r\r\n'
b'\r\n'
b'\rWelcome to Ambarella\r\n'
b'\rAmbarella login: root\r\n'
b"login[334]: root login on 'ttyS0'\r\r\n"
b'# \r\n'
b'# reboot\r\n'
b'# [   29.921272] EXT4-fs (mmcblk0p9): re-mounted. Opts: (null)\r\n'
b'\rThe system is going down NOW!\r\n'
b'\rSent SIGTERM to all processes\r\n'
b'\rSent SIGKILL to all processes\r\n'
b'\rRequesting system reboot\r\n'
b'[   32.635817] hub 2-0:1.0: over-current condition\r\n'
b'[   32.665151] ambarella-wdt ec002000.wdt: ambarella_wdt_shutdown @ 5.\r\n'
b'[   32.671482] reboot: Restarting system\r\n'
b'\x1b[4l\r\n'
b'[    0.000000] Booting Linux on physical CPU 0x0\r\n'
b'[    0.000000] Linux version 4.14.181 (zy@zy-VirtualBox) (gcc version 8.2.1 20180802 (Linaro GCC 8.2-2018.08~dev)) #1 SMP PREEMPT Thu Oct 15 15:36:17 CST 2020\r\n'
b'[    0.000000] Boot CPU: AArch64 Processor [410fd034]\r\n'
b'[    0.000000] Machine model: Ambarella CV22 Walnut Board\r\n'
b'[    0.000000] Reserved memory: created CMA memory pool at 0x000000003cc00000, size 48 MiB\r\n'
b'[    0.000000] OF: reserved mem: initialized node linux,cma, compatible id shared-dma-pool\r\n'
b'[    0.000000] Reserved memory: created CMA memory pool at 0x0000000040000000, size 508 MiB\r\n'
b'[    0.000000] OF: reserved mem: initialized node iav@0x40000000, compatible id shared-dma-pool\r\n'
b'[    0.000000] Reserved memory: created CMA memory pool at 0x0000000060000000, size 508 MiB\r\n'
b'[    0.000000] OF: reserved mem: initialized node cavalry@0x60000000, compatible id shared-dma-pool\r\n'
b'[    0.000000] percpu: Embedded 19 pages/cpu s38552 r8192 d31080 u77824\r\n'
b'[    0.000000] Detected VIPT I-cache on CPU0\r\n'
b'[    0.000000] CPU features: enabling workaround for ARM erratum 845719\r\n'
b'[    0.000000] Built 1 zonelists, mobility grouping on.  Total pages: 515592\r\n'
b'[    0.000000] Kernel command line: console=ttyS0 noinitrd root=/dev/mmcblk0p9 rw rootfstype=ext4 init=/linuxrc rootwait\r\n'
b'[    0.000000] PID hash table entries: 4096 (order: 3, 32768 bytes)\r\n'
b'[    0.000000] Dentry cache hash table entries: 262144 (order: 9, 2097152 bytes)\r\n'
b'[    0.000000] Inode-cache hash table entries: 131072 (order: 8, 1048576 bytes)\r\n'
b'[    0.000000] Memory: 962048K/2095104K available (4670K kernel code, 432K rwdata, 1336K rodata, 320K init, 224K bss, 43520K reserved, 1089536K cma-reserved)\r\n'
b'[    0.000000] Virtual kernel memory layout:\r\n'
b'[    0.000000]     modules : 0xffffff8000000000 - 0xffffff8008000000   (   128 MB)\r\n'
b'[    0.000000]     vmalloc : 0xffffff8008000000 - 0xffffffbebfff0000   (   250 GB)\r\n'
b'[    0.000000]       .text : 0xffffff8008080000 - 0xffffff8008510000   (  4672 KB)\r\n'
b'[    0.000000]     .rodata : 0xffffff8008510000 - 0xffffff8008670000   (  1408 KB)\r\n'
b'[    0.000000]       .init : 0xffffff8008670000 - 0xffffff80086c0000   (   320 KB)\r\n'
b'[    0.000000]       .data : 0xffffff80086c0000 - 0xffffff800872c008   (   433 KB)\r\n'
b'[    0.000000]        .bss : 0xffffff800872c008 - 0xffffff8008764178   (   225 KB)\r\n'
b'[    0.000000]     fixed   : 0xffffffbefe7fb000 - 0xffffffbefec00000   (  4116 KB)\r\n'
b'[    0.000000]     PCI I/O : 0xffffffbefee00000 - 0xffffffbeffe00000   (    16 MB)\r\n'
b'[    0.000000]     vmemmap : 0xffffffbf00000000 - 0xffffffc000000000   (     4 GB maximum)\r\n'
b'[    0.000000]               0xffffffbf00008000 - 0xffffffbf02000000   (    31 MB actual)\r\n'
b'[    0.000000]     memory  : 0xffffffc000200000 - 0xffffffc080000000   (  2046 MB)\r\n'
b'[    0.000000] SLUB: HWalign=64, Order=0-3, MinObjects=0, CPUs=4, Nodes=1\r\n'
b'[    0.000000] Preemptible hierarchical RCU implementation.\r\n'
b'[    0.000000] \tTasks RCU enabled.\r\n'
b'[    0.000000] NR_IRQS: 64, nr_irqs: 64, preallocated irqs: 0\r\n'
b'[    0.000000] CPU features: GIC system register CPU interface present but disabled by higher exception level\r\n'
b'[    0.000000] arch_timer: cp15 timer(s) running at 47.25MHz (virt).\r\n'
b'[    0.000000] clocksource: arch_sys_counter: mask: 0xffffffffffffff max_cycles: 0xae5b54743, max_idle_ns: 440795204480 ns\r\n'
b'[    0.000005] sched_clock: 56 bits at 47MHz, resolution 21ns, wraps every 4398046511098ns\r\n'
b'[    0.000254] Console: colour dummy device 80x25\r\n'
b'[    0.297563] console [ttyS0] enabled\r\n'
b'[    0.301048] Calibrating delay loop (skipped), value calculated using timer frequency.. 94.50 BogoMIPS (lpj=47250)\r\n'
b'[    0.311288] pid_max: default: 32768 minimum: 301\r\n'
b'[    0.315989] Mount-cache hash table entries: 4096 (order: 3, 32768 bytes)\r\n'
b'[    0.322689] Mountpoint-cache hash table entries: 4096 (order: 3, 32768 bytes)\r\n'
b'[    0.333873] ASID allocator initialised with 32768 entries\r\n'
b'[    0.341282] Hierarchical SRCU implementation.\r\n'
b'[    0.349667] smp: Bringing up secondary CPUs ...\r\n'
b'[    0.361291] Detected VIPT I-cache on CPU1\r\n'
b'[    0.365318] CPU1: Booted secondary processor [410fd034]\r\n'
b'[    0.377380] Detected VIPT I-cache on CPU2\r\n'
b'[    0.381392] CPU2: Booted secondary processor [410fd034]\r\n'
b'[    0.393483] Detected VIPT I-cache on CPU3\r\n'
b'[    0.397495] CPU3: Booted secondary processor [410fd034]\r\n'
b'[    0.402773] smp: Brought up 1 node, 4 CPUs\r\n'
b'[    0.406869] SMP: Total of 4 processors activated.\r\n'
b'[    0.411561] CPU features: detected: 32-bit EL0 Support\r\n'
b'[    0.417187] CPU: All CPU(s) started at EL1\r\n'
b'[    0.421286] alternatives: patching kernel code\r\n'
b'[    0.426838] devtmpfs: initialized\r\n'
b'[    0.435937] random: get_random_u32 called from bucket_table_alloc+0x108/0x268 with crng_init=0\r\n'
b'[    0.444876] clocksource: jiffies: mask: 0xffffffff max_cycles: 0xffffffff, max_idle_ns: 1911260446275000 ns\r\n'
b'[    0.454605] futex hash table entries: 1024 (order: 5, 131072 bytes)\r\n'
b'[    0.503088] pinctrl core: initialized pinctrl subsystem\r\n'
b'[    0.508646] NET: Registered protocol family 16\r\n'
b'[    0.513775] vdso: 2 pages (1 code @ ffffff8008515000, 1 data @ ffffff80086c4000)\r\n'
b'[    0.528116] DMA: preallocated 256 KiB pool for atomic allocations\r\n'
b'[    0.537413] ambarella-pinctrl ec003000.pinctrl: Ambarella pinctrl driver registered\r\n'
b'[    0.545770] ambarella-gpio ec003000.pinctrl:gpio@0: Ambarella GPIO driver registered\r\n'
b'[    0.560393] HugeTLB registered 2.00 MiB page size, pre-allocated 0 pages\r\n'
b'[    0.568188] ambarella-dma e0020000.dma: Ambarella DMA Engine \r\n'
b'[    0.574518] ambarella-dma e0021000.dma: Ambarella DMA Engine \r\n'
b'[    0.580748] ambarella-i2c e4008000.i2c: Ambarella I2C adapter[0] probed, clock:100000!\r\n'
b'[    0.588857] ambarella-i2c e4009000.i2c: Ambarella I2C adapter[1] probed, clock:100000!\r\n'
b'[    0.596959] ambarella-i2c e400a000.i2c: Ambarella I2C adapter[2] probed, clock:100000!\r\n'
b'[    0.605056] ambarella-i2c e400b000.i2c: Ambarella I2C adapter[3] probed, clock:100000!\r\n'
b'[    0.613834] clocksource: Switched to clocksource arch_sys_counter\r\n'
b'[    0.626145] NET: Registered protocol family 2\r\n'
b'[    0.630948] TCP established hash table entries: 16384 (order: 5, 131072 bytes)\r\n'
b'[    0.638317] TCP bind hash table entries: 16384 (order: 6, 262144 bytes)\r\n'
b'[    0.645245] TCP: Hash tables configured (established 16384 bind 16384)\r\n'
b'[    0.651890] UDP hash table entries: 1024 (order: 3, 32768 bytes)\r\n'
b'[    0.657943] UDP-Lite hash table entries: 1024 (order: 3, 32768 bytes)\r\n'
b'[    0.664524] NET: Registered protocol family 1\r\n'
b'[    0.669174] RPC: Registered named UNIX socket transport module.\r\n'
b'[    0.675098] RPC: Registered udp transport module.\r\n'
b'[    0.679789] RPC: Registered tcp transport module.\r\n'
b'[    0.684479] RPC: Registered tcp NFSv4.1 backchannel transport module.\r\n'
b'[    0.694558] workingset: timestamp_bits=62 max_order=19 bucket_order=0\r\n'
b'[    0.706643] squashfs: version 4.0 (2009/01/31) Phillip Lougher\r\n'
b'[    0.717046] Block layer SCSI generic (bsg) driver version 0.4 loaded (major 251)\r\n'
b'[    0.724435] io scheduler noop registered\r\n'
b'[    0.728347] io scheduler deadline registered\r\n'
b'[    0.732703] io scheduler cfq registered (default)\r\n'
b'[    0.737396] io scheduler mq-deadline registered\r\n'
b'[    0.741918] io scheduler kyber registered\r\n'
b'[    0.746481] ambarella-gdma e000c000.gdma: Ambarella GDMA driver init\r\n'
b'[    0.753220] e4000000.uart: ttyS0 at MMIO 0xe4000000 (irq = 11, base_baud = 1500000) is a ambuart\r\n'
b'[    0.762302] e0017000.uart: ttyS1 at MMIO 0xe0017000 (irq = 32, base_baud = 1500000) is a ambuart\r\n'
b'[    0.771354] e001a000.uart: ttyS4 at MMIO 0xe001a000 (irq = 33, base_baud = 1500000) is a ambuart\r\n'
b'[    0.780428] cacheinfo: Unable to detect cache hierarchy for CPU 0\r\n'
b'[    0.787110] brd: module loaded\r\n'
b'[    0.796159] loop: module loaded\r\n'
b'[    0.799431] mousedev: PS/2 mouse device common for all mice\r\n'
b'[    0.805328] ambarella-rtc e8001000.rtc: rtc core: registered e8001000.rtc as rtc0\r\n'
b'[    0.812800] ambarella-rtc e8001000.rtc: Warning: RTC lost power.....\r\n'
b'[    0.824484] ambarella-wdt ec002000.wdt: Ambarella Watchdog Timer Probed.\r\n'
b'[    1.184910] ambarella-sd e0004000.sdmmc0: Max frequency is 120000000Hz\r\n'
b'[    1.570880] ambarella-sd e0005000.sdmmc1: Max frequency is 48000000Hz\r\n'
b'[    1.577588] Initializing XFRM netlink socket\r\n'
b'[    1.581863] NET: Registered protocol family 17\r\n'
b'[    1.586323] Key type dns_resolver registered\r\n'
b'[    1.596461] console [netcon0] enabled\r\n'
b'[    1.600133] netconsole: network logging started\r\n'
b'[    1.621565] ambarella-rtc e8001000.rtc: setting system clock to 1970-02-20 06:19:48 UTC (4342788)\r\n'
b'[    1.630803] Waiting for root device /dev/mmcblk0p9...\r\n'
b'[    1.750386] mmc0: new high speed MMC card at address 0001\r\n'
b'[    1.777100] mmcblk0: mmc0:0001 S0J57X 29.6 GiB \r\n'
b'[    1.804071] mmcblk0boot0: mmc0:0001 S0J57X partition 1 31.5 MiB\r\n'
b'[    1.810156] mmcblk0boot1: mmc0:0001 S0J57X partition 2 31.5 MiB\r\n'
b'[    1.826120] mmcblk0rpmb: mmc0:0001 S0J57X partition 3 4.00 MiB, chardev (250:0)\r\n'
b'[    1.845864]  (bst): 0x0000000000000000, 0x0000000000001000\r\n'
b'[    1.851342]  (bld): 0x0000000000001000, 0x0000000000100000\r\n'
b'[    1.856834]  (ptb): 0x0000000000101000, 0x00000000000e0000\r\n'
b'[    1.862321]  (atf): 0x00000000001e1000, 0x0000000000100000\r\n'
b'[    1.867810]  (pba): 0x00000000002e1000, 0x0000000001000000\r\n'
b'[    1.873297]  (pri): 0x00000000012e1000, 0x0000000001000000\r\n'
b'[    1.878783]  (sec): 0x00000000022e1000, 0x0000000040000000\r\n'
b'[    1.884259]  (dsp): 0x00000000422e1000, 0x0000000006400000\r\n'
b'[    1.889734]  (lnx): 0x00000000486e1000, 0x0000000026600000\r\n'
b'[    1.895221]  (add): 0x000000006ece1000, 0x0000000080000000\r\n'
b'[    1.900708]  (raw): 0x00000000eece1000, 0x000000067a31f000\r\n'
b'[    1.906192]  mmcblk0: p1(bst) p2(bld) p3(ptb) p4(atf) p5(pba) p6(pri) p7(sec) p8(dsp) p9(lnx) p10(add) p11(raw)\r\n'
b'[    1.931240] EXT4-fs (mmcblk0p9): mounted filesystem with ordered data mode. Opts: (null)\r\n'
b'[    1.939357] VFS: Mounted root (ext4 filesystem) on device 179:9.\r\n'
b'[    1.946196] devtmpfs: mounted\r\n'
b'[    1.949388] Freeing unused kernel memory: 320K\r\n'
b'[    1.958604] mmc1: new high speed SDHC card at address aaaa\r\n'
b'[    1.964418] mmcblk1: mmc1:aaaa SC32G 29.7 GiB \r\n'
b'[    1.970179] random: fast init done\r\n'
b'[    1.973630]  mmcblk1: p1\r\n'
b'[    2.083440] EXT4-fs (mmcblk0p9): re-mounted. Opts: errors=remount-ro,data=ordered\r\n'
b'net.core.wmem_default = 524288\r\n'
b'net.core.wmem_max = 1048576\r\n'
b'vm.laptop_mode = 0\r\n'
b'vm.min_free_kbytes = 8192\r\n'
b'vm.vfs_cache_pressure = 160\r\n'
b'vm.dirty_expire_centisecs = 600\r\n'
b'vm.dirty_writeback_centisecs = 200\r\n'
b'vm.dirty_ratio = 3\r\n'
b'vm.di[    2.152015] i2c /dev entries driver\r\n'
b'rty_background_ratio = 3\r\n'
b'[    2.164605] ambarella-spi e0011000.spi: Ambarella spi controller 0 created.\r\r\n'
b'[    2.212660] ambad: loading out-of-tree module taints kernel.\r\n'
b'[    2.218894] amba_debug_init 248:0.\r\n'
b'Populating cv22_bmap using udev: Starting version v242-1.amba\r\n'
b'Done\r\n'
b'Loading CV22 private driver: [    2.555471] pps_core: LinuxPPS API ver. 1 registered\r\n'
b'[    2.560482] pps_core: Software ver. 5.3.6 - Copyright 2005-2007 Rodolfo Giometti <giometti@linux.it>\r\n'
b'[    2.578856] pps pps0: new PPS source pps.-1\r\n'
b'[    2.583140] pps pps0: Registered IRQ 39 as PPS source\r\n'
b'[    2.661939] libphy: Fixed MDIO Bus: probed\r\n'
b'[    2.797865] libphy: Ambarella MDIO Bus: probed\r\n'
b'[    2.820028] rtl9000_probe id 1c\r\n'
b'[    2.823207] rtl9000_probe id cb00\r\n'
b'[    2.826596] ambarella-eth e000e000.ethernet: Enhance Ethernet PHY[0]: 0x001ccb00!\r\n'
b'[    2.834607] ambarella-eth e000e000.ethernet: CONFIG_PTP_1588_CLOCK is not set\r\n'
b'[    2.841763] ambarella-eth e000e000.ethernet: MAC Address[52:07:37:3c:13:98].\r\n'
b'modprobe: module ambarella_sd not found in modules.dep\r\n'
b'modprobe: module mmc_block not found in modules.dep\r\n'
b'[    2.901737] EXT4-fs (mmcblk0p7): Unrecognized mount option "flush" or missing value\r\n'
b'[    2.905266] usbcore: registered new interface driver usbfs\r\n'
b'[    2.915756] usbcore: registered new interface driver hub\r\n'
b'[    2.921978] usbcore: registered new device driver usb\r\n'
b"[    2.933673] ehci_hcd: USB 2.0 'Enhanced' Host Controller (EHCI) Driver\r\n"
b'[    2.947365] ehci-ambarella: AMBARELLA-EHCI Host Controller driver\r\n'
b'[    2.953788] ambarella-ehci e001f000.ehci: EHCI Host Controller\r\n'
b'[    2.958238] EXT4-fs (mmcblk0p8): Unrecognized mount option "flush" or missing value\r\n'
b'[    2.959688] ambarella-ehci e001f000.ehci: new USB bus registered, assigned bus number 1\r\n'
b'[    2.976343] ambarella-ehci e001f000.ehci: irq 26, io mem 0xe001f000\r\n'
b'[    2.984516] FAT-fs (mmcblk1p1): Volume was not properly unmounted. Some data may be corrupt. Please run fsck.\r\n'
b'[    2.988848] ambarella-ehci e001f000.ehci: USB 2.0 started, EHCI 1.00\r\n'
b'[    3.000957] usb usb1: New USB device found, idVendor=1d6b, idProduct=0002\r\n'
b'[    3.007735] usb usb1: New USB device strings: Mfr=3, Product=2, SerialNumber=1\r\n'
b'[    3.014948] usb usb1: Product: EHCI Host Controller\r\n'
b'[    3.019820] usb usb1: Manufacturer: Linux 4.14.181 ehci_hcd\r\n'
b'[    3.025391] usb usb1: SerialNumber: AmbUSB\r\n'
b'[    3.030000] hub 1-0:1.0: USB hub found\r\n'
b'[    3.033772] hub 1-0:1.0: 1 port detected\r\n'
b"[    3.048552] ohci_hcd: USB 1.1 'Open' Host Controller (OHCI) Driver\r\n"
b'[    3.055012] ambarella-ohci e001e000.ohci: Ambarella OHCI\r\n'
b'[    3.060335] ambarella-ohci e001e000.ohci: new USB bus registered, assigned bus number 2\r\n'
b'[    3.068383] ambarella-ohci e001e000.ohci: irq 25, io mem 0xe001e000\r\n'
b'[    3.131017] usb usb2: New USB device found, idVendor=1d6b, idProduct=0001\r\n'
b'[    3.137799] usb usb2: New USB device strings: Mfr=3, Product=2, SerialNumber=1\r\n'
b'[    3.145025] usb usb2: Product: Ambarella OHCI\r\n'
b'[    3.149374] usb usb2: Manufacturer: Linux 4.14.181 ohci_hcd\r\n'
b'[    3.154934] usb usb2: SerialNumber: AmbUSB\r\n'
b'[    3.159483] hub 2-0:1.0: USB hub found\r\n'
b'[    3.163253] hub 2-0:1.0: 1 port detected\r\n'
b'[    3.177778] ambarella-udc e0006000.udc: ambarella_udc: version 21 Jan 2016\r\n'
b'[    3.211935] using random self ethernet address\r\n'
b'[    3.216382] using random host ethernet address\r\n'
b'[    3.221239] usb0: HOST MAC a2:d2:fa:68:0c:95\r\n'
b'[    3.225590] usb0: MAC 2e:c7:ef:ba:d8:83\r\n'
b'[    3.229459] using random self ethernet address\r\n'
b'[    3.233894] using random host ethernet address\r\n'
b'[    3.238389] g_ether gadget: Ethernet Gadget, version: Memorial Day 2008\r\n'
b'[    3.245056] g_ether gadget: g_ether ready\r\n'
b'Install Auido...\r\n'
b'[    3.348877] usb usb1-port1: over-current condition\r\n'
b'[    3.439263] g_ether gadget: high-speed config #2: RNDIS\r\n'
b'[    3.450879] asoc-simple-card sound: nau8822-hifi <-> e001d000.i2s mapping ok\r\n'
b'[    3.458771] asoc-simple-card sound: amba_dummy_codec <-> e001d000.i2s mapping ok\r\n'
b'OK!\r\n'
b'Initializing random number generator... [    3.609602] random: dd: uninitialized urandom read (512 bytes read)\r\n'
b'done.\r\n'
b'Starting network...\r\n'
b'ip: RTNETLINK answers: File exists\r\n'
b'ifup: interface eth0 already configured\r\n'
b'Starting nginx: OK\r\n'
b'Starting fcgiwrap: OK\r\n'
b'[    3.705700] ambarella_fb bogus_bus:framebuffer@0: 720x480, argb1555, 16 bits per pixel, buf pitch = 1440\r\n'
b'[    3.718281] ambarella_fb bogus_bus:framebuffer@1: 720x480, argb1555, 16 bits per pixel, buf pitch = 1440\r\n'
b'\r\r\n'
b'\r\n'
b'\rWelcome to Ambarella\r\n'
b'\rAmbarella login: '
b''
重启第 4 次
b'\r\r\n'
b'\r\n'
b'\rWelcome to Ambarella\r\n'
b'\rAmbarella login: \r\r\n'
b'\r\n'
b'\rWelcome to Ambarella\r\n'
b'\rAmbarella login: root\r\n'
b"login[333]: root login on 'ttyS0'\r\r\n"
b'# \r\n'
b'# reboot\r\n'
b'# [   29.987268] EXT4-fs (mmcblk0p9): re-mounted. Opts: (null)\r\n'
b'\rThe system is going down NOW!\r\n'
b'\rSent SIGTERM to all processes\r\n'
b'\rSent SIGKILL to all processes\r\n'
b'\rRequesting system reboot\r\n'
b'[   32.732871] hub 2-0:1.0: over-current condition\r\n'
b'[   32.770204] ambarella-wdt ec002000.wdt: ambarella_wdt_shutdown @ 5.\r\n'
b'[   32.776531] reboot: Restarting system\r\n'
b'\x1b[4l\r\n'
b'[    0.000000] Booting Linux on physical CPU 0x0\r\n'
b'[    0.000000] Linux version 4.14.181 (zy@zy-VirtualBox) (gcc version 8.2.1 20180802 (Linaro GCC 8.2-2018.08~dev)) #1 SMP PREEMPT Thu Oct 15 15:36:17 CST 2020\r\n'
b'[    0.000000] Boot CPU: AArch64 Processor [410fd034]\r\n'
b'[    0.000000] Machine model: Ambarella CV22 Walnut Board\r\n'
b'[    0.000000] Reserved memory: created CMA memory pool at 0x000000003cc00000, size 48 MiB\r\n'
b'[    0.000000] OF: reserved mem: initialized node linux,cma, compatible id shared-dma-pool\r\n'
b'[    0.000000] Reserved memory: created CMA memory pool at 0x0000000040000000, size 508 MiB\r\n'
b'[    0.000000] OF: reserved mem: initialized node iav@0x40000000, compatible id shared-dma-pool\r\n'
b'[    0.000000] Reserved memory: created CMA memory pool at 0x0000000060000000, size 508 MiB\r\n'
b'[    0.000000] OF: reserved mem: initialized node cavalry@0x60000000, compatible id shared-dma-pool\r\n'
b'[    0.000000] percpu: Embedded 19 pages/cpu s38552 r8192 d31080 u77824\r\n'
b'[    0.000000] Detected VIPT I-cache on CPU0\r\n'
b'[    0.000000] CPU features: enabling workaround for ARM erratum 845719\r\n'
b'[    0.000000] Built 1 zonelists, mobility grouping on.  Total pages: 515592\r\n'
b'[    0.000000] Kernel command line: console=ttyS0 noinitrd root=/dev/mmcblk0p9 rw rootfstype=ext4 init=/linuxrc rootwait\r\n'
b'[    0.000000] PID hash table entries: 4096 (order: 3, 32768 bytes)\r\n'
b'[    0.000000] Dentry cache hash table entries: 262144 (order: 9, 2097152 bytes)\r\n'
b'[    0.000000] Inode-cache hash table entries: 131072 (order: 8, 1048576 bytes)\r\n'
b'[    0.000000] Memory: 962048K/2095104K available (4670K kernel code, 432K rwdata, 1336K rodata, 320K init, 224K bss, 43520K reserved, 1089536K cma-reserved)\r\n'
b'[    0.000000] Virtual kernel memory layout:\r\n'
b'[    0.000000]     modules : 0xffffff8000000000 - 0xffffff8008000000   (   128 MB)\r\n'
b'[    0.000000]     vmalloc : 0xffffff8008000000 - 0xffffffbebfff0000   (   250 GB)\r\n'
b'[    0.000000]       .text : 0xffffff8008080000 - 0xffffff8008510000   (  4672 KB)\r\n'
b'[    0.000000]     .rodata : 0xffffff8008510000 - 0xffffff8008670000   (  1408 KB)\r\n'
b'[    0.000000]       .init : 0xffffff8008670000 - 0xffffff80086c0000   (   320 KB)\r\n'
b'[    0.000000]       .data : 0xffffff80086c0000 - 0xffffff800872c008   (   433 KB)\r\n'
b'[    0.000000]        .bss : 0xffffff800872c008 - 0xffffff8008764178   (   225 KB)\r\n'
b'[    0.000000]     fixed   : 0xffffffbefe7fb000 - 0xffffffbefec00000   (  4116 KB)\r\n'
b'[    0.000000]     PCI I/O : 0xffffffbefee00000 - 0xffffffbeffe00000   (    16 MB)\r\n'
b'[    0.000000]     vmemmap : 0xffffffbf00000000 - 0xffffffc000000000   (     4 GB maximum)\r\n'
b'[    0.000000]               0xffffffbf00008000 - 0xffffffbf02000000   (    31 MB actual)\r\n'
b'[    0.000000]     memory  : 0xffffffc000200000 - 0xffffffc080000000   (  2046 MB)\r\n'
b'[    0.000000] SLUB: HWalign=64, Order=0-3, MinObjects=0, CPUs=4, Nodes=1\r\n'
b'[    0.000000] Preemptible hierarchical RCU implementation.\r\n'
b'[    0.000000] \tTasks RCU enabled.\r\n'
b'[    0.000000] NR_IRQS: 64, nr_irqs: 64, preallocated irqs: 0\r\n'
b'[    0.000000] CPU features: GIC system register CPU interface present but disabled by higher exception level\r\n'
b'[    0.000000] arch_timer: cp15 timer(s) running at 47.25MHz (virt).\r\n'
b'[    0.000000] clocksource: arch_sys_counter: mask: 0xffffffffffffff max_cycles: 0xae5b54743, max_idle_ns: 440795204480 ns\r\n'
b'[    0.000005] sched_clock: 56 bits at 47MHz, resolution 21ns, wraps every 4398046511098ns\r\n'
b'[    0.000254] Console: colour dummy device 80x25\r\n'
b'[    0.297562] console [ttyS0] enabled\r\n'
b'[    0.301046] Calibrating delay loop (skipped), value calculated using timer frequency.. 94.50 BogoMIPS (lpj=47250)\r\n'
b'[    0.311286] pid_max: default: 32768 minimum: 301\r\n'
b'[    0.315988] Mount-cache hash table entries: 4096 (order: 3, 32768 bytes)\r\n'
b'[    0.322687] Mountpoint-cache hash table entries: 4096 (order: 3, 32768 bytes)\r\n'
b'[    0.333871] ASID allocator initialised with 32768 entries\r\n'
b'[    0.341280] Hierarchical SRCU implementation.\r\n'
b'[    0.349666] smp: Bringing up secondary CPUs ...\r\n'
b'[    0.361289] Detected VIPT I-cache on CPU1\r\n'
b'[    0.365317] CPU1: Booted secondary processor [410fd034]\r\n'
b'[    0.377380] Detected VIPT I-cache on CPU2\r\n'
b'[    0.381391] CPU2: Booted secondary processor [410fd034]\r\n'
b'[    0.393482] Detected VIPT I-cache on CPU3\r\n'
b'[    0.397494] CPU3: Booted secondary processor [410fd034]\r\n'
b'[    0.402772] smp: Brought up 1 node, 4 CPUs\r\n'
b'[    0.406868] SMP: Total of 4 processors activated.\r\n'
b'[    0.411560] CPU features: detected: 32-bit EL0 Support\r\n'
b'[    0.417183] CPU: All CPU(s) started at EL1\r\n'
b'[    0.421282] alternatives: patching kernel code\r\n'
b'[    0.426836] devtmpfs: initialized\r\n'
b'[    0.435929] random: get_random_u32 called from bucket_table_alloc+0x108/0x268 with crng_init=0\r\n'
b'[    0.444870] clocksource: jiffies: mask: 0xffffffff max_cycles: 0xffffffff, max_idle_ns: 1911260446275000 ns\r\n'
b'[    0.454598] futex hash table entries: 1024 (order: 5, 131072 bytes)\r\n'
b'[    0.502954] pinctrl core: initialized pinctrl subsystem\r\n'
b'[    0.508517] NET: Registered protocol family 16\r\n'
b'[    0.513650] vdso: 2 pages (1 code @ ffffff8008515000, 1 data @ ffffff80086c4000)\r\n'
b'[    0.528136] DMA: preallocated 256 KiB pool for atomic allocations\r\n'
b'[    0.537427] ambarella-pinctrl ec003000.pinctrl: Ambarella pinctrl driver registered\r\n'
b'[    0.545786] ambarella-gpio ec003000.pinctrl:gpio@0: Ambarella GPIO driver registered\r\n'
b'[    0.560379] HugeTLB registered 2.00 MiB page size, pre-allocated 0 pages\r\n'
b'[    0.568187] ambarella-dma e0020000.dma: Ambarella DMA Engine \r\n'
b'[    0.574517] ambarella-dma e0021000.dma: Ambarella DMA Engine \r\n'
b'[    0.580746] ambarella-i2c e4008000.i2c: Ambarella I2C adapter[0] probed, clock:100000!\r\n'
b'[    0.588854] ambarella-i2c e4009000.i2c: Ambarella I2C adapter[1] probed, clock:100000!\r\n'
b'[    0.596957] ambarella-i2c e400a000.i2c: Ambarella I2C adapter[2] probed, clock:100000!\r\n'
b'[    0.605056] ambarella-i2c e400b000.i2c: Ambarella I2C adapter[3] probed, clock:100000!\r\n'
b'[    0.613846] clocksource: Switched to clocksource arch_sys_counter\r\n'
b'[    0.626106] NET: Registered protocol family 2\r\n'
b'[    0.630908] TCP established hash table entries: 16384 (order: 5, 131072 bytes)\r\n'
b'[    0.638278] TCP bind hash table entries: 16384 (order: 6, 262144 bytes)\r\n'
b'[    0.645207] TCP: Hash tables configured (established 16384 bind 16384)\r\n'
b'[    0.651855] UDP hash table entries: 1024 (order: 3, 32768 bytes)\r\n'
b'[    0.657908] UDP-Lite hash table entries: 1024 (order: 3, 32768 bytes)\r\n'
b'[    0.664488] NET: Registered protocol family 1\r\n'
b'[    0.669144] RPC: Registered named UNIX socket transport module.\r\n'
b'[    0.675067] RPC: Registered udp transport module.\r\n'
b'[    0.679759] RPC: Registered tcp transport module.\r\n'
b'[    0.684449] RPC: Registered tcp NFSv4.1 backchannel transport module.\r\n'
b'[    0.694559] workingset: timestamp_bits=62 max_order=19 bucket_order=0\r\n'
b'[    0.706688] squashfs: version 4.0 (2009/01/31) Phillip Lougher\r\n'
b'[    0.717076] Block layer SCSI generic (bsg) driver version 0.4 loaded (major 251)\r\n'
b'[    0.724461] io scheduler noop registered\r\n'
b'[    0.728376] io scheduler deadline registered\r\n'
b'[    0.732731] io scheduler cfq registered (default)\r\n'
b'[    0.737428] io scheduler mq-deadline registered\r\n'
b'[    0.741947] io scheduler kyber registered\r\n'
b'[    0.746514] ambarella-gdma e000c000.gdma: Ambarella GDMA driver init\r\n'
b'[    0.753236] e4000000.uart: ttyS0 at MMIO 0xe4000000 (irq = 11, base_baud = 1500000) is a ambuart\r\n'
b'[    0.762315] e0017000.uart: ttyS1 at MMIO 0xe0017000 (irq = 32, base_baud = 1500000) is a ambuart\r\n'
b'[    0.771371] e001a000.uart: ttyS4 at MMIO 0xe001a000 (irq = 33, base_baud = 1500000) is a ambuart\r\n'
b'[    0.780447] cacheinfo: Unable to detect cache hierarchy for CPU 0\r\n'
b'[    0.787129] brd: module loaded\r\n'
b'[    0.796169] loop: module loaded\r\n'
b'[    0.799441] mousedev: PS/2 mouse device common for all mice\r\n'
b'[    0.805327] ambarella-rtc e8001000.rtc: rtc core: registered e8001000.rtc as rtc0\r\n'
b'[    0.812798] ambarella-rtc e8001000.rtc: Warning: RTC lost power.....\r\n'
b'[    0.824495] ambarella-wdt ec002000.wdt: Ambarella Watchdog Timer Probed.\r\n'
b'[    1.183923] ambarella-sd e0004000.sdmmc0: Max frequency is 120000000Hz\r\n'
b'[    1.569892] ambarella-sd e0005000.sdmmc1: Max frequency is 48000000Hz\r\n'
b'[    1.576601] Initializing XFRM netlink socket\r\n'
b'[    1.580876] NET: Registered protocol family 17\r\n'
b'[    1.585336] Key type dns_resolver registered\r\n'
b'[    1.595468] console [netcon0] enabled\r\n'
b'[    1.599141] netconsole: network logging started\r\n'
b'[    1.620576] ambarella-rtc e8001000.rtc: setting system clock to 1970-02-20 06:19:48 UTC (4342788)\r\n'
b'[    1.629813] Waiting for root device /dev/mmcblk0p9...\r\n'
b'[    1.749408] mmc0: new high speed MMC card at address 0001\r\n'
b'[    1.776121] mmcblk0: mmc0:0001 S0J57X 29.6 GiB \r\n'
b'[    1.803092] mmcblk0boot0: mmc0:0001 S0J57X partition 1 31.5 MiB\r\n'
b'[    1.809176] mmcblk0boot1: mmc0:0001 S0J57X partition 2 31.5 MiB\r\n'
b'[    1.825141] mmcblk0rpmb: mmc0:0001 S0J57X partition 3 4.00 MiB, chardev (250:0)\r\n'
b'[    1.844876]  (bst): 0x0000000000000000, 0x0000000000001000\r\n'
b'[    1.850354]  (bld): 0x0000000000001000, 0x0000000000100000\r\n'
b'[    1.855846]  (ptb): 0x0000000000101000, 0x00000000000e0000\r\n'
b'[    1.861333]  (atf): 0x00000000001e1000, 0x0000000000100000\r\n'
b'[    1.866823]  (pba): 0x00000000002e1000, 0x0000000001000000\r\n'
b'[    1.872311]  (pri): 0x00000000012e1000, 0x0000000001000000\r\n'
b'[    1.877797]  (sec): 0x00000000022e1000, 0x0000000040000000\r\n'
b'[    1.883273]  (dsp): 0x00000000422e1000, 0x0000000006400000\r\n'
b'[    1.888748]  (lnx): 0x00000000486e1000, 0x0000000026600000\r\n'
b'[    1.894236]  (add): 0x000000006ece1000, 0x0000000080000000\r\n'
b'[    1.899723]  (raw): 0x00000000eece1000, 0x000000067a31f000\r\n'
b'[    1.905207]  mmcblk0: p1(bst) p2(bld) p3(ptb) p4(atf) p5(pba) p6(pri) p7(sec) p8(dsp) p9(lnx) p10(add) p11(raw)\r\n'
b'[    1.930953] EXT4-fs (mmcblk0p9): mounted filesystem with ordered data mode. Opts: (null)\r\n'
b'[    1.939069] VFS: Mounted root (ext4 filesystem) on device 179:9.\r\n'
b'[    1.945897] devtmpfs: mounted\r\n'
b'[    1.949089] Freeing unused kernel memory: 320K\r\n'
b'[    1.957622] mmc1: new high speed SDHC card at address aaaa\r\n'
b'[    1.963391] mmcblk1: mmc1:aaaa SC32G 29.7 GiB \r\n'
b'[    1.969466] random: fast init done\r\n'
b'[    1.972904]  mmcblk1: p1\r\n'
b'[    2.080371] EXT4-fs (mmcblk0p9): re-mounted. Opts: errors=remount-ro,data=ordered\r\n'
b'net.core.wmem_default = 524288\r\n'
b'net.core.wmem_max = 1048576\r\n'
b'vm.laptop_mode = 0\r\n'
b'vm.min_free_kbytes = 8192\r\n'
b'vm.vfs_cache_pressure = 160\r\n'
b'vm.dirty_expire_centisecs = 600\r\n'
b'vm.dirty_writeback_centisecs = 200\r\n'
b'vm.dirty_ratio = 3\r\n'
b'vm.di[    2.149137] i2c /dev entries driver\r\n'
b'rty_background_ratio = 3\r\n'
b'[    2.161741] ambarella-spi e0011000.spi: Ambarella spi controller 0 created.\r\r\n'
b'[    2.209268] ambad: loading out-of-tree module taints kernel.\r\n'
b'[    2.215435] amba_debug_init 248:0.\r\n'
b'Populating cv22_bmap using udev: Starting version v242-1.amba\r\n'
b'Done\r\n'
b'Loading CV22 private driver: [    2.554395] pps_core: LinuxPPS API ver. 1 registered\r\n'
b'[    2.559393] pps_core: Software ver. 5.3.6 - Copyright 2005-2007 Rodolfo Giometti <giometti@linux.it>\r\n'
b'[    2.576092] pps pps0: new PPS source pps.-1\r\n'
b'[    2.580371] pps pps0: Registered IRQ 39 as PPS source\r\n'
b'[    2.661409] libphy: Fixed MDIO Bus: probed\r\n'
b'[    2.798879] libphy: Ambarella MDIO Bus: probed\r\n'
b'[    2.825386] rtl9000_probe id 1c\r\n'
b'[    2.828600] rtl9000_probe id cb00\r\n'
b'[    2.832041] ambarella-eth e000e000.ethernet: Enhance Ethernet PHY[0]: 0x001ccb00!\r\n'
b'[    2.840192] ambarella-eth e000e000.ethernet: CONFIG_PTP_1588_CLOCK is not set\r\n'
b'[    2.847345] ambarella-eth e000e000.ethernet: MAC Address[c2:3d:e4:89:b0:77].\r\n'
b'modprobe: module ambarella_sd not found in modules.dep\r\n'
b'modprobe: module mmc_block not found in modules.dep\r\n'
b'[    2.893177] EXT4-fs (mmcblk0p8): Unrecognized mount option "flush" or missing value\r\n'
b'[    2.917040] EXT4-fs (mmcblk0p7): Unrecognized mount option "flush" or missing value\r\n'
b'[    2.919665] usbcore: registered new interface driver usbfs\r\n'
b'[    2.930268] usbcore: registered new interface driver hub\r\n'
b'[    2.935668] usbcore: registered new device driver usb\r\n'
b"[    2.946808] ehci_hcd: USB 2.0 'Enhanced' Host Controller (EHCI) Driver\r\n"
b'[    2.958546] ehci-ambarella: AMBARELLA-EHCI Host Controller driver\r\n'
b'[    2.964893] ambarella-ehci e001f000.ehci: EHCI Host Controller\r\n'
b'[    2.970813] ambarella-ehci e001f000.ehci: new USB bus registered, assigned bus number 1\r\n'
b'[    2.979593] ambarella-ehci e001f000.ehci: irq 26, io mem 0xe001f000\r\n'
b'[    2.992872] ambarella-ehci e001f000.ehci: USB 2.0 started, EHCI 1.00\r\n'
b'[    3.000075] usb usb1: New USB device found, idVendor=1d6b, idProduct=0002\r\n'
b'[    3.007152] usb usb1: New USB device strings: Mfr=3, Product=2, SerialNumber=1\r\n'
b'[    3.015084] usb usb1: Product: EHCI Host Controller\r\n'
b'[    3.020293] usb usb1: Manufacturer: Linux 4.14.181 ehci_hcd\r\n'
b'[    3.025888] usb usb1: SerialNumber: AmbUSB\r\n'
b'[    3.030579] hub 1-0:1.0: USB hub found\r\n'
b'[    3.034382] hub 1-0:1.0: 1 port detected\r\n'
b'[    3.039345] FAT-fs (mmcblk1p1): Volume was not properly unmounted. Some data may be corrupt. Please run fsck.\r\n'
b"[    3.059933] ohci_hcd: USB 1.1 'Open' Host Controller (OHCI) Driver\r\n"
b'[    3.066411] ambarella-ohci e001e000.ohci: Ambarella OHCI\r\n'
b'[    3.071749] ambarella-ohci e001e000.ohci: new USB bus registered, assigned bus number 2\r\n'
b'[    3.079808] ambarella-ohci e001e000.ohci: irq 25, io mem 0xe001e000\r\n'
b'[    3.142019] usb usb2: New USB device found, idVendor=1d6b, idProduct=0001\r\n'
b'[    3.148800] usb usb2: New USB device strings: Mfr=3, Product=2, SerialNumber=1\r\n'
b'[    3.156008] usb usb2: Product: Ambarella OHCI\r\n'
b'[    3.160355] usb usb2: Manufacturer: Linux 4.14.181 ohci_hcd\r\n'
b'[    3.165915] usb usb2: SerialNumber: AmbUSB\r\n'
b'[    3.170456] hub 2-0:1.0: USB hub found\r\n'
b'[    3.174227] hub 2-0:1.0: 1 port detected\r\n'
b'[    3.188876] ambarella-udc e0006000.udc: ambarella_udc: version 21 Jan 2016\r\n'
b'[    3.226080] using random self ethernet address\r\n'
b'[    3.230531] using random host ethernet address\r\n'
b'[    3.235385] usb0: HOST MAC 0e:f2:78:5b:1c:c8\r\n'
b'[    3.239731] usb0: MAC 02:11:8d:b0:66:ab\r\n'
b'[    3.243601] using random self ethernet address\r\n'
b'[    3.248040] using random host ethernet address\r\n'
b'[    3.252533] g_ether gadget: Ethernet Gadget, version: Memorial Day 2008\r\n'
b'[    3.259139] g_ether gadget: g_ether ready\r\n'
b'Install Auido...\r\n'
b'[    3.347911] usb usb1-port1: over-current condition\r\n'
b'[    3.452974] asoc-simple-card sound: nau8822-hifi <-> e001d000.i2s mapping ok\r\n'
b'[    3.459467] g_ether gadget: high-speed config #2: RNDIS\r\n'
b'[    3.460831] asoc-simple-card sound: amba_dummy_codec <-> e001d000.i2s mapping ok\r\n'
b'OK!\r\n'
b'Initializing random number generator... [    3.617669] random: dd: uninitialized urandom read (512 bytes read)\r\n'
b'done.\r\n'
b'Starting network...\r\n'
b'ip: RTNETLINK answers: File exists\r\n'
b'ifup: interface eth0 already configured\r\n'
b'Starting nginx: OK\r\n'
b'Starting fcgiwrap: OK\r\n'
b'[    3.717466] ambarella_fb bogus_bus:framebuffer@0: 720x480, argb1555, 16 bits per pixel, buf pitch = 1440\r\n'
b'[    3.730749] ambarella_fb bogus_bus:framebuffer@1: 720x480, argb1555, 16 bits per pixel, buf pitch = 1440\r\n'
b'\r\r\n'
b'\r\n'
b'\rWelcome to Ambarella\r\n'
b'\rAmbarella login: '
b''
重启第 5 次
b'\r\r\n'
b'\r\n'
b'\rWelcome to Ambarella\r\n'
b'\rAmbarella login: \r\r\n'
b'\r\n'
b'\rWelcome to Ambarella\r\n'
b'\rAmbarella login: root\r\n'
b"login[334]: root login on 'ttyS0'\r\r\n"
b'# \r\n'
b'# reboot\r\n'
b'# [   29.992406] EXT4-fs (mmcblk0p9): re-mounted. Opts: (null)\r\n'
b'\rThe system is going down NOW!\r\n'
b'\rSent SIGTERM to all processes\r\n'
b'\rSent SIGKILL to all processes\r\n'
b'\rRequesting system reboot\r\n'
b'[   32.691883] hub 2-0:1.0: over-current condition\r\n'
b'[   32.729217] ambarella-wdt ec002000.wdt: ambarella_wdt_shutdown @ 5.\r\n'
b'[   32.735544] reboot: Restarting system\r\n'
b'\x1b[4l\r\n'
b'[    0.000000] Booting Linux on physical CPU 0x0\r\n'
b'[    0.000000] Linux version 4.14.181 (zy@zy-VirtualBox) (gcc version 8.2.1 20180802 (Linaro GCC 8.2-2018.08~dev)) #1 SMP PREEMPT Thu Oct 15 15:36:17 CST 2020\r\n'
b'[    0.000000] Boot CPU: AArch64 Processor [410fd034]\r\n'
b'[    0.000000] Machine model: Ambarella CV22 Walnut Board\r\n'
b'[    0.000000] Reserved memory: created CMA memory pool at 0x000000003cc00000, size 48 MiB\r\n'
b'[    0.000000] OF: reserved mem: initialized node linux,cma, compatible id shared-dma-pool\r\n'
b'[    0.000000] Reserved memory: created CMA memory pool at 0x0000000040000000, size 508 MiB\r\n'
b'[    0.000000] OF: reserved mem: initialized node iav@0x40000000, compatible id shared-dma-pool\r\n'
b'[    0.000000] Reserved memory: created CMA memory pool at 0x0000000060000000, size 508 MiB\r\n'
b'[    0.000000] OF: reserved mem: initialized node cavalry@0x60000000, compatible id shared-dma-pool\r\n'
b'[    0.000000] percpu: Embedded 19 pages/cpu s38552 r8192 d31080 u77824\r\n'
b'[    0.000000] Detected VIPT I-cache on CPU0\r\n'
b'[    0.000000] CPU features: enabling workaround for ARM erratum 845719\r\n'
b'[    0.000000] Built 1 zonelists, mobility grouping on.  Total pages: 515592\r\n'
b'[    0.000000] Kernel command line: console=ttyS0 noinitrd root=/dev/mmcblk0p9 rw rootfstype=ext4 init=/linuxrc rootwait\r\n'
b'[    0.000000] PID hash table entries: 4096 (order: 3, 32768 bytes)\r\n'
b'[    0.000000] Dentry cache hash table entries: 262144 (order: 9, 2097152 bytes)\r\n'
b'[    0.000000] Inode-cache hash table entries: 131072 (order: 8, 1048576 bytes)\r\n'
b'[    0.000000] Memory: 962048K/2095104K available (4670K kernel code, 432K rwdata, 1336K rodata, 320K init, 224K bss, 43520K reserved, 1089536K cma-reserved)\r\n'
b'[    0.000000] Virtual kernel memory layout:\r\n'
b'[    0.000000]     modules : 0xffffff8000000000 - 0xffffff8008000000   (   128 MB)\r\n'
b'[    0.000000]     vmalloc : 0xffffff8008000000 - 0xffffffbebfff0000   (   250 GB)\r\n'
b'[    0.000000]       .text : 0xffffff8008080000 - 0xffffff8008510000   (  4672 KB)\r\n'
b'[    0.000000]     .rodata : 0xffffff8008510000 - 0xffffff8008670000   (  1408 KB)\r\n'
b'[    0.000000]       .init : 0xffffff8008670000 - 0xffffff80086c0000   (   320 KB)\r\n'
b'[    0.000000]       .data : 0xffffff80086c0000 - 0xffffff800872c008   (   433 KB)\r\n'
b'[    0.000000]        .bss : 0xffffff800872c008 - 0xffffff8008764178   (   225 KB)\r\n'
b'[    0.000000]     fixed   : 0xffffffbefe7fb000 - 0xffffffbefec00000   (  4116 KB)\r\n'
b'[    0.000000]     PCI I/O : 0xffffffbefee00000 - 0xffffffbeffe00000   (    16 MB)\r\n'
b'[    0.000000]     vmemmap : 0xffffffbf00000000 - 0xffffffc000000000   (     4 GB maximum)\r\n'
b'[    0.000000]               0xffffffbf00008000 - 0xffffffbf02000000   (    31 MB actual)\r\n'
b'[    0.000000]     memory  : 0xffffffc000200000 - 0xffffffc080000000   (  2046 MB)\r\n'
b'[    0.000000] SLUB: HWalign=64, Order=0-3, MinObjects=0, CPUs=4, Nodes=1\r\n'
b'[    0.000000] Preemptible hierarchical RCU implementation.\r\n'
b'[    0.000000] \tTasks RCU enabled.\r\n'
b'[    0.000000] NR_IRQS: 64, nr_irqs: 64, preallocated irqs: 0\r\n'
b'[    0.000000] CPU features: GIC system register CPU interface present but disabled by higher exception level\r\n'
b'[    0.000000] arch_timer: cp15 timer(s) running at 47.25MHz (virt).\r\n'
b'[    0.000000] clocksource: arch_sys_counter: mask: 0xffffffffffffff max_cycles: 0xae5b54743, max_idle_ns: 440795204480 ns\r\n'
b'[    0.000005] sched_clock: 56 bits at 47MHz, resolution 21ns, wraps every 4398046511098ns\r\n'
b'[    0.000256] Console: colour dummy device 80x25\r\n'
b'[    0.297561] console [ttyS0] enabled\r\n'
b'[    0.301045] Calibrating delay loop (skipped), value calculated using timer frequency.. 94.50 BogoMIPS (lpj=47250)\r\n'
b'[    0.311285] pid_max: default: 32768 minimum: 301\r\n'
b'[    0.315987] Mount-cache hash table entries: 4096 (order: 3, 32768 bytes)\r\n'
b'[    0.322687] Mountpoint-cache hash table entries: 4096 (order: 3, 32768 bytes)\r\n'
b'[    0.333871] ASID allocator initialised with 32768 entries\r\n'
b'[    0.341280] Hierarchical SRCU implementation.\r\n'
b'[    0.349664] smp: Bringing up secondary CPUs ...\r\n'
b'[    0.361288] Detected VIPT I-cache on CPU1\r\n'
b'[    0.365316] CPU1: Booted secondary processor [410fd034]\r\n'
b'[    0.377378] Detected VIPT I-cache on CPU2\r\n'
b'[    0.381390] CPU2: Booted secondary processor [410fd034]\r\n'
b'[    0.393481] Detected VIPT I-cache on CPU3\r\n'
b'[    0.397492] CPU3: Booted secondary processor [410fd034]\r\n'
b'[    0.402770] smp: Brought up 1 node, 4 CPUs\r\n'
b'[    0.406866] SMP: Total of 4 processors activated.\r\n'
b'[    0.411559] CPU features: detected: 32-bit EL0 Support\r\n'
b'[    0.417183] CPU: All CPU(s) started at EL1\r\n'
b'[    0.421282] alternatives: patching kernel code\r\n'
b'[    0.426838] devtmpfs: initialized\r\n'
b'[    0.435933] random: get_random_u32 called from bucket_table_alloc+0x108/0x268 with crng_init=0\r\n'
b'[    0.444869] clocksource: jiffies: mask: 0xffffffff max_cycles: 0xffffffff, max_idle_ns: 1911260446275000 ns\r\n'
b'[    0.454597] futex hash table entries: 1024 (order: 5, 131072 bytes)\r\n'
b'[    0.502927] pinctrl core: initialized pinctrl subsystem\r\n'
b'[    0.508489] NET: Registered protocol family 16\r\n'
b'[    0.513623] vdso: 2 pages (1 code @ ffffff8008515000, 1 data @ ffffff80086c4000)\r\n'
b'[    0.528118] DMA: preallocated 256 KiB pool for atomic allocations\r\n'
b'[    0.537401] ambarella-pinctrl ec003000.pinctrl: Ambarella pinctrl driver registered\r\n'
b'[    0.545760] ambarella-gpio ec003000.pinctrl:gpio@0: Ambarella GPIO driver registered\r\n'
b'[    0.560388] HugeTLB registered 2.00 MiB page size, pre-allocated 0 pages\r\n'
b'[    0.568185] ambarella-dma e0020000.dma: Ambarella DMA Engine \r\n'
b'[    0.574516] ambarella-dma e0021000.dma: Ambarella DMA Engine \r\n'
b'[    0.580747] ambarella-i2c e4008000.i2c: Ambarella I2C adapter[0] probed, clock:100000!\r\n'
b'[    0.588857] ambarella-i2c e4009000.i2c: Ambarella I2C adapter[1] probed, clock:100000!\r\n'
b'[    0.596960] ambarella-i2c e400a000.i2c: Ambarella I2C adapter[2] probed, clock:100000!\r\n'
b'[    0.605059] ambarella-i2c e400b000.i2c: Ambarella I2C adapter[3] probed, clock:100000!\r\n'
b'[    0.613848] clocksource: Switched to clocksource arch_sys_counter\r\n'
b'[    0.626145] NET: Registered protocol family 2\r\n'
b'[    0.630946] TCP established hash table entries: 16384 (order: 5, 131072 bytes)\r\n'
b'[    0.638315] TCP bind hash table entries: 16384 (order: 6, 262144 bytes)\r\n'
b'[    0.645244] TCP: Hash tables configured (established 16384 bind 16384)\r\n'
b'[    0.651889] UDP hash table entries: 1024 (order: 3, 32768 bytes)\r\n'
b'[    0.657942] UDP-Lite hash table entries: 1024 (order: 3, 32768 bytes)\r\n'
b'[    0.664522] NET: Registered protocol family 1\r\n'
b'[    0.669170] RPC: Registered named UNIX socket transport module.\r\n'
b'[    0.675093] RPC: Registered udp transport module.\r\n'
b'[    0.679785] RPC: Registered tcp transport module.\r\n'
b'[    0.684475] RPC: Registered tcp NFSv4.1 backchannel transport module.\r\n'
b'[    0.694570] workingset: timestamp_bits=62 max_order=19 bucket_order=0\r\n'
b'[    0.706699] squashfs: version 4.0 (2009/01/31) Phillip Lougher\r\n'
b'[    0.717126] Block layer SCSI generic (bsg) driver version 0.4 loaded (major 251)\r\n'
b'[    0.724511] io scheduler noop registered\r\n'
b'[    0.728427] io scheduler deadline registered\r\n'
b'[    0.732780] io scheduler cfq registered (default)\r\n'
b'[    0.737478] io scheduler mq-deadline registered\r\n'
b'[    0.741996] io scheduler kyber registered\r\n'
b'[    0.746557] ambarella-gdma e000c000.gdma: Ambarella GDMA driver init\r\n'
b'[    0.753280] e4000000.uart: ttyS0 at MMIO 0xe4000000 (irq = 11, base_baud = 1500000) is a ambuart\r\n'
b'[    0.762359] e0017000.uart: ttyS1 at MMIO 0xe0017000 (irq = 32, base_baud = 1500000) is a ambuart\r\n'
b'[    0.771414] e001a000.uart: ttyS4 at MMIO 0xe001a000 (irq = 33, base_baud = 1500000) is a ambuart\r\n'
b'[    0.780490] cacheinfo: Unable to detect cache hierarchy for CPU 0\r\n'
b'[    0.787164] brd: module loaded\r\n'
b'[    0.796196] loop: module loaded\r\n'
b'[    0.799474] mousedev: PS/2 mouse device common for all mice\r\n'
b'[    0.805363] ambarella-rtc e8001000.rtc: rtc core: registered e8001000.rtc as rtc0\r\n'
b'[    0.812835] ambarella-rtc e8001000.rtc: Warning: RTC lost power.....\r\n'
b'[    0.824493] ambarella-wdt ec002000.wdt: Ambarella Watchdog Timer Probed.\r\n'
b'[    1.183926] ambarella-sd e0004000.sdmmc0: Max frequency is 120000000Hz\r\n'
b'[    1.569894] ambarella-sd e0005000.sdmmc1: Max frequency is 48000000Hz\r\n'
b'[    1.576603] Initializing XFRM netlink socket\r\n'
b'[    1.580879] NET: Registered protocol family 17\r\n'
b'[    1.585339] Key type dns_resolver registered\r\n'
b'[    1.595465] console [netcon0] enabled\r\n'
b'[    1.599138] netconsole: network logging started\r\n'
b'[    1.620580] ambarella-rtc e8001000.rtc: setting system clock to 1970-02-20 06:19:48 UTC (4342788)\r\n'
b'[    1.629819] Waiting for root device /dev/mmcblk0p9...\r\n'
b'[    1.749405] mmc0: new high speed MMC card at address 0001\r\n'
b'[    1.776120] mmcblk0: mmc0:0001 S0J57X 29.6 GiB \r\n'
b'[    1.803089] mmcblk0boot0: mmc0:0001 S0J57X partition 1 31.5 MiB\r\n'
b'[    1.809174] mmcblk0boot1: mmc0:0001 S0J57X partition 2 31.5 MiB\r\n'
b'[    1.825138] mmcblk0rpmb: mmc0:0001 S0J57X partition 3 4.00 MiB, chardev (250:0)\r\n'
b'[    1.844878]  (bst): 0x0000000000000000, 0x0000000000001000\r\n'
b'[    1.850357]  (bld): 0x0000000000001000, 0x0000000000100000\r\n'
b'[    1.855849]  (ptb): 0x0000000000101000, 0x00000000000e0000\r\n'
b'[    1.861336]  (atf): 0x00000000001e1000, 0x0000000000100000\r\n'
b'[    1.866824]  (pba): 0x00000000002e1000, 0x0000000001000000\r\n'
b'[    1.872312]  (pri): 0x00000000012e1000, 0x0000000001000000\r\n'
b'[    1.877799]  (sec): 0x00000000022e1000, 0x0000000040000000\r\n'
b'[    1.883275]  (dsp): 0x00000000422e1000, 0x0000000006400000\r\n'
b'[    1.888750]  (lnx): 0x00000000486e1000, 0x0000000026600000\r\n'
b'[    1.894237]  (add): 0x000000006ece1000, 0x0000000080000000\r\n'
b'[    1.899725]  (raw): 0x00000000eece1000, 0x000000067a31f000\r\n'
b'[    1.905208]  mmcblk0: p1(bst) p2(bld) p3(ptb) p4(atf) p5(pba) p6(pri) p7(sec) p8(dsp) p9(lnx) p10(add) p11(raw)\r\n'
b'[    1.930973] EXT4-fs (mmcblk0p9): mounted filesystem with ordered data mode. Opts: (null)\r\n'
b'[    1.939090] VFS: Mounted root (ext4 filesystem) on device 179:9.\r\n'
b'[    1.945913] devtmpfs: mounted\r\n'
b'[    1.949093] Freeing unused kernel memory: 320K\r\n'
b'[    1.957117] mmc1: new high speed SDHC card at address aaaa\r\n'
b'[    1.962907] mmcblk1: mmc1:aaaa SC32G 29.7 GiB \r\n'
b'[    1.969516] random: fast init done\r\n'
b'[    1.972952]  mmcblk1: p1\r\n'
b'[    2.082358] EXT4-fs (mmcblk0p9): re-mounted. Opts: errors=remount-ro,data=ordered\r\n'
b'net.core.wmem_default = 524288\r\n'
b'net.core.wmem_max = 1048576\r\n'
b'vm.laptop_mode = 0\r\n'
b'vm.min_free_kbytes = 8192\r\n'
b'vm.vfs_cache_pressure = 160\r\n'
b'vm.dirty_expire_centisecs = 600\r\n'
b'vm.dirty_writeback_centisecs = 200\r\n'
b'vm.dirty_ratio = 3\r\n'
b'vm.di[    2.150862] i2c /dev entries driver\r\n'
b'rty_background_ratio = 3\r\n'
b'[    2.163587] ambarella-spi e0011000.spi: Ambarella spi controller 0 created.\r\r\n'
b'[    2.212002] ambad: loading out-of-tree module taints kernel.\r\n'
b'[    2.218202] amba_debug_init 248:0.\r\n'
b'Populating cv22_bmap using udev: Starting version v242-1.amba\r\n'
b'Done\r\n'
b'Loading CV22 private driver: [    2.529990] pps_core: LinuxPPS API ver. 1 registered\r\n'
b'[    2.534967] pps_core: Software ver. 5.3.6 - Copyright 2005-2007 Rodolfo Giometti <giometti@linux.it>\r\n'
b'[    2.554986] pps pps0: new PPS source pps.-1\r\n'
b'[    2.559216] pps pps0: Registered IRQ 39 as PPS source\r\n'
b'[    2.595804] libphy: Fixed MDIO Bus: probed\r\n'
b'[    2.722891] libphy: Ambarella MDIO Bus: probed\r\n'
b'[    2.741029] rtl9000_probe id 1c\r\n'
b'[    2.744415] rtl9000_probe id cb00\r\n'
b'[    2.747910] ambarella-eth e000e000.ethernet: Enhance Ethernet PHY[0]: 0x001ccb00!\r\n'
b'[    2.755941] ambarella-eth e000e000.ethernet: CONFIG_PTP_1588_CLOCK is not set\r\n'
b'[    2.763127] ambarella-eth e000e000.ethernet: MAC Address[f2:da:14:7a:bd:7f].\r\n'
b'modprobe: module ambarella_sd not found in modules.dep\r\n'
b'modprobe: module mmc_block not found in modules.dep\r\n'
b'[    2.839249] usbcore: registered new interface driver usbfs\r\n'
b'[    2.844805] usbcore: registered new interface driver hub\r\n'
