ÖØÆôµÚ 1 ´Î
b'\r\n'
b'# \r\n'
b'# root\r\n'
b'-sh: root: Permission denied\r\n'
b'# \r\n'
b'# reboot\r\n'
b'# [ 8180.781512] EXT4-fs (mmcblk0p9): re-mounted. Opts: (null)\r\n'
b'\rThe system is going down NOW!\r\n'
b'\rSent SIGTERM to all processes\r\n'
b'\rSent SIGKILL to all processes\r\n'
b'\rRequesting system reboot\r\n'
b'[ 8183.483763] hub 2-0:1.0: over-current condition\r\n'
b'[ 8183.521095] ambarella-wdt ec002000.wdt: ambarella_wdt_shutdown @ 5.\r\n'
b'[ 8183.527422] reboot: Restarting system\r\n'
b'\x1b[4l\r\n'
b'[    0.000000] Booting Linux on physical CPU 0x0\r\n'
b'[    0.000000] Linux version 4.14.181 (zy@zy-VirtualBox) (gcc version 8.2.1 20180802 (Linaro GCC 8.2-2018.08~dev)) #1 SMP PREEMPT Thu Oct 15 15:36:17 CST 2020\r\n'
b'[    0.000000] Boot CPU: AArch64 Processor [410fd034]\r\n'
b'[    0.000000] Machine model: Ambarella CV22 Walnut Board\r\n'
b'[    0.000000] Reserved memory: created CMA memory pool at 0x000000003cc00000, size 48 MiB\r\n'
b'[    0.000000] OF: reserved mem: initialized node linux,cma, compatible id shared-dma-pool\r\n'
b'[    0.000000] Reserved memory: created CMA memory pool at 0x0000000040000000, size 508 MiB\r\n'
b'[    0.000000] OF: reserved mem: initialized node iav@0x40000000, compatible id shared-dma-pool\r\n'
b'[    0.000000] Reserved memory: created CMA memory pool at 0x0000000060000000, size 508 MiB\r\n'
b'[    0.000000] OF: reserved mem: initialized node cavalry@0x60000000, compatible id shared-dma-pool\r\n'
b'[    0.000000] percpu: Embedded 19 pages/cpu s38552 r8192 d31080 u77824\r\n'
b'[    0.000000] Detected VIPT I-cache on CPU0\r\n'
b'[    0.000000] CPU features: enabling workaround for ARM erratum 845719\r\n'
b'[    0.000000] Built 1 zonelists, mobility grouping on.  Total pages: 515592\r\n'
b'[    0.000000] Kernel command line: console=ttyS0 noinitrd root=/dev/mmcblk0p9 rw rootfstype=ext4 init=/linuxrc rootwait\r\n'
b'[    0.000000] PID hash table entries: 4096 (order: 3, 32768 bytes)\r\n'
b'[    0.000000] Dentry cache hash table entries: 262144 (order: 9, 2097152 bytes)\r\n'
b'[    0.000000] Inode-cache hash table entries: 131072 (order: 8, 1048576 bytes)\r\n'
b'[    0.000000] Memory: 962048K/2095104K available (4670K kernel code, 432K rwdata, 1336K rodata, 320K init, 224K bss, 43520K reserved, 1089536K cma-reserved)\r\n'
b'[    0.000000] Virtual kernel memory layout:\r\n'
b'[    0.000000]     modules : 0xffffff8000000000 - 0xffffff8008000000   (   128 MB)\r\n'
b'[    0.000000]     vmalloc : 0xffffff8008000000 - 0xffffffbebfff0000   (   250 GB)\r\n'
b'[    0.000000]       .text : 0xffffff8008080000 - 0xffffff8008510000   (  4672 KB)\r\n'
b'[    0.000000]     .rodata : 0xffffff8008510000 - 0xffffff8008670000   (  1408 KB)\r\n'
b'[    0.000000]       .init : 0xffffff8008670000 - 0xffffff80086c0000   (   320 KB)\r\n'
b'[    0.000000]       .data : 0xffffff80086c0000 - 0xffffff800872c008   (   433 KB)\r\n'
b'[    0.000000]        .bss : 0xffffff800872c008 - 0xffffff8008764178   (   225 KB)\r\n'
b'[    0.000000]     fixed   : 0xffffffbefe7fb000 - 0xffffffbefec00000   (  4116 KB)\r\n'
b'[    0.000000]     PCI I/O : 0xffffffbefee00000 - 0xffffffbeffe00000   (    16 MB)\r\n'
b'[    0.000000]     vmemmap : 0xffffffbf00000000 - 0xffffffc000000000   (     4 GB maximum)\r\n'
b'[    0.000000]               0xffffffbf00008000 - 0xffffffbf02000000   (    31 MB actual)\r\n'
b'[    0.000000]     memory  : 0xffffffc000200000 - 0xffffffc080000000   (  2046 MB)\r\n'
b'[    0.000000] SLUB: HWalign=64, Order=0-3, MinObjects=0, CPUs=4, Nodes=1\r\n'
b'[    0.000000] Preemptible hierarchical RCU implementation.\r\n'
b'[    0.000000] \tTasks RCU enabled.\r\n'
b'[    0.000000] NR_IRQS: 64, nr_irqs: 64, preallocated irqs: 0\r\n'
b'[    0.000000] CPU features: GIC system register CPU interface present but disabled by higher exception level\r\n'
b'[    0.000000] arch_timer: cp15 timer(s) running at 47.25MHz (virt).\r\n'
b'[    0.000000] clocksource: arch_sys_counter: mask: 0xffffffffffffff max_cycles: 0xae5b54743, max_idle_ns: 440795204480 ns\r\n'
b'[    0.000005] sched_clock: 56 bits at 47MHz, resolution 21ns, wraps every 4398046511098ns\r\n'
b'[    0.000254] Console: colour dummy device 80x25\r\n'
b'[    0.297564] console [ttyS0] enabled\r\n'
b'[    0.301048] Calibrating delay loop (skipped), value calculated using timer frequency.. 94.50 BogoMIPS (lpj=47250)\r\n'
b'[    0.311288] pid_max: default: 32768 minimum: 301\r\n'
b'[    0.315989] Mount-cache hash table entries: 4096 (order: 3, 32768 bytes)\r\n'
b'[    0.322689] Mountpoint-cache hash table entries: 4096 (order: 3, 32768 bytes)\r\n'
b'[    0.333872] ASID allocator initialised with 32768 entries\r\n'
b'[    0.341282] Hierarchical SRCU implementation.\r\n'
b'[    0.349667] smp: Bringing up secondary CPUs ...\r\n'
b'[    0.361292] Detected VIPT I-cache on CPU1\r\n'
b'[    0.365322] CPU1: Booted secondary processor [410fd034]\r\n'
b'[    0.377382] Detected VIPT I-cache on CPU2\r\n'
b'[    0.381394] CPU2: Booted secondary processor [410fd034]\r\n'
b'[    0.393485] Detected VIPT I-cache on CPU3\r\n'
b'[    0.397497] CPU3: Booted secondary processor [410fd034]\r\n'
b'[    0.402775] smp: Brought up 1 node, 4 CPUs\r\n'
b'[    0.406871] SMP: Total of 4 processors activated.\r\n'
b'[    0.411563] CPU features: detected: 32-bit EL0 Support\r\n'
b'[    0.417183] CPU: All CPU(s) started at EL1\r\n'
b'[    0.421282] alternatives: patching kernel code\r\n'
b'[    0.426836] devtmpfs: initialized\r\n'
b'[    0.435932] random: get_random_u32 called from bucket_table_alloc+0x108/0x268 with crng_init=0\r\n'
b'[    0.444871] clocksource: jiffies: mask: 0xffffffff max_cycles: 0xffffffff, max_idle_ns: 1911260446275000 ns\r\n'
b'[    0.454599] futex hash table entries: 1024 (order: 5, 131072 bytes)\r\n'
b'[    0.503058] pinctrl core: initialized pinctrl subsystem\r\n'
b'[    0.508618] NET: Registered protocol family 16\r\n'
b'[    0.513747] vdso: 2 pages (1 code @ ffffff8008515000, 1 data @ ffffff80086c4000)\r\n'
b'[    0.528116] DMA: preallocated 256 KiB pool for atomic allocations\r\n'
b'[    0.537411] ambarella-pinctrl ec003000.pinctrl: Ambarella pinctrl driver registered\r\n'
b'[    0.545769] ambarella-gpio ec003000.pinctrl:gpio@0: Ambarella GPIO driver registered\r\n'
b'[    0.560393] HugeTLB registered 2.00 MiB page size, pre-allocated 0 pages\r\n'
b'[    0.568188] ambarella-dma e0020000.dma: Ambarella DMA Engine \r\n'
b'[    0.574516] ambarella-dma e0021000.dma: Ambarella DMA Engine \r\n'
b'[    0.580746] ambarella-i2c e4008000.i2c: Ambarella I2C adapter[0] probed, clock:100000!\r\n'
b'[    0.588855] ambarella-i2c e4009000.i2c: Ambarella I2C adapter[1] probed, clock:100000!\r\n'
b'[    0.596957] ambarella-i2c e400a000.i2c: Ambarella I2C adapter[2] probed, clock:100000!\r\n'
b'[    0.605056] ambarella-i2c e400b000.i2c: Ambarella I2C adapter[3] probed, clock:100000!\r\n'
b'[    0.613858] clocksource: Switched to clocksource arch_sys_counter\r\n'
b'[    0.626187] NET: Registered protocol family 2\r\n'
b'[    0.630987] TCP established hash table entries: 16384 (order: 5, 131072 bytes)\r\n'
b'[    0.638357] TCP bind hash table entries: 16384 (order: 6, 262144 bytes)\r\n'
b'[    0.645290] TCP: Hash tables configured (established 16384 bind 16384)\r\n'
b'[    0.651935] UDP hash table entries: 1024 (order: 3, 32768 bytes)\r\n'
b'[    0.657988] UDP-Lite hash table entries: 1024 (order: 3, 32768 bytes)\r\n'
b'[    0.664568] NET: Registered protocol family 1\r\n'
b'[    0.669219] RPC: Registered named UNIX socket transport module.\r\n'
b'[    0.675142] RPC: Registered udp transport module.\r\n'
b'[    0.679834] RPC: Registered tcp transport module.\r\n'
b'[    0.684524] RPC: Registered tcp NFSv4.1 backchannel transport module.\r\n'
b'[    0.694642] workingset: timestamp_bits=62 max_order=19 bucket_order=0\r\n'
b'[    0.706773] squashfs: version 4.0 (2009/01/31) Phillip Lougher\r\n'
b'[    0.717151] Block layer SCSI generic (bsg) driver version 0.4 loaded (major 251)\r\n'
b'[    0.724536] io scheduler noop registered\r\n'
b'[    0.728452] io scheduler deadline registered\r\n'
b'[    0.732808] io scheduler cfq registered (default)\r\n'
b'[    0.737506] io scheduler mq-deadline registered\r\n'
b'[    0.742024] io scheduler kyber registered\r\n'
b'[    0.746593] ambarella-gdma e000c000.gdma: Ambarella GDMA driver init\r\n'
b'[    0.753320] e4000000.uart: ttyS0 at MMIO 0xe4000000 (irq = 11, base_baud = 1500000) is a ambuart\r\n'
b'[    0.762403] e0017000.uart: ttyS1 at MMIO 0xe0017000 (irq = 32, base_baud = 1500000) is a ambuart\r\n'
b'[    0.771457] e001a000.uart: ttyS4 at MMIO 0xe001a000 (irq = 33, base_baud = 1500000) is a ambuart\r\n'
b'[    0.780530] cacheinfo: Unable to detect cache hierarchy for CPU 0\r\n'
b'[    0.787216] brd: module loaded\r\n'
b'[    0.796281] loop: module loaded\r\n'
b'[    0.799569] mousedev: PS/2 mouse device common for all mice\r\n'
b'[    0.805464] ambarella-rtc e8001000.rtc: rtc core: registered e8001000.rtc as rtc0\r\n'
b'[    0.812938] ambarella-rtc e8001000.rtc: Warning: RTC lost power.....\r\n'
b'[    0.824508] ambarella-wdt ec002000.wdt: Ambarella Watchdog Timer Probed.\r\n'
b'[    1.184934] ambarella-sd e0004000.sdmmc0: Max frequency is 120000000Hz\r\n'
b'[    1.570903] ambarella-sd e0005000.sdmmc1: Max frequency is 48000000Hz\r\n'
b'[    1.577614] Initializing XFRM netlink socket\r\n'
b'[    1.581889] NET: Registered protocol family 17\r\n'
b'[    1.586353] Key type dns_resolver registered\r\n'
b'[    1.596471] console [netcon0] enabled\r\n'
b'[    1.600144] netconsole: network logging started\r\n'
b'[    1.621596] ambarella-rtc e8001000.rtc: setting system clock to 1970-02-20 06:19:48 UTC (4342788)\r\n'
b'[    1.630838] Waiting for root device /dev/mmcblk0p9...\r\n'
b'[    1.750414] mmc0: new high speed MMC card at address 0001\r\n'
b'[    1.777127] mmcblk0: mmc0:0001 S0J57X 29.6 GiB \r\n'
b'[    1.804096] mmcblk0boot0: mmc0:0001 S0J57X partition 1 31.5 MiB\r\n'
b'[    1.810185] mmcblk0boot1: mmc0:0001 S0J57X partition 2 31.5 MiB\r\n'
b'[    1.826149] mmcblk0rpmb: mmc0:0001 S0J57X partition 3 4.00 MiB, chardev (250:0)\r\n'
b'[    1.845886]  (bst): 0x0000000000000000, 0x0000000000001000\r\n'
b'[    1.851366]  (bld): 0x0000000000001000, 0x0000000000100000\r\n'
b'[    1.856858]  (ptb): 0x0000000000101000, 0x00000000000e0000\r\n'
b'[    1.862345]  (atf): 0x00000000001e1000, 0x0000000000100000\r\n'
b'[    1.867834]  (pba): 0x00000000002e1000, 0x0000000001000000\r\n'
b'[    1.873322]  (pri): 0x00000000012e1000, 0x0000000001000000\r\n'
b'[    1.878808]  (sec): 0x00000000022e1000, 0x0000000040000000\r\n'
b'[    1.884284]  (dsp): 0x00000000422e1000, 0x0000000006400000\r\n'
b'[    1.889759]  (lnx): 0x00000000486e1000, 0x0000000026600000\r\n'
b'[    1.895247]  (add): 0x000000006ece1000, 0x0000000080000000\r\n'
b'[    1.900734]  (raw): 0x00000000eece1000, 0x000000067a31f000\r\n'
b'[    1.906217]  mmcblk0: p1(bst) p2(bld) p3(ptb) p4(atf) p5(pba) p6(pri) p7(sec) p8(dsp) p9(lnx) p10(add) p11(raw)\r\n'
b'[    1.931268] EXT4-fs (mmcblk0p9): mounted filesystem with ordered data mode. Opts: (null)\r\n'
b'[    1.939387] VFS: Mounted root (ext4 filesystem) on device 179:9.\r\n'
b'[    1.946272] devtmpfs: mounted\r\n'
b'[    1.949463] Freeing unused kernel memory: 320K\r\n'
b'[    1.958630] mmc1: new high speed SDHC card at address aaaa\r\n'
b'[    1.964410] mmcblk1: mmc1:aaaa SC32G 29.7 GiB \r\n'
b'[    1.970237] random: fast init done\r\n'
b'[    1.973667]  mmcblk1: p1\r\n'
b'[    2.081388] EXT4-fs (mmcblk0p9): re-mounted. Opts: errors=remount-ro,data=ordered\r\n'
b'net.core.wmem_default = 524288\r\n'
b'net.core.wmem_max = 1048576\r\n'
b'vm.laptop_mode = 0\r\n'
b'vm.min_free_kbytes = 8192\r\n'
b'vm.vfs_cache_pressure = 160\r\n'
b'vm.dirty_expire_centisecs = 600\r\n'
b'vm.dirty_writeback_centisecs = 200\r\n'
b'vm.dirty_ratio = 3\r\n'
b'vm.di[    2.150237] i2c /dev entries driver\r\n'
b'rty_background_ratio = 3\r\n'
b'[    2.162614] ambarella-spi e0011000.spi: Ambarella spi controller 0 created.\r\r\n'
b'[    2.210722] ambad: loading out-of-tree module taints kernel.\r\n'
b'[    2.216923] amba_debug_init 248:0.\r\n'
b'Populating cv22_bmap using udev: Starting version v242-1.amba\r\n'
b'Done\r\n'
b'Loading CV22 private driver: [    2.577092] pps_core: LinuxPPS API ver. 1 registered\r\n'
b'[    2.582068] pps_core: Software ver. 5.3.6 - Copyright 2005-2007 Rodolfo Giometti <giometti@linux.it>\r\n'
b'[    2.598073] pps pps0: new PPS source pps.-1\r\n'
b'[    2.602313] pps pps0: Registered IRQ 39 as PPS source\r\n'
b'[    2.705543] libphy: Fixed MDIO Bus: probed\r\n'
b'[    2.871890] libphy: Ambarella MDIO Bus: probed\r\n'
b'[    2.884999] rtl9000_probe id 1c\r\n'
b'[    2.888184] rtl9000_probe id cb00\r\n'
b'[    2.891622] ambarella-eth e000e000.ethernet: Enhance Ethernet PHY[0]: 0x001ccb00!\r\n'
b'[    2.899951] ambarella-eth e000e000.ethernet: CONFIG_PTP_1588_CLOCK is not set\r\n'
b'[    2.907152] ambarella-eth e000e000.ethernet: MAC Address[6a:ba:de:8d:76:78].\r\n'
b'[    2.914550] EXT4-fs (mmcblk0p7): Unrecognized mount option "flush" or missing value\r\n'
b'modprobe: module ambarella_sd not found in modules.dep\r\n'
b'modprobe: module mmc_block not found in modules.dep\r\n'
b'[    2.959964] EXT4-fs (mmcblk0p8): Unrecognized mount option "flush" or missing value\r\n'
b'[    2.965299] usbcore: registered new interface driver usbfs\r\n'
b'[    2.973780] usbcore: registered new interface driver hub\r\n'
b'[    2.979656] usbcore: registered new device driver usb\r\n'
b"[    2.991115] ehci_hcd: USB 2.0 'Enhanced' Host Controller (EHCI) Driver\r\n"
b'[    3.003124] ehci-ambarella: AMBARELLA-EHCI Host Controller driver\r\n'
b'[    3.009503] ambarella-ehci e001f000.ehci: EHCI Host Controller\r\n'
b'[    3.015384] ambarella-ehci e001f000.ehci: new USB bus registered, assigned bus number 1\r\n'
b'[    3.027295] ambarella-ehci e001f000.ehci: irq 26, io mem 0xe001f000\r\n'
b'[    3.038112] FAT-fs (mmcblk1p1): Volume was not properly unmounted. Some data may be corrupt. Please run fsck.\r\n'
b'[    3.039869] ambarella-ehci e001f000.ehci: USB 2.0 started, EHCI 1.00\r\n'
b'[    3.054543] usb usb1: New USB device found, idVendor=1d6b, idProduct=0002\r\n'
b'[    3.061329] usb usb1: New USB device strings: Mfr=3, Product=2, SerialNumber=1\r\n'
b'[    3.068556] usb usb1: Product: EHCI Host Controller\r\n'
b'[    3.073427] usb usb1: Manufacturer: Linux 4.14.181 ehci_hcd\r\n'
b'[    3.078990] usb usb1: SerialNumber: AmbUSB\r\n'
b'[    3.083583] hub 1-0:1.0: USB hub found\r\n'
b'[    3.087926] hub 1-0:1.0: 1 port detected\r\n'
b"[    3.102687] ohci_hcd: USB 1.1 'Open' Host Controller (OHCI) Driver\r\n"
b'[    3.109116] ambarella-ohci e001e000.ohci: Ambarella OHCI\r\n'
b'[    3.114440] ambarella-ohci e001e000.ohci: new USB bus registered, assigned bus number 2\r\n'
b'[    3.122483] ambarella-ohci e001e000.ohci: irq 25, io mem 0xe001e000\r\n'
b'[    3.185052] usb usb2: New USB device found, idVendor=1d6b, idProduct=0001\r\n'
b'[    3.191835] usb usb2: New USB device strings: Mfr=3, Product=2, SerialNumber=1\r\n'
b'[    3.199044] usb usb2: Product: Ambarella OHCI\r\n'
b'[    3.203391] usb usb2: Manufacturer: Linux 4.14.181 ohci_hcd\r\n'
b'[    3.208951] usb usb2: SerialNumber: AmbUSB\r\n'
b'[    3.213485] hub 2-0:1.0: USB hub found\r\n'
b'[    3.217257] hub 2-0:1.0: 1 port detected\r\n'
b'[    3.231757] ambarella-udc e0006000.udc: ambarella_udc: version 21 Jan 2016\r\n'
b'[    3.267758] using random self ethernet address\r\n'
b'[    3.272205] using random host ethernet address\r\n'
b'[    3.277070] usb0: HOST MAC 6e:80:06:8e:3d:a7\r\n'
b'[    3.281409] usb0: MAC a2:41:ef:f9:04:00\r\n'
b'[    3.285273] using random self ethernet address\r\n'
b'[    3.289709] using random host ethernet address\r\n'
b'[    3.294211] g_ether gadget: Ethernet Gadget, version: Memorial Day 2008\r\n'
b'[    3.300819] g_ether gadget: g_ether ready\r\n'
b'Install Auido...\r\n'
b'[    3.404909] usb usb1-port1: over-current condition\r\n'
b'[    3.491077] asoc-simple-card sound: nau8822-hifi <-> e001d000.i2s mapping ok\r\n'
b'[    3.499063] asoc-simple-card sound: amba_dummy_codec <-> e001d000.i2s mapping ok\r\n'
b'[    3.506756] g_ether gadget: high-speed config #2: RNDIS\r\n'
b'OK!\r\n'
